Archive member included to satisfy reference by file (symbol)

c:/programmer_p/codecomposer/ccsv8/tools/compiler/gcc-arm-none-eabi-7-2017-q4-major-win32/bin/../lib/gcc/arm-none-eabi/7.2.1/../../../../arm-none-eabi/lib/thumb/v7e-m/fpv4-sp/hard\libg.a(lib_a-assert.o)
                              ./task_manager.o (__assert_func)
c:/programmer_p/codecomposer/ccsv8/tools/compiler/gcc-arm-none-eabi-7-2017-q4-major-win32/bin/../lib/gcc/arm-none-eabi/7.2.1/../../../../arm-none-eabi/lib/thumb/v7e-m/fpv4-sp/hard\libg.a(lib_a-exit.o)
                              c:/programmer_p/codecomposer/ccsv8/tools/compiler/gcc-arm-none-eabi-7-2017-q4-major-win32/bin/../lib/gcc/arm-none-eabi/7.2.1/../../../../arm-none-eabi/lib/thumb/v7e-m/fpv4-sp/hard/crt0.o (exit)
c:/programmer_p/codecomposer/ccsv8/tools/compiler/gcc-arm-none-eabi-7-2017-q4-major-win32/bin/../lib/gcc/arm-none-eabi/7.2.1/../../../../arm-none-eabi/lib/thumb/v7e-m/fpv4-sp/hard\libg.a(lib_a-fiprintf.o)
                              c:/programmer_p/codecomposer/ccsv8/tools/compiler/gcc-arm-none-eabi-7-2017-q4-major-win32/bin/../lib/gcc/arm-none-eabi/7.2.1/../../../../arm-none-eabi/lib/thumb/v7e-m/fpv4-sp/hard\libg.a(lib_a-assert.o) (fiprintf)
c:/programmer_p/codecomposer/ccsv8/tools/compiler/gcc-arm-none-eabi-7-2017-q4-major-win32/bin/../lib/gcc/arm-none-eabi/7.2.1/../../../../arm-none-eabi/lib/thumb/v7e-m/fpv4-sp/hard\libg.a(lib_a-impure.o)
                              c:/programmer_p/codecomposer/ccsv8/tools/compiler/gcc-arm-none-eabi-7-2017-q4-major-win32/bin/../lib/gcc/arm-none-eabi/7.2.1/../../../../arm-none-eabi/lib/thumb/v7e-m/fpv4-sp/hard\libg.a(lib_a-exit.o) (_global_impure_ptr)
c:/programmer_p/codecomposer/ccsv8/tools/compiler/gcc-arm-none-eabi-7-2017-q4-major-win32/bin/../lib/gcc/arm-none-eabi/7.2.1/../../../../arm-none-eabi/lib/thumb/v7e-m/fpv4-sp/hard\libg.a(lib_a-init.o)
                              c:/programmer_p/codecomposer/ccsv8/tools/compiler/gcc-arm-none-eabi-7-2017-q4-major-win32/bin/../lib/gcc/arm-none-eabi/7.2.1/../../../../arm-none-eabi/lib/thumb/v7e-m/fpv4-sp/hard/crt0.o (__libc_init_array)
c:/programmer_p/codecomposer/ccsv8/tools/compiler/gcc-arm-none-eabi-7-2017-q4-major-win32/bin/../lib/gcc/arm-none-eabi/7.2.1/../../../../arm-none-eabi/lib/thumb/v7e-m/fpv4-sp/hard\libg.a(lib_a-memcpy.o)
                              ./queue.o (memcpy)
c:/programmer_p/codecomposer/ccsv8/tools/compiler/gcc-arm-none-eabi-7-2017-q4-major-win32/bin/../lib/gcc/arm-none-eabi/7.2.1/../../../../arm-none-eabi/lib/thumb/v7e-m/fpv4-sp/hard\libg.a(lib_a-memset.o)
                              c:/programmer_p/codecomposer/ccsv8/tools/compiler/gcc-arm-none-eabi-7-2017-q4-major-win32/bin/../lib/gcc/arm-none-eabi/7.2.1/../../../../arm-none-eabi/lib/thumb/v7e-m/fpv4-sp/hard/crt0.o (memset)
c:/programmer_p/codecomposer/ccsv8/tools/compiler/gcc-arm-none-eabi-7-2017-q4-major-win32/bin/../lib/gcc/arm-none-eabi/7.2.1/../../../../arm-none-eabi/lib/thumb/v7e-m/fpv4-sp/hard\libg.a(lib_a-syswait.o)
                              ./angle_meter.o (wait)
c:/programmer_p/codecomposer/ccsv8/tools/compiler/gcc-arm-none-eabi-7-2017-q4-major-win32/bin/../lib/gcc/arm-none-eabi/7.2.1/../../../../arm-none-eabi/lib/thumb/v7e-m/fpv4-sp/hard\libg.a(lib_a-vfiprintf.o)
                              c:/programmer_p/codecomposer/ccsv8/tools/compiler/gcc-arm-none-eabi-7-2017-q4-major-win32/bin/../lib/gcc/arm-none-eabi/7.2.1/../../../../arm-none-eabi/lib/thumb/v7e-m/fpv4-sp/hard\libg.a(lib_a-fiprintf.o) (_vfiprintf_r)
c:/programmer_p/codecomposer/ccsv8/tools/compiler/gcc-arm-none-eabi-7-2017-q4-major-win32/bin/../lib/gcc/arm-none-eabi/7.2.1/../../../../arm-none-eabi/lib/thumb/v7e-m/fpv4-sp/hard\libg.a(lib_a-wsetup.o)
                              c:/programmer_p/codecomposer/ccsv8/tools/compiler/gcc-arm-none-eabi-7-2017-q4-major-win32/bin/../lib/gcc/arm-none-eabi/7.2.1/../../../../arm-none-eabi/lib/thumb/v7e-m/fpv4-sp/hard\libg.a(lib_a-vfiprintf.o) (__swsetup_r)
c:/programmer_p/codecomposer/ccsv8/tools/compiler/gcc-arm-none-eabi-7-2017-q4-major-win32/bin/../lib/gcc/arm-none-eabi/7.2.1/../../../../arm-none-eabi/lib/thumb/v7e-m/fpv4-sp/hard\libg.a(lib_a-__call_atexit.o)
                              c:/programmer_p/codecomposer/ccsv8/tools/compiler/gcc-arm-none-eabi-7-2017-q4-major-win32/bin/../lib/gcc/arm-none-eabi/7.2.1/../../../../arm-none-eabi/lib/thumb/v7e-m/fpv4-sp/hard\libg.a(lib_a-exit.o) (__call_exitprocs)
c:/programmer_p/codecomposer/ccsv8/tools/compiler/gcc-arm-none-eabi-7-2017-q4-major-win32/bin/../lib/gcc/arm-none-eabi/7.2.1/../../../../arm-none-eabi/lib/thumb/v7e-m/fpv4-sp/hard\libg.a(lib_a-abort.o)
                              c:/programmer_p/codecomposer/ccsv8/tools/compiler/gcc-arm-none-eabi-7-2017-q4-major-win32/bin/../lib/gcc/arm-none-eabi/7.2.1/../../../../arm-none-eabi/lib/thumb/v7e-m/fpv4-sp/hard\libg.a(lib_a-assert.o) (abort)
[...]
Memory Configuration

Name             Origin             Length             Attributes
FLASH            0x00000000         0x00040000         xr
SRAM             0x20000000         0x00008000         xw
*default*        0x00000000         0xffffffff

Linker script and memory map

LOAD c:/programmer_p/codecomposer/ccsv8/tools/compiler/gcc-arm-none-eabi-7-2017-q4-major-win32/bin/../lib/gcc/arm-none-eabi/7.2.1/thumb/v7e-m/fpv4-sp/hard/crti.o
LOAD c:/programmer_p/codecomposer/ccsv8/tools/compiler/gcc-arm-none-eabi-7-2017-q4-major-win32/bin/../lib/gcc/arm-none-eabi/7.2.1/thumb/v7e-m/fpv4-sp/hard/crtbegin.o
LOAD c:/programmer_p/codecomposer/ccsv8/tools/compiler/gcc-arm-none-eabi-7-2017-q4-major-win32/bin/../lib/gcc/arm-none-eabi/7.2.1/../../../../arm-none-eabi/lib/thumb/v7e-m/fpv4-sp/hard/crt0.o
LOAD ./angle_meter.o
LOAD ./drehimpulsgeber.o
LOAD ./gpio.o
LOAD ./heap_2.o
LOAD ./lcd.o
LOAD ./list.o
LOAD ./main.o
LOAD ./port.o
LOAD ./queue.o
LOAD ./queue_lcd.o
LOAD ./startup_frt.o
LOAD ./systick_frt.o
LOAD ./task_manager.o
LOAD ./tasks.o
                0x00000000                PROVIDE (_intvecs_base_address, 0x0)

.intvecs        0x00000000      0x26c
 *(.intvecs)
 .intvecs       0x00000000      0x26c ./startup_frt.o
                0x00000000                g_pfnVectors
                0x20000000                PROVIDE (_vtable_base_address, 0x20000000)

.vtable
 *(.vtable)

.text           0x00000280     0x6054
 CREATE_OBJECT_SYMBOLS
 *(.text)
 .text          0x00000280        0x0 c:/programmer_p/codecomposer/ccsv8/tools/compiler/gcc-arm-none-eabi-7-2017-q4-major-win32/bin/../lib/gcc/arm-none-eabi/7.2.1/thumb/v7e-m/fpv4-sp/hard/crti.o
 .text          0x00000280       0x40 c:/programmer_p/codecomposer/ccsv8/tools/compiler/gcc-arm-none-eabi-7-2017-q4-major-win32/bin/../lib/gcc/arm-none-eabi/7.2.1/thumb/v7e-m/fpv4-sp/hard/crtbegin.o
 .text          0x000002c0       0x74 c:/programmer_p/codecomposer/ccsv8/tools/compiler/gcc-arm-none-eabi-7-2017-q4-major-win32/bin/../lib/gcc/arm-none-eabi/7.2.1/../../../../arm-none-eabi/lib/thumb/v7e-m/fpv4-sp/hard/crt0.o
                0x000002c0                _start
                0x000002c0                _mainCRTStartup
 .text          0x00000334        0x0 ./angle_meter.o
 .text          0x00000334        0x0 ./drehimpulsgeber.o
 .text          0x00000334        0x0 ./gpio.o
 .text          0x00000334        0x0 ./heap_2.o
 .text          0x00000334        0x0 ./lcd.o
 .text          0x00000334        0x0 ./list.o
 .text          0x00000334        0x0 ./main.o
 .text          0x00000334        0x0 ./port.o
 .text          0x00000334        0x0 ./queue.o
 .text          0x00000334        0x0 ./queue_lcd.o
 .text          0x00000334        0x0 ./startup_frt.o
 .text          0x00000334        0x0 ./systick_frt.o
 .text          0x00000334        0x0 ./task_manager.o
 .text          0x00000334        0x0 ./tasks.o
 .text          0x00000334        0x0 c:/programmer_p/codecomposer/ccsv8/tools/compiler/gcc-arm-none-eabi-7-2017-q4-major-win32/bin/../lib/gcc/arm-none-eabi/7.2.1/../../../../arm-none-eabi/lib/thumb/v7e-m/fpv4-sp/hard\libg.a(lib_a-assert.o)
 .text          0x00000334        0x0 c:/programmer_p/codecomposer/ccsv8/tools/compiler/gcc-arm-none-eabi-7-2017-q4-major-win32/bin/../lib/gcc/arm-none-eabi/7.2.1/../../../../arm-none-eabi/lib/thumb/v7e-m/fpv4-sp/hard\libg.a(lib_a-exit.o)
 .text          0x00000334        0x0 c:/programmer_p/codecomposer/ccsv8/tools/compiler/gcc-arm-none-eabi-7-2017-q4-major-win32/bin/../lib/gcc/arm-none-eabi/7.2.1/../../../../arm-none-eabi/lib/thumb/v7e-m/fpv4-sp/hard\libg.a(lib_a-fiprintf.o)
 .text          0x00000334        0x0 c:/programmer_p/codecomposer/ccsv8/tools/compiler/gcc-arm-none-eabi-7-2017-q4-major-win32/bin/../lib/gcc/arm-none-eabi/7.2.1/../../../../arm-none-eabi/lib/thumb/v7e-m/fpv4-sp/hard\libg.a(lib_a-impure.o)
 .text          0x00000334        0x0 c:/programmer_p/codecomposer/ccsv8/tools/compiler/gcc-arm-none-eabi-7-2017-q4-major-win32/bin/../lib/gcc/arm-none-eabi/7.2.1/../../../../arm-none-eabi/lib/thumb/v7e-m/fpv4-sp/hard\libg.a(lib_a-init.o)
 .text          0x00000334      0x134 c:/programmer_p/codecomposer/ccsv8/tools/compiler/gcc-arm-none-eabi-7-2017-q4-major-win32/bin/../lib/gcc/arm-none-eabi/7.2.1/../../../../arm-none-eabi/lib/thumb/v7e-m/fpv4-sp/hard\libg.a(lib_a-memcpy.o)
                0x00000334                memcpy
 .text          0x00000468        0x0 c:/programmer_p/codecomposer/ccsv8/tools/compiler/gcc-arm-none-eabi-7-2017-q4-major-win32/bin/../lib/gcc/arm-none-eabi/7.2.1/../../../../arm-none-eabi/lib/thumb/v7e-m/fpv4-sp/hard\libg.a(lib_a-memset.o)
 .text          0x00000468        0x0 c:/programmer_p/codecomposer/ccsv8/tools/compiler/gcc-arm-none-eabi-7-2017-q4-major-win32/bin/../lib/gcc/arm-none-eabi/7.2.1/../../../../arm-none-eabi/lib/thumb/v7e-m/fpv4-sp/hard\libg.a(lib_a-syswait.o)
 .text          0x00000468        0x0 c:/programmer_p/codecomposer/ccsv8/tools/compiler/gcc-arm-none-eabi-7-2017-q4-major-win32/bin/../lib/gcc/arm-none-eabi/7.2.1/../../../../arm-none-eabi/lib/thumb/v7e-m/fpv4-sp/hard\libg.a(lib_a-vfiprintf.o)
 .text          0x00000468        0x0 c:/programmer_p/codecomposer/ccsv8/tools/compiler/gcc-arm-none-eabi-7-2017-q4-major-win32/bin/../lib/gcc/arm-none-eabi/7.2.1/../../../../arm-none-eabi/lib/thumb/v7e-m/fpv4-sp/hard\libg.a(lib_a-wsetup.o)
 .text          0x00000468        0x0 c:/programmer_p/codecomposer/ccsv8/tools/compiler/gcc-arm-none-eabi-7-2017-q4-major-win32/bin/../lib/gcc/arm-none-eabi/7.2.1/../../../../arm-none-eabi/lib/thumb/v7e-m/fpv4-sp/hard\libg.a(lib_a-__call_atexit.o)
 .text          0x00000468        0x0 c:/programmer_p/codecomposer/ccsv8/tools/compiler/gcc-arm-none-eabi-7-2017-q4-major-win32/bin/../lib/gcc/arm-none-eabi/7.2.1/../../../../arm-none-eabi/lib/thumb/v7e-m/fpv4-sp/hard\libg.a(lib_a-abort.o)
 .text          0x00000468        0x0 c:/programmer_p/codecomposer/ccsv8/tools/compiler/gcc-arm-none-eabi-7-2017-q4-major-win32/bin/../lib/gcc/arm-none-eabi/7.2.1/../../../../arm-none-eabi/lib/thumb/v7e-m/fpv4-sp/hard\libg.a(lib_a-atexit.o)
 .text          0x00000468        0x0 c:/programmer_p/codecomposer/ccsv8/tools/compiler/gcc-arm-none-eabi-7-2017-q4-major-win32/bin/../lib/gcc/arm-none-eabi/7.2.1/../../../../arm-none-eabi/lib/thumb/v7e-m/fpv4-sp/hard\libg.a(lib_a-execr.o)
 .text          0x00000468        0x0 c:/programmer_p/codecomposer/ccsv8/tools/compiler/gcc-arm-none-eabi-7-2017-q4-major-win32/bin/../lib/gcc/arm-none-eabi/7.2.1/../../../../arm-none-eabi/lib/thumb/v7e-m/fpv4-sp/hard\libg.a(lib_a-fflush.o)
 .text          0x00000468        0x0 c:/programmer_p/codecomposer/ccsv8/tools/compiler/gcc-arm-none-eabi-7-2017-q4-major-win32/bin/../lib/gcc/arm-none-eabi/7.2.1/../../../../arm-none-eabi/lib/thumb/v7e-m/fpv4-sp/hard\libg.a(lib_a-findfp.o)
 .text          0x00000468        0x0 c:/programmer_p/codecomposer/ccsv8/tools/compiler/gcc-arm-none-eabi-7-2017-q4-major-win32/bin/../lib/gcc/arm-none-eabi/7.2.1/../../../../arm-none-eabi/lib/thumb/v7e-m/fpv4-sp/hard\libg.a(lib_a-fini.o)
 .text          0x00000468        0x0 c:/programmer_p/codecomposer/ccsv8/tools/compiler/gcc-arm-none-eabi-7-2017-q4-major-win32/bin/../lib/gcc/arm-none-eabi/7.2.1/../../../../arm-none-eabi/lib/thumb/v7e-m/fpv4-sp/hard\libg.a(lib_a-fputwc.o)
 .text          0x00000468        0x0 c:/programmer_p/codecomposer/ccsv8/tools/compiler/gcc-arm-none-eabi-7-2017-q4-major-win32/bin/../lib/gcc/arm-none-eabi/7.2.1/../../../../arm-none-eabi/lib/thumb/v7e-m/fpv4-sp/hard\libg.a(lib_a-freer.o)
 .text          0x00000468        0x0 c:/programmer_p/codecomposer/ccsv8/tools/compiler/gcc-arm-none-eabi-7-2017-q4-major-win32/bin/../lib/gcc/arm-none-eabi/7.2.1/../../../../arm-none-eabi/lib/thumb/v7e-m/fpv4-sp/hard\libg.a(lib_a-fvwrite.o)
 .text          0x00000468        0x0 c:/programmer_p/codecomposer/ccsv8/tools/compiler/gcc-arm-none-eabi-7-2017-q4-major-win32/bin/../lib/gcc/arm-none-eabi/7.2.1/../../../../arm-none-eabi/lib/thumb/v7e-m/fpv4-sp/hard\libg.a(lib_a-fwalk.o)
 .text          0x00000468        0x0 c:/programmer_p/codecomposer/ccsv8/tools/compiler/gcc-arm-none-eabi-7-2017-q4-major-win32/bin/../lib/gcc/arm-none-eabi/7.2.1/../../../../arm-none-eabi/lib/thumb/v7e-m/fpv4-sp/hard\libg.a(lib_a-locale.o)
 .text          0x00000468        0x0 c:/programmer_p/codecomposer/ccsv8/tools/compiler/gcc-arm-none-eabi-7-2017-q4-major-win32/bin/../lib/gcc/arm-none-eabi/7.2.1/../../../../arm-none-eabi/lib/thumb/v7e-m/fpv4-sp/hard\libg.a(lib_a-lock.o)
 .text          0x00000468        0x0 c:/programmer_p/codecomposer/ccsv8/tools/compiler/gcc-arm-none-eabi-7-2017-q4-major-win32/bin/../lib/gcc/arm-none-eabi/7.2.1/../../../../arm-none-eabi/lib/thumb/v7e-m/fpv4-sp/hard\libg.a(lib_a-makebuf.o)
 .text          0x00000468        0x0 c:/programmer_p/codecomposer/ccsv8/tools/compiler/gcc-arm-none-eabi-7-2017-q4-major-win32/bin/../lib/gcc/arm-none-eabi/7.2.1/../../../../arm-none-eabi/lib/thumb/v7e-m/fpv4-sp/hard\libg.a(lib_a-mallocr.o)
 .text          0x00000468        0x0 c:/programmer_p/codecomposer/ccsv8/tools/compiler/gcc-arm-none-eabi-7-2017-q4-major-win32/bin/../lib/gcc/arm-none-eabi/7.2.1/../../../../arm-none-eabi/lib/thumb/v7e-m/fpv4-sp/hard\libg.a(lib_a-mbtowc_r.o)
 *fill*         0x00000468        0x8 
 .text          0x00000470       0xa0 c:/programmer_p/codecomposer/ccsv8/tools/compiler/gcc-arm-none-eabi-7-2017-q4-major-win32/bin/../lib/gcc/arm-none-eabi/7.2.1/../../../../arm-none-eabi/lib/thumb/v7e-m/fpv4-sp/hard\libg.a(lib_a-memchr.o)
                0x00000470                memchr
 .text          0x00000510        0x0 c:/programmer_p/codecomposer/ccsv8/tools/compiler/gcc-arm-none-eabi-7-2017-q4-major-win32/bin/../lib/gcc/arm-none-eabi/7.2.1/../../../../arm-none-eabi/lib/thumb/v7e-m/fpv4-sp/hard\libg.a(lib_a-memmove.o)
 .text          0x00000510        0x0 c:/programmer_p/codecomposer/ccsv8/tools/compiler/gcc-arm-none-eabi-7-2017-q4-major-win32/bin/../lib/gcc/arm-none-eabi/7.2.1/../../../../arm-none-eabi/lib/thumb/v7e-m/fpv4-sp/hard\libg.a(lib_a-mlock.o)
 .text          0x00000510        0x0 c:/programmer_p/codecomposer/ccsv8/tools/compiler/gcc-arm-none-eabi-7-2017-q4-major-win32/bin/../lib/gcc/arm-none-eabi/7.2.1/../../../../arm-none-eabi/lib/thumb/v7e-m/fpv4-sp/hard\libg.a(lib_a-reallocr.o)
 .text          0x00000510        0x0 c:/programmer_p/codecomposer/ccsv8/tools/compiler/gcc-arm-none-eabi-7-2017-q4-major-win32/bin/../lib/gcc/arm-none-eabi/7.2.1/../../../../arm-none-eabi/lib/thumb/v7e-m/fpv4-sp/hard\libg.a(lib_a-reent.o)
 .text          0x00000510        0x0 c:/programmer_p/codecomposer/ccsv8/tools/compiler/gcc-arm-none-eabi-7-2017-q4-major-win32/bin/../lib/gcc/arm-none-eabi/7.2.1/../../../../arm-none-eabi/lib/thumb/v7e-m/fpv4-sp/hard\libg.a(lib_a-sbrkr.o)
 .text          0x00000510        0x0 c:/programmer_p/codecomposer/ccsv8/tools/compiler/gcc-arm-none-eabi-7-2017-q4-major-win32/bin/../lib/gcc/arm-none-eabi/7.2.1/../../../../arm-none-eabi/lib/thumb/v7e-m/fpv4-sp/hard\libg.a(lib_a-signal.o)
 .text          0x00000510        0x0 c:/programmer_p/codecomposer/ccsv8/tools/compiler/gcc-arm-none-eabi-7-2017-q4-major-win32/bin/../lib/gcc/arm-none-eabi/7.2.1/../../../../arm-none-eabi/lib/thumb/v7e-m/fpv4-sp/hard\libg.a(lib_a-signalr.o)
 .text          0x00000510        0x0 c:/programmer_p/codecomposer/ccsv8/tools/compiler/gcc-arm-none-eabi-7-2017-q4-major-win32/bin/../lib/gcc/arm-none-eabi/7.2.1/../../../../arm-none-eabi/lib/thumb/v7e-m/fpv4-sp/hard\libg.a(lib_a-stdio.o)
 *fill*         0x00000510       0x10 
 .text          0x00000520      0x2dc c:/programmer_p/codecomposer/ccsv8/tools/compiler/gcc-arm-none-eabi-7-2017-q4-major-win32/bin/../lib/gcc/arm-none-eabi/7.2.1/../../../../arm-none-eabi/lib/thumb/v7e-m/fpv4-sp/hard\libg.a(lib_a-strcmp.o)
                0x00000528                strcmp
 *fill*         0x000007fc        0x4 
 .text          0x00000800       0xdc c:/programmer_p/codecomposer/ccsv8/tools/compiler/gcc-arm-none-eabi-7-2017-q4-major-win32/bin/../lib/gcc/arm-none-eabi/7.2.1/../../../../arm-none-eabi/lib/thumb/v7e-m/fpv4-sp/hard\libg.a(lib_a-strlen.o)
                0x00000800                strlen
 .text          0x000008dc        0x0 c:/programmer_p/codecomposer/ccsv8/tools/compiler/gcc-arm-none-eabi-7-2017-q4-major-win32/bin/../lib/gcc/arm-none-eabi/7.2.1/../../../../arm-none-eabi/lib/thumb/v7e-m/fpv4-sp/hard\libg.a(lib_a-wbuf.o)
 .text          0x000008dc        0x0 c:/programmer_p/codecomposer/ccsv8/tools/compiler/gcc-arm-none-eabi-7-2017-q4-major-win32/bin/../lib/gcc/arm-none-eabi/7.2.1/../../../../arm-none-eabi/lib/thumb/v7e-m/fpv4-sp/hard\libg.a(lib_a-wcrtomb.o)
 .text          0x000008dc        0x0 c:/programmer_p/codecomposer/ccsv8/tools/compiler/gcc-arm-none-eabi-7-2017-q4-major-win32/bin/../lib/gcc/arm-none-eabi/7.2.1/../../../../arm-none-eabi/lib/thumb/v7e-m/fpv4-sp/hard\libg.a(lib_a-wctomb_r.o)
 .text          0x000008dc        0x0 c:/programmer_p/codecomposer/ccsv8/tools/compiler/gcc-arm-none-eabi-7-2017-q4-major-win32/bin/../lib/gcc/arm-none-eabi/7.2.1/../../../../arm-none-eabi/lib/thumb/v7e-m/fpv4-sp/hard\libg.a(lib_a-writer.o)
 .text          0x000008dc        0x0 c:/programmer_p/codecomposer/ccsv8/tools/compiler/gcc-arm-none-eabi-7-2017-q4-major-win32/bin/../lib/gcc/arm-none-eabi/7.2.1/../../../../arm-none-eabi/lib/thumb/v7e-m/fpv4-sp/hard\libg.a(lib_a-__atexit.o)
 .text          0x000008dc        0x0 c:/programmer_p/codecomposer/ccsv8/tools/compiler/gcc-arm-none-eabi-7-2017-q4-major-win32/bin/../lib/gcc/arm-none-eabi/7.2.1/../../../../arm-none-eabi/lib/thumb/v7e-m/fpv4-sp/hard\libg.a(lib_a-closer.o)
 .text          0x000008dc        0x0 c:/programmer_p/codecomposer/ccsv8/tools/compiler/gcc-arm-none-eabi-7-2017-q4-major-win32/bin/../lib/gcc/arm-none-eabi/7.2.1/../../../../arm-none-eabi/lib/thumb/v7e-m/fpv4-sp/hard\libg.a(lib_a-ctype_.o)
 .text          0x000008dc        0x0 c:/programmer_p/codecomposer/ccsv8/tools/compiler/gcc-arm-none-eabi-7-2017-q4-major-win32/bin/../lib/gcc/arm-none-eabi/7.2.1/../../../../arm-none-eabi/lib/thumb/v7e-m/fpv4-sp/hard\libg.a(lib_a-fclose.o)
 .text          0x000008dc        0x0 c:/programmer_p/codecomposer/ccsv8/tools/compiler/gcc-arm-none-eabi-7-2017-q4-major-win32/bin/../lib/gcc/arm-none-eabi/7.2.1/../../../../arm-none-eabi/lib/thumb/v7e-m/fpv4-sp/hard\libg.a(lib_a-fstatr.o)
 .text          0x000008dc        0x0 c:/programmer_p/codecomposer/ccsv8/tools/compiler/gcc-arm-none-eabi-7-2017-q4-major-win32/bin/../lib/gcc/arm-none-eabi/7.2.1/../../../../arm-none-eabi/lib/thumb/v7e-m/fpv4-sp/hard\libg.a(lib_a-isattyr.o)
 .text          0x000008dc        0x0 c:/programmer_p/codecomposer/ccsv8/tools/compiler/gcc-arm-none-eabi-7-2017-q4-major-win32/bin/../lib/gcc/arm-none-eabi/7.2.1/../../../../arm-none-eabi/lib/thumb/v7e-m/fpv4-sp/hard\libg.a(lib_a-lseekr.o)
 .text          0x000008dc        0x0 c:/programmer_p/codecomposer/ccsv8/tools/compiler/gcc-arm-none-eabi-7-2017-q4-major-win32/bin/../lib/gcc/arm-none-eabi/7.2.1/../../../../arm-none-eabi/lib/thumb/v7e-m/fpv4-sp/hard\libg.a(lib_a-readr.o)
 .text          0x000008dc       0x30 c:/programmer_p/codecomposer/ccsv8/tools/compiler/gcc-arm-none-eabi-7-2017-q4-major-win32/bin/../lib/gcc/arm-none-eabi/7.2.1/thumb/v7e-m/fpv4-sp/hard\libgcc.a(_aeabi_uldivmod.o)
                0x000008dc                __aeabi_uldivmod
 .text          0x0000090c      0x2cc c:/programmer_p/codecomposer/ccsv8/tools/compiler/gcc-arm-none-eabi-7-2017-q4-major-win32/bin/../lib/gcc/arm-none-eabi/7.2.1/thumb/v7e-m/fpv4-sp/hard\libgcc.a(_udivmoddi4.o)
                0x0000090c                __udivmoddi4
 .text          0x00000bd8        0x4 c:/programmer_p/codecomposer/ccsv8/tools/compiler/gcc-arm-none-eabi-7-2017-q4-major-win32/bin/../lib/gcc/arm-none-eabi/7.2.1/thumb/v7e-m/fpv4-sp/hard\libgcc.a(_dvmd_tls.o)
                0x00000bd8                __aeabi_idiv0
                0x00000bd8                __aeabi_ldiv0
 .text          0x00000bdc        0x0 c:/programmer_p/codecomposer/ccsv8/tools/compiler/gcc-arm-none-eabi-7-2017-q4-major-win32/bin/../lib/gcc/arm-none-eabi/7.2.1/../../../../arm-none-eabi/lib/thumb/v7e-m/fpv4-sp/hard\libnosys.a(close.o)
 .text          0x00000bdc        0x0 c:/programmer_p/codecomposer/ccsv8/tools/compiler/gcc-arm-none-eabi-7-2017-q4-major-win32/bin/../lib/gcc/arm-none-eabi/7.2.1/../../../../arm-none-eabi/lib/thumb/v7e-m/fpv4-sp/hard\libnosys.a(execve.o)
 .text          0x00000bdc        0x0 c:/programmer_p/codecomposer/ccsv8/tools/compiler/gcc-arm-none-eabi-7-2017-q4-major-win32/bin/../lib/gcc/arm-none-eabi/7.2.1/../../../../arm-none-eabi/lib/thumb/v7e-m/fpv4-sp/hard\libnosys.a(fork.o)
 .text          0x00000bdc        0x0 c:/programmer_p/codecomposer/ccsv8/tools/compiler/gcc-arm-none-eabi-7-2017-q4-major-win32/bin/../lib/gcc/arm-none-eabi/7.2.1/../../../../arm-none-eabi/lib/thumb/v7e-m/fpv4-sp/hard\libnosys.a(fstat.o)
 .text          0x00000bdc        0x0 c:/programmer_p/codecomposer/ccsv8/tools/compiler/gcc-arm-none-eabi-7-2017-q4-major-win32/bin/../lib/gcc/arm-none-eabi/7.2.1/../../../../arm-none-eabi/lib/thumb/v7e-m/fpv4-sp/hard\libnosys.a(getpid.o)
 .text          0x00000bdc        0x0 c:/programmer_p/codecomposer/ccsv8/tools/compiler/gcc-arm-none-eabi-7-2017-q4-major-win32/bin/../lib/gcc/arm-none-eabi/7.2.1/../../../../arm-none-eabi/lib/thumb/v7e-m/fpv4-sp/hard\libnosys.a(isatty.o)
 .text          0x00000bdc        0x0 c:/programmer_p/codecomposer/ccsv8/tools/compiler/gcc-arm-none-eabi-7-2017-q4-major-win32/bin/../lib/gcc/arm-none-eabi/7.2.1/../../../../arm-none-eabi/lib/thumb/v7e-m/fpv4-sp/hard\libnosys.a(kill.o)
 .text          0x00000bdc        0x0 c:/programmer_p/codecomposer/ccsv8/tools/compiler/gcc-arm-none-eabi-7-2017-q4-major-win32/bin/../lib/gcc/arm-none-eabi/7.2.1/../../../../arm-none-eabi/lib/thumb/v7e-m/fpv4-sp/hard\libnosys.a(lseek.o)
 .text          0x00000bdc        0x0 c:/programmer_p/codecomposer/ccsv8/tools/compiler/gcc-arm-none-eabi-7-2017-q4-major-win32/bin/../lib/gcc/arm-none-eabi/7.2.1/../../../../arm-none-eabi/lib/thumb/v7e-m/fpv4-sp/hard\libnosys.a(read.o)
 .text          0x00000bdc        0x0 c:/programmer_p/codecomposer/ccsv8/tools/compiler/gcc-arm-none-eabi-7-2017-q4-major-win32/bin/../lib/gcc/arm-none-eabi/7.2.1/../../../../arm-none-eabi/lib/thumb/v7e-m/fpv4-sp/hard\libnosys.a(sbrk.o)
 .text          0x00000bdc        0x0 c:/programmer_p/codecomposer/ccsv8/tools/compiler/gcc-arm-none-eabi-7-2017-q4-major-win32/bin/../lib/gcc/arm-none-eabi/7.2.1/../../../../arm-none-eabi/lib/thumb/v7e-m/fpv4-sp/hard\libnosys.a(wait.o)
 .text          0x00000bdc        0x0 c:/programmer_p/codecomposer/ccsv8/tools/compiler/gcc-arm-none-eabi-7-2017-q4-major-win32/bin/../lib/gcc/arm-none-eabi/7.2.1/../../../../arm-none-eabi/lib/thumb/v7e-m/fpv4-sp/hard\libnosys.a(write.o)
 .text          0x00000bdc        0x0 c:/programmer_p/codecomposer/ccsv8/tools/compiler/gcc-arm-none-eabi-7-2017-q4-major-win32/bin/../lib/gcc/arm-none-eabi/7.2.1/../../../../arm-none-eabi/lib/thumb/v7e-m/fpv4-sp/hard\libnosys.a(_exit.o)
 .text          0x00000bdc        0x0 c:/programmer_p/codecomposer/ccsv8/tools/compiler/gcc-arm-none-eabi-7-2017-q4-major-win32/bin/../lib/gcc/arm-none-eabi/7.2.1/thumb/v7e-m/fpv4-sp/hard/crtend.o
 .text          0x00000bdc        0x0 c:/programmer_p/codecomposer/ccsv8/tools/compiler/gcc-arm-none-eabi-7-2017-q4-major-win32/bin/../lib/gcc/arm-none-eabi/7.2.1/thumb/v7e-m/fpv4-sp/hard/crtn.o
 *(.text.*)
 .text.angle_meter
                0x00000bdc       0x58 ./angle_meter.o
                0x00000bdc                angle_meter
 .text.convert_angle
                0x00000c34      0x130 ./angle_meter.o
                0x00000c34                convert_angle
 .text.display_zero_degrees
                0x00000d64       0x64 ./angle_meter.o
                0x00000d64                display_zero_degrees
 .text.eventDrehim
                0x00000dc8       0x70 ./drehimpulsgeber.o
                0x00000dc8                eventDrehim
 .text.init_gpio
                0x00000e38       0x64 ./gpio.o
                0x00000e38                init_gpio
 .text.prvHeapInit
                0x00000e9c       0x2c ./heap_2.o
 .text.pvPortMalloc
                0x00000ec8       0xa4 ./heap_2.o
                0x00000ec8                pvPortMalloc
 .text.vPortFree
                0x00000f6c       0x44 ./heap_2.o
                0x00000f6c                vPortFree
 .text.xPortGetFreeHeapSize
                0x00000fb0        0xc ./heap_2.o
                0x00000fb0                xPortGetFreeHeapSize
 .text.vPortInitialiseBlocks
                0x00000fbc        0x2 ./heap_2.o
                0x00000fbc                vPortInitialiseBlocks
 .text.wr_ch_LCD
                0x00000fbe        0xc ./lcd.o
                0x00000fbe                wr_ch_LCD
 .text.wr_str_LCD
                0x00000fca       0x14 ./lcd.o
                0x00000fca                wr_str_LCD
 .text.move_LCD
                0x00000fde       0x1c ./lcd.o
                0x00000fde                move_LCD
 *fill*         0x00000ffa        0x2 
 .text.wr_ctrl_LCD_low
                0x00000ffc       0x94 ./lcd.o
                0x00000ffc                wr_ctrl_LCD_low
 .text.wr_ctrl_LCD_high
                0x00001090        0xa ./lcd.o
                0x00001090                wr_ctrl_LCD_high
 *fill*         0x0000109a        0x2 
 .text.out_LCD_low
                0x0000109c       0x34 ./lcd.o
                0x0000109c                out_LCD_low
 .text.out_LCD_high
                0x000010d0        0xa ./lcd.o
                0x000010d0                out_LCD_high
 *fill*         0x000010da        0x2 
 .text.wr_ctrl_LCD
                0x000010dc       0x38 ./lcd.o
                0x000010dc                wr_ctrl_LCD
 .text.clr_LCD  0x00001114        0xa ./lcd.o
                0x00001114                clr_LCD
 .text.home_LCD
                0x0000111e        0xa ./lcd.o
                0x0000111e                home_LCD
 .text.Set_cursor
                0x00001128        0x8 ./lcd.o
                0x00001128                Set_cursor
 .text.out_LCD  0x00001130       0x1e ./lcd.o
                0x00001130                out_LCD
 *fill*         0x0000114e        0x2 
 .text.init_display
                0x00001150       0x5c ./lcd.o
                0x00001150                init_display
 .text.lcd_display
                0x000011ac       0x4e ./lcd.o
                0x000011ac                lcd_display
 .text.vListInitialise
                0x000011fa       0x16 ./list.o
                0x000011fa                vListInitialise
 .text.vListInitialiseItem
                0x00001210        0x6 ./list.o
                0x00001210                vListInitialiseItem
 .text.vListInsertEnd
                0x00001216       0x18 ./list.o
                0x00001216                vListInsertEnd
 .text.vListInsert
                0x0000122e       0x34 ./list.o
                0x0000122e                vListInsert
 .text.uxListRemove
                0x00001262       0x28 ./list.o
                0x00001262                uxListRemove
 *fill*         0x0000128a        0x2 
 .text.main     0x0000128c       0x44 ./main.o
                0x0000128c                main
 .text.prvTaskExitError
                0x000012d0       0x20 ./port.o
 .text.prvPortStartFirstTask
                0x000012f0       0x28 ./port.o
 .text.vPortEnableVFP
                0x00001318       0x14 ./port.o
 .text.pxPortInitialiseStack
                0x0000132c       0x2c ./port.o
                0x0000132c                pxPortInitialiseStack
 *fill*         0x00001358        0x8 
 .text.vPortSVCHandler
                0x00001360       0x24 ./port.o
                0x00001360                vPortSVCHandler
 .text.vPortEndScheduler
                0x00001384        0x2 ./port.o
                0x00001384                vPortEndScheduler
 *fill*         0x00001386        0x2 
 .text.vPortEnterCritical
                0x00001388       0x20 ./port.o
                0x00001388                vPortEnterCritical
 .text.vPortExitCritical
                0x000013a8       0x14 ./port.o
                0x000013a8                vPortExitCritical
 *fill*         0x000013bc        0x4 
 .text.xPortPendSVHandler
                0x000013c0       0x64 ./port.o
                0x000013c0                xPortPendSVHandler
 .text.xPortSysTickHandler
                0x00001424       0x2c ./port.o
                0x00001424                xPortSysTickHandler
 .text.vPortSetupTimerInterrupt
                0x00001450       0x28 ./port.o
                0x00001450                vPortSetupTimerInterrupt
 .text.xPortStartScheduler
                0x00001478       0x48 ./port.o
                0x00001478                xPortStartScheduler
 .text.prvGetDisinheritPriorityAfterTimeout
                0x000014c0       0x12 ./queue.o
 .text.prvIsQueueFull
                0x000014d2       0x1e ./queue.o
 .text.prvIsQueueEmpty
                0x000014f0       0x1a ./queue.o
 .text.prvCopyDataToQueue
                0x0000150a       0x76 ./queue.o
 .text.prvCopyDataFromQueue
                0x00001580       0x24 ./queue.o
 .text.prvUnlockQueue
                0x000015a4       0x6e ./queue.o
 *fill*         0x00001612        0x2 
 .text.xQueueGenericReset
                0x00001614       0x70 ./queue.o
                0x00001614                xQueueGenericReset
 .text.prvInitialiseNewQueue
                0x00001684       0x1c ./queue.o
 .text.xQueueGenericCreate
                0x000016a0       0x34 ./queue.o
                0x000016a0                xQueueGenericCreate
 .text.xQueueGenericSend
                0x000016d4      0x118 ./queue.o
                0x000016d4                xQueueGenericSend
 .text.prvInitialiseMutex
                0x000017ec       0x18 ./queue.o
 .text.xQueueCreateMutex
                0x00001804       0x16 ./queue.o
                0x00001804                xQueueCreateMutex
 .text.xQueueGiveMutexRecursive
                0x0000181a       0x2c ./queue.o
                0x0000181a                xQueueGiveMutexRecursive
 .text.xQueueGenericSendFromISR
                0x00001846       0x6e ./queue.o
                0x00001846                xQueueGenericSendFromISR
 .text.xQueueGiveFromISR
                0x000018b4       0x64 ./queue.o
                0x000018b4                xQueueGiveFromISR
 .text.xQueueReceive
                0x00001918      0x10c ./queue.o
                0x00001918                xQueueReceive
 .text.xQueueSemaphoreTake
                0x00001a24      0x148 ./queue.o
                0x00001a24                xQueueSemaphoreTake
 .text.xQueueTakeMutexRecursive
                0x00001b6c       0x30 ./queue.o
                0x00001b6c                xQueueTakeMutexRecursive
 .text.xQueuePeek
                0x00001b9c      0x10c ./queue.o
                0x00001b9c                xQueuePeek
 .text.xQueueReceiveFromISR
                0x00001ca8       0x72 ./queue.o
                0x00001ca8                xQueueReceiveFromISR
 .text.xQueuePeekFromISR
                0x00001d1a       0x30 ./queue.o
                0x00001d1a                xQueuePeekFromISR
 .text.uxQueueMessagesWaiting
                0x00001d4a       0x12 ./queue.o
                0x00001d4a                uxQueueMessagesWaiting
 .text.uxQueueSpacesAvailable
                0x00001d5c       0x16 ./queue.o
                0x00001d5c                uxQueueSpacesAvailable
 .text.uxQueueMessagesWaitingFromISR
                0x00001d72        0x4 ./queue.o
                0x00001d72                uxQueueMessagesWaitingFromISR
 .text.vQueueDelete
                0x00001d76        0x8 ./queue.o
                0x00001d76                vQueueDelete
 .text.xQueueIsQueueEmptyFromISR
                0x00001d7e        0xc ./queue.o
                0x00001d7e                xQueueIsQueueEmptyFromISR
 .text.xQueueIsQueueFullFromISR
                0x00001d8a       0x10 ./queue.o
                0x00001d8a                xQueueIsQueueFullFromISR
 *fill*         0x00001d9a        0x2 
 .text.queue_open
                0x00001d9c       0x2c ./queue_lcd.o
                0x00001d9c                queue_open
 .text.queue_put
                0x00001dc8       0x48 ./queue_lcd.o
                0x00001dc8                queue_put
 .text.queue_get
                0x00001e10       0x34 ./queue_lcd.o
                0x00001e10                queue_get
 .text.queue_test
                0x00001e44       0x1c ./queue_lcd.o
                0x00001e44                queue_test
 .text.NmiSR    0x00001e60        0x2 ./startup_frt.o
 .text.FaultISR
                0x00001e62        0x2 ./startup_frt.o
 .text.IntDefaultHandler
                0x00001e64        0x2 ./startup_frt.o
 *fill*         0x00001e66        0x2 
 .text.ResetISR
                0x00001e68       0x50 ./startup_frt.o
                0x00001e68                ResetISR
 .text.enable_global_int
                0x00001eb8        0x4 ./systick_frt.o
                0x00001eb8                enable_global_int
 .text.disable_global_int
                0x00001ebc        0x4 ./systick_frt.o
                0x00001ebc                disable_global_int
 .text.init_systick
                0x00001ec0       0x5c ./systick_frt.o
                0x00001ec0                init_systick
 .text.driver_test_led
                0x00001f1c       0x70 ./task_manager.o
                0x00001f1c                driver_test_led
 .text.task_manager
                0x00001f8c       0xac ./task_manager.o
                0x00001f8c                task_manager
 .text.prvTaskIsTaskSuspended
                0x00002038       0x2c ./tasks.o
 .text.prvResetNextTaskUnblockTime
                0x00002064       0x2c ./tasks.o
 .text.prvDeleteTCB
                0x00002090       0x12 ./tasks.o
 .text.prvInitialiseNewTask
                0x000020a2       0x8c ./tasks.o
 *fill*         0x0000212e        0x2 
 .text.prvInitialiseTaskLists
                0x00002130       0x68 ./tasks.o
 .text.prvAddNewTaskToReadyList
                0x00002198       0xa8 ./tasks.o
 .text.prvCheckTasksWaitingTermination
                0x00002240       0x4c ./tasks.o
 .text.prvIdleTask
                0x0000228c       0x28 ./tasks.o
 .text.prvAddCurrentTaskToDelayedList
                0x000022b4       0x98 ./tasks.o
 .text.xTaskCreate
                0x0000234c       0x62 ./tasks.o
                0x0000234c                xTaskCreate
 *fill*         0x000023ae        0x2 
 .text.vTaskDelete
                0x000023b0       0xc4 ./tasks.o
                0x000023b0                vTaskDelete
 .text.uxTaskPriorityGet
                0x00002474       0x20 ./tasks.o
                0x00002474                uxTaskPriorityGet
 .text.uxTaskPriorityGetFromISR
                0x00002494       0x28 ./tasks.o
                0x00002494                uxTaskPriorityGetFromISR
 .text.vTaskPrioritySet
                0x000024bc       0xd4 ./tasks.o
                0x000024bc                vTaskPrioritySet
 .text.vTaskResume
                0x00002590       0x74 ./tasks.o
                0x00002590                vTaskResume
 .text.xTaskResumeFromISR
                0x00002604       0x8c ./tasks.o
                0x00002604                xTaskResumeFromISR
 .text.vTaskStartScheduler
                0x00002690       0x64 ./tasks.o
                0x00002690                vTaskStartScheduler
 .text.vTaskEndScheduler
                0x000026f4       0x24 ./tasks.o
                0x000026f4                vTaskEndScheduler
 .text.vTaskSuspendAll
                0x00002718       0x10 ./tasks.o
                0x00002718                vTaskSuspendAll
 .text.xTaskGetTickCount
                0x00002728        0xc ./tasks.o
                0x00002728                xTaskGetTickCount
 .text.xTaskGetTickCountFromISR
                0x00002734        0xc ./tasks.o
                0x00002734                xTaskGetTickCountFromISR
 .text.uxTaskGetNumberOfTasks
                0x00002740        0xc ./tasks.o
                0x00002740                uxTaskGetNumberOfTasks
 .text.pcTaskGetName
                0x0000274c       0x14 ./tasks.o
                0x0000274c                pcTaskGetName
 .text.xTaskIncrementTick
                0x00002760      0x100 ./tasks.o
                0x00002760                xTaskIncrementTick
 .text.xTaskResumeAll
                0x00002860       0xe4 ./tasks.o
                0x00002860                xTaskResumeAll
 .text.vTaskDelayUntil
                0x00002944       0x60 ./tasks.o
                0x00002944                vTaskDelayUntil
 .text.vTaskDelay
                0x000029a4       0x34 ./tasks.o
                0x000029a4                vTaskDelay
 .text.vTaskSwitchContext
                0x000029d8       0x7c ./tasks.o
                0x000029d8                vTaskSwitchContext
 .text.vTaskSuspend
                0x00002a54       0xcc ./tasks.o
                0x00002a54                vTaskSuspend
 .text.vTaskPlaceOnEventList
                0x00002b20       0x1c ./tasks.o
                0x00002b20                vTaskPlaceOnEventList
 .text.vTaskPlaceOnUnorderedEventList
                0x00002b3c       0x24 ./tasks.o
                0x00002b3c                vTaskPlaceOnUnorderedEventList
 .text.xTaskRemoveFromEventList
                0x00002b60       0x78 ./tasks.o
                0x00002b60                xTaskRemoveFromEventList
 .text.vTaskRemoveFromUnorderedEventList
                0x00002bd8       0x58 ./tasks.o
                0x00002bd8                vTaskRemoveFromUnorderedEventList
 .text.vTaskSetTimeOutState
                0x00002c30       0x24 ./tasks.o
                0x00002c30                vTaskSetTimeOutState
 .text.vTaskInternalSetTimeOutState
                0x00002c54       0x18 ./tasks.o
                0x00002c54                vTaskInternalSetTimeOutState
 .text.xTaskCheckForTimeOut
                0x00002c6c       0x58 ./tasks.o
                0x00002c6c                xTaskCheckForTimeOut
 .text.vTaskMissedYield
                0x00002cc4        0xc ./tasks.o
                0x00002cc4                vTaskMissedYield
 .text.xTaskGetCurrentTaskHandle
                0x00002cd0        0xc ./tasks.o
                0x00002cd0                xTaskGetCurrentTaskHandle
 .text.xTaskPriorityInherit
                0x00002cdc       0xb8 ./tasks.o
                0x00002cdc                xTaskPriorityInherit
 .text.xTaskPriorityDisinherit
                0x00002d94       0x80 ./tasks.o
                0x00002d94                xTaskPriorityDisinherit
 .text.vTaskPriorityDisinheritAfterTimeout
                0x00002e14       0x8c ./tasks.o
                0x00002e14                vTaskPriorityDisinheritAfterTimeout
 .text.uxTaskResetEventItemValue
                0x00002ea0       0x18 ./tasks.o
                0x00002ea0                uxTaskResetEventItemValue
 .text.pvTaskIncrementMutexHeldCount
                0x00002eb8       0x1c ./tasks.o
                0x00002eb8                pvTaskIncrementMutexHeldCount
 .text.ulTaskNotifyTake
                0x00002ed4       0x78 ./tasks.o
                0x00002ed4                ulTaskNotifyTake
 .text.xTaskNotifyWait
                0x00002f4c       0x98 ./tasks.o
                0x00002f4c                xTaskNotifyWait
 .text.xTaskGenericNotify
                0x00002fe4       0xb8 ./tasks.o
                0x00002fe4                xTaskGenericNotify
 .text.xTaskGenericNotifyFromISR
                0x0000309c       0xdc ./tasks.o
                0x0000309c                xTaskGenericNotifyFromISR
 .text.vTaskNotifyGiveFromISR
                0x00003178       0xa0 ./tasks.o
                0x00003178                vTaskNotifyGiveFromISR
 .text.xTaskNotifyStateClear
                0x00003218       0x34 ./tasks.o
                0x00003218                xTaskNotifyStateClear
 .text.__assert_func
                0x0000324c       0x3c c:/programmer_p/codecomposer/ccsv8/tools/compiler/gcc-arm-none-eabi-7-2017-q4-major-win32/bin/../lib/gcc/arm-none-eabi/7.2.1/../../../../arm-none-eabi/lib/thumb/v7e-m/fpv4-sp/hard\libg.a(lib_a-assert.o)
                0x0000324c                __assert_func
 .text.__assert
                0x00003288        0xc c:/programmer_p/codecomposer/ccsv8/tools/compiler/gcc-arm-none-eabi-7-2017-q4-major-win32/bin/../lib/gcc/arm-none-eabi/7.2.1/../../../../arm-none-eabi/lib/thumb/v7e-m/fpv4-sp/hard\libg.a(lib_a-assert.o)
                0x00003288                __assert
 .text.exit     0x00003294       0x20 c:/programmer_p/codecomposer/ccsv8/tools/compiler/gcc-arm-none-eabi-7-2017-q4-major-win32/bin/../lib/gcc/arm-none-eabi/7.2.1/../../../../arm-none-eabi/lib/thumb/v7e-m/fpv4-sp/hard\libg.a(lib_a-exit.o)
                0x00003294                exit
 .text._fiprintf_r
                0x000032b4       0x1c c:/programmer_p/codecomposer/ccsv8/tools/compiler/gcc-arm-none-eabi-7-2017-q4-major-win32/bin/../lib/gcc/arm-none-eabi/7.2.1/../../../../arm-none-eabi/lib/thumb/v7e-m/fpv4-sp/hard\libg.a(lib_a-fiprintf.o)
                0x000032b4                _fiprintf_r
 .text.fiprintf
                0x000032d0       0x28 c:/programmer_p/codecomposer/ccsv8/tools/compiler/gcc-arm-none-eabi-7-2017-q4-major-win32/bin/../lib/gcc/arm-none-eabi/7.2.1/../../../../arm-none-eabi/lib/thumb/v7e-m/fpv4-sp/hard\libg.a(lib_a-fiprintf.o)
                0x000032d0                fiprintf
 .text.__libc_init_array
                0x000032f8       0x48 c:/programmer_p/codecomposer/ccsv8/tools/compiler/gcc-arm-none-eabi-7-2017-q4-major-win32/bin/../lib/gcc/arm-none-eabi/7.2.1/../../../../arm-none-eabi/lib/thumb/v7e-m/fpv4-sp/hard\libg.a(lib_a-init.o)
                0x000032f8                __libc_init_array
 .text.memset   0x00003340       0x94 c:/programmer_p/codecomposer/ccsv8/tools/compiler/gcc-arm-none-eabi-7-2017-q4-major-win32/bin/../lib/gcc/arm-none-eabi/7.2.1/../../../../arm-none-eabi/lib/thumb/v7e-m/fpv4-sp/hard\libg.a(lib_a-memset.o)
                0x00003340                memset
 .text.wait     0x000033d4       0x10 c:/programmer_p/codecomposer/ccsv8/tools/compiler/gcc-arm-none-eabi-7-2017-q4-major-win32/bin/../lib/gcc/arm-none-eabi/7.2.1/../../../../arm-none-eabi/lib/thumb/v7e-m/fpv4-sp/hard\libg.a(lib_a-syswait.o)
                0x000033d4                wait
 .text.__sprint_r.part.0
                0x000033e4       0x78 c:/programmer_p/codecomposer/ccsv8/tools/compiler/gcc-arm-none-eabi-7-2017-q4-major-win32/bin/../lib/gcc/arm-none-eabi/7.2.1/../../../../arm-none-eabi/lib/thumb/v7e-m/fpv4-sp/hard\libg.a(lib_a-vfiprintf.o)
 .text.__sprint_r
                0x0000345c       0x14 c:/programmer_p/codecomposer/ccsv8/tools/compiler/gcc-arm-none-eabi-7-2017-q4-major-win32/bin/../lib/gcc/arm-none-eabi/7.2.1/../../../../arm-none-eabi/lib/thumb/v7e-m/fpv4-sp/hard\libg.a(lib_a-vfiprintf.o)
                0x0000345c                __sprint_r
 .text._vfiprintf_r
                0x00003470      0xc24 c:/programmer_p/codecomposer/ccsv8/tools/compiler/gcc-arm-none-eabi-7-2017-q4-major-win32/bin/../lib/gcc/arm-none-eabi/7.2.1/../../../../arm-none-eabi/lib/thumb/v7e-m/fpv4-sp/hard\libg.a(lib_a-vfiprintf.o)
                0x00003470                _vfiprintf_r
 .text.vfiprintf
                0x00004094       0x18 c:/programmer_p/codecomposer/ccsv8/tools/compiler/gcc-arm-none-eabi-7-2017-q4-major-win32/bin/../lib/gcc/arm-none-eabi/7.2.1/../../../../arm-none-eabi/lib/thumb/v7e-m/fpv4-sp/hard\libg.a(lib_a-vfiprintf.o)
                0x00004094                vfiprintf
 .text.__sbprintf
                0x000040ac       0x84 c:/programmer_p/codecomposer/ccsv8/tools/compiler/gcc-arm-none-eabi-7-2017-q4-major-win32/bin/../lib/gcc/arm-none-eabi/7.2.1/../../../../arm-none-eabi/lib/thumb/v7e-m/fpv4-sp/hard\libg.a(lib_a-vfiprintf.o)
 .text.__swsetup_r
                0x00004130       0xcc c:/programmer_p/codecomposer/ccsv8/tools/compiler/gcc-arm-none-eabi-7-2017-q4-major-win32/bin/../lib/gcc/arm-none-eabi/7.2.1/../../../../arm-none-eabi/lib/thumb/v7e-m/fpv4-sp/hard\libg.a(lib_a-wsetup.o)
                0x00004130                __swsetup_r
 .text.startup.register_fini
                0x000041fc       0x14 c:/programmer_p/codecomposer/ccsv8/tools/compiler/gcc-arm-none-eabi-7-2017-q4-major-win32/bin/../lib/gcc/arm-none-eabi/7.2.1/../../../../arm-none-eabi/lib/thumb/v7e-m/fpv4-sp/hard\libg.a(lib_a-__call_atexit.o)
 .text.__call_exitprocs
                0x00004210       0xe8 c:/programmer_p/codecomposer/ccsv8/tools/compiler/gcc-arm-none-eabi-7-2017-q4-major-win32/bin/../lib/gcc/arm-none-eabi/7.2.1/../../../../arm-none-eabi/lib/thumb/v7e-m/fpv4-sp/hard\libg.a(lib_a-__call_atexit.o)
                0x00004210                __call_exitprocs
 .text.abort    0x000042f8       0x10 c:/programmer_p/codecomposer/ccsv8/tools/compiler/gcc-arm-none-eabi-7-2017-q4-major-win32/bin/../lib/gcc/arm-none-eabi/7.2.1/../../../../arm-none-eabi/lib/thumb/v7e-m/fpv4-sp/hard\libg.a(lib_a-abort.o)
                0x000042f8                abort
 .text.atexit   0x00004308        0xc c:/programmer_p/codecomposer/ccsv8/tools/compiler/gcc-arm-none-eabi-7-2017-q4-major-win32/bin/../lib/gcc/arm-none-eabi/7.2.1/../../../../arm-none-eabi/lib/thumb/v7e-m/fpv4-sp/hard\libg.a(lib_a-atexit.o)
                0x00004308                atexit
 .text._execve_r
                0x00004314       0x2c c:/programmer_p/codecomposer/ccsv8/tools/compiler/gcc-arm-none-eabi-7-2017-q4-major-win32/bin/../lib/gcc/arm-none-eabi/7.2.1/../../../../arm-none-eabi/lib/thumb/v7e-m/fpv4-sp/hard\libg.a(lib_a-execr.o)
                0x00004314                _execve_r
 .text._fork_r  0x00004340       0x24 c:/programmer_p/codecomposer/ccsv8/tools/compiler/gcc-arm-none-eabi-7-2017-q4-major-win32/bin/../lib/gcc/arm-none-eabi/7.2.1/../../../../arm-none-eabi/lib/thumb/v7e-m/fpv4-sp/hard\libg.a(lib_a-execr.o)
                0x00004340                _fork_r
 .text._wait_r  0x00004364       0x24 c:/programmer_p/codecomposer/ccsv8/tools/compiler/gcc-arm-none-eabi-7-2017-q4-major-win32/bin/../lib/gcc/arm-none-eabi/7.2.1/../../../../arm-none-eabi/lib/thumb/v7e-m/fpv4-sp/hard\libg.a(lib_a-execr.o)
                0x00004364                _wait_r
 .text.__sflush_r
                0x00004388      0x154 c:/programmer_p/codecomposer/ccsv8/tools/compiler/gcc-arm-none-eabi-7-2017-q4-major-win32/bin/../lib/gcc/arm-none-eabi/7.2.1/../../../../arm-none-eabi/lib/thumb/v7e-m/fpv4-sp/hard\libg.a(lib_a-fflush.o)
                0x00004388                __sflush_r
 .text._fflush_r
                0x000044dc       0x5c c:/programmer_p/codecomposer/ccsv8/tools/compiler/gcc-arm-none-eabi-7-2017-q4-major-win32/bin/../lib/gcc/arm-none-eabi/7.2.1/../../../../arm-none-eabi/lib/thumb/v7e-m/fpv4-sp/hard\libg.a(lib_a-fflush.o)
                0x000044dc                _fflush_r
 .text.fflush   0x00004538       0x24 c:/programmer_p/codecomposer/ccsv8/tools/compiler/gcc-arm-none-eabi-7-2017-q4-major-win32/bin/../lib/gcc/arm-none-eabi/7.2.1/../../../../arm-none-eabi/lib/thumb/v7e-m/fpv4-sp/hard\libg.a(lib_a-fflush.o)
                0x00004538                fflush
 .text.std      0x0000455c       0x50 c:/programmer_p/codecomposer/ccsv8/tools/compiler/gcc-arm-none-eabi-7-2017-q4-major-win32/bin/../lib/gcc/arm-none-eabi/7.2.1/../../../../arm-none-eabi/lib/thumb/v7e-m/fpv4-sp/hard\libg.a(lib_a-findfp.o)
 .text._cleanup_r
                0x000045ac        0xc c:/programmer_p/codecomposer/ccsv8/tools/compiler/gcc-arm-none-eabi-7-2017-q4-major-win32/bin/../lib/gcc/arm-none-eabi/7.2.1/../../../../arm-none-eabi/lib/thumb/v7e-m/fpv4-sp/hard\libg.a(lib_a-findfp.o)
                0x000045ac                _cleanup_r
 .text.__fp_lock
                0x000045b8       0x1c c:/programmer_p/codecomposer/ccsv8/tools/compiler/gcc-arm-none-eabi-7-2017-q4-major-win32/bin/../lib/gcc/arm-none-eabi/7.2.1/../../../../arm-none-eabi/lib/thumb/v7e-m/fpv4-sp/hard\libg.a(lib_a-findfp.o)
 .text.__fp_unlock
                0x000045d4       0x1c c:/programmer_p/codecomposer/ccsv8/tools/compiler/gcc-arm-none-eabi-7-2017-q4-major-win32/bin/../lib/gcc/arm-none-eabi/7.2.1/../../../../arm-none-eabi/lib/thumb/v7e-m/fpv4-sp/hard\libg.a(lib_a-findfp.o)
 .text.__sfmoreglue
                0x000045f0       0x30 c:/programmer_p/codecomposer/ccsv8/tools/compiler/gcc-arm-none-eabi-7-2017-q4-major-win32/bin/../lib/gcc/arm-none-eabi/7.2.1/../../../../arm-none-eabi/lib/thumb/v7e-m/fpv4-sp/hard\libg.a(lib_a-findfp.o)
                0x000045f0                __sfmoreglue
 .text._cleanup
                0x00004620       0x14 c:/programmer_p/codecomposer/ccsv8/tools/compiler/gcc-arm-none-eabi-7-2017-q4-major-win32/bin/../lib/gcc/arm-none-eabi/7.2.1/../../../../arm-none-eabi/lib/thumb/v7e-m/fpv4-sp/hard\libg.a(lib_a-findfp.o)
                0x00004620                _cleanup
 .text.__sinit  0x00004634       0x58 c:/programmer_p/codecomposer/ccsv8/tools/compiler/gcc-arm-none-eabi-7-2017-q4-major-win32/bin/../lib/gcc/arm-none-eabi/7.2.1/../../../../arm-none-eabi/lib/thumb/v7e-m/fpv4-sp/hard\libg.a(lib_a-findfp.o)
                0x00004634                __sinit
 .text.__sfp    0x0000468c       0xa4 c:/programmer_p/codecomposer/ccsv8/tools/compiler/gcc-arm-none-eabi-7-2017-q4-major-win32/bin/../lib/gcc/arm-none-eabi/7.2.1/../../../../arm-none-eabi/lib/thumb/v7e-m/fpv4-sp/hard\libg.a(lib_a-findfp.o)
                0x0000468c                __sfp
 .text.__sfp_lock_acquire
                0x00004730        0xc c:/programmer_p/codecomposer/ccsv8/tools/compiler/gcc-arm-none-eabi-7-2017-q4-major-win32/bin/../lib/gcc/arm-none-eabi/7.2.1/../../../../arm-none-eabi/lib/thumb/v7e-m/fpv4-sp/hard\libg.a(lib_a-findfp.o)
                0x00004730                __sfp_lock_acquire
 .text.__sfp_lock_release
                0x0000473c        0xc c:/programmer_p/codecomposer/ccsv8/tools/compiler/gcc-arm-none-eabi-7-2017-q4-major-win32/bin/../lib/gcc/arm-none-eabi/7.2.1/../../../../arm-none-eabi/lib/thumb/v7e-m/fpv4-sp/hard\libg.a(lib_a-findfp.o)
                0x0000473c                __sfp_lock_release
 .text.__sinit_lock_acquire
                0x00004748        0xc c:/programmer_p/codecomposer/ccsv8/tools/compiler/gcc-arm-none-eabi-7-2017-q4-major-win32/bin/../lib/gcc/arm-none-eabi/7.2.1/../../../../arm-none-eabi/lib/thumb/v7e-m/fpv4-sp/hard\libg.a(lib_a-findfp.o)
                0x00004748                __sinit_lock_acquire
 .text.__sinit_lock_release
                0x00004754        0xc c:/programmer_p/codecomposer/ccsv8/tools/compiler/gcc-arm-none-eabi-7-2017-q4-major-win32/bin/../lib/gcc/arm-none-eabi/7.2.1/../../../../arm-none-eabi/lib/thumb/v7e-m/fpv4-sp/hard\libg.a(lib_a-findfp.o)
                0x00004754                __sinit_lock_release
 .text.__fp_lock_all
                0x00004760       0x24 c:/programmer_p/codecomposer/ccsv8/tools/compiler/gcc-arm-none-eabi-7-2017-q4-major-win32/bin/../lib/gcc/arm-none-eabi/7.2.1/../../../../arm-none-eabi/lib/thumb/v7e-m/fpv4-sp/hard\libg.a(lib_a-findfp.o)
                0x00004760                __fp_lock_all
 .text.__fp_unlock_all
                0x00004784       0x24 c:/programmer_p/codecomposer/ccsv8/tools/compiler/gcc-arm-none-eabi-7-2017-q4-major-win32/bin/../lib/gcc/arm-none-eabi/7.2.1/../../../../arm-none-eabi/lib/thumb/v7e-m/fpv4-sp/hard\libg.a(lib_a-findfp.o)
                0x00004784                __fp_unlock_all
 .text.__libc_fini_array
                0x000047a8       0x34 c:/programmer_p/codecomposer/ccsv8/tools/compiler/gcc-arm-none-eabi-7-2017-q4-major-win32/bin/../lib/gcc/arm-none-eabi/7.2.1/../../../../arm-none-eabi/lib/thumb/v7e-m/fpv4-sp/hard\libg.a(lib_a-fini.o)
                0x000047a8                __libc_fini_array
 .text.__fputwc
                0x000047dc       0xa0 c:/programmer_p/codecomposer/ccsv8/tools/compiler/gcc-arm-none-eabi-7-2017-q4-major-win32/bin/../lib/gcc/arm-none-eabi/7.2.1/../../../../arm-none-eabi/lib/thumb/v7e-m/fpv4-sp/hard\libg.a(lib_a-fputwc.o)
                0x000047dc                __fputwc
 .text._fputwc_r
                0x0000487c       0x64 c:/programmer_p/codecomposer/ccsv8/tools/compiler/gcc-arm-none-eabi-7-2017-q4-major-win32/bin/../lib/gcc/arm-none-eabi/7.2.1/../../../../arm-none-eabi/lib/thumb/v7e-m/fpv4-sp/hard\libg.a(lib_a-fputwc.o)
                0x0000487c                _fputwc_r
 .text.fputwc   0x000048e0       0x38 c:/programmer_p/codecomposer/ccsv8/tools/compiler/gcc-arm-none-eabi-7-2017-q4-major-win32/bin/../lib/gcc/arm-none-eabi/7.2.1/../../../../arm-none-eabi/lib/thumb/v7e-m/fpv4-sp/hard\libg.a(lib_a-fputwc.o)
                0x000048e0                fputwc
 .text._malloc_trim_r
                0x00004918       0xa0 c:/programmer_p/codecomposer/ccsv8/tools/compiler/gcc-arm-none-eabi-7-2017-q4-major-win32/bin/../lib/gcc/arm-none-eabi/7.2.1/../../../../arm-none-eabi/lib/thumb/v7e-m/fpv4-sp/hard\libg.a(lib_a-freer.o)
                0x00004918                _malloc_trim_r
 .text._free_r  0x000049b8      0x1e8 c:/programmer_p/codecomposer/ccsv8/tools/compiler/gcc-arm-none-eabi-7-2017-q4-major-win32/bin/../lib/gcc/arm-none-eabi/7.2.1/../../../../arm-none-eabi/lib/thumb/v7e-m/fpv4-sp/hard\libg.a(lib_a-freer.o)
                0x000049b8                _free_r
 .text.__sfvwrite_r
                0x00004ba0      0x2fc c:/programmer_p/codecomposer/ccsv8/tools/compiler/gcc-arm-none-eabi-7-2017-q4-major-win32/bin/../lib/gcc/arm-none-eabi/7.2.1/../../../../arm-none-eabi/lib/thumb/v7e-m/fpv4-sp/hard\libg.a(lib_a-fvwrite.o)
                0x00004ba0                __sfvwrite_r
 .text._fwalk   0x00004e9c       0x4c c:/programmer_p/codecomposer/ccsv8/tools/compiler/gcc-arm-none-eabi-7-2017-q4-major-win32/bin/../lib/gcc/arm-none-eabi/7.2.1/../../../../arm-none-eabi/lib/thumb/v7e-m/fpv4-sp/hard\libg.a(lib_a-fwalk.o)
                0x00004e9c                _fwalk
 .text._fwalk_reent
                0x00004ee8       0x54 c:/programmer_p/codecomposer/ccsv8/tools/compiler/gcc-arm-none-eabi-7-2017-q4-major-win32/bin/../lib/gcc/arm-none-eabi/7.2.1/../../../../arm-none-eabi/lib/thumb/v7e-m/fpv4-sp/hard\libg.a(lib_a-fwalk.o)
                0x00004ee8                _fwalk_reent
 .text._setlocale_r
                0x00004f3c       0x40 c:/programmer_p/codecomposer/ccsv8/tools/compiler/gcc-arm-none-eabi-7-2017-q4-major-win32/bin/../lib/gcc/arm-none-eabi/7.2.1/../../../../arm-none-eabi/lib/thumb/v7e-m/fpv4-sp/hard\libg.a(lib_a-locale.o)
                0x00004f3c                _setlocale_r
 .text.__locale_mb_cur_max
                0x00004f7c       0x1c c:/programmer_p/codecomposer/ccsv8/tools/compiler/gcc-arm-none-eabi-7-2017-q4-major-win32/bin/../lib/gcc/arm-none-eabi/7.2.1/../../../../arm-none-eabi/lib/thumb/v7e-m/fpv4-sp/hard\libg.a(lib_a-locale.o)
                0x00004f7c                __locale_mb_cur_max
 .text.__locale_ctype_ptr_l
                0x00004f98        0x8 c:/programmer_p/codecomposer/ccsv8/tools/compiler/gcc-arm-none-eabi-7-2017-q4-major-win32/bin/../lib/gcc/arm-none-eabi/7.2.1/../../../../arm-none-eabi/lib/thumb/v7e-m/fpv4-sp/hard\libg.a(lib_a-locale.o)
                0x00004f98                __locale_ctype_ptr_l
 .text.__locale_ctype_ptr
                0x00004fa0       0x1c c:/programmer_p/codecomposer/ccsv8/tools/compiler/gcc-arm-none-eabi-7-2017-q4-major-win32/bin/../lib/gcc/arm-none-eabi/7.2.1/../../../../arm-none-eabi/lib/thumb/v7e-m/fpv4-sp/hard\libg.a(lib_a-locale.o)
                0x00004fa0                __locale_ctype_ptr
 .text.setlocale
                0x00004fbc       0x10 c:/programmer_p/codecomposer/ccsv8/tools/compiler/gcc-arm-none-eabi-7-2017-q4-major-win32/bin/../lib/gcc/arm-none-eabi/7.2.1/../../../../arm-none-eabi/lib/thumb/v7e-m/fpv4-sp/hard\libg.a(lib_a-locale.o)
                0x00004fbc                setlocale
 .text.__retarget_lock_init
                0x00004fcc        0x4 c:/programmer_p/codecomposer/ccsv8/tools/compiler/gcc-arm-none-eabi-7-2017-q4-major-win32/bin/../lib/gcc/arm-none-eabi/7.2.1/../../../../arm-none-eabi/lib/thumb/v7e-m/fpv4-sp/hard\libg.a(lib_a-lock.o)
                0x00004fcc                __retarget_lock_init
 .text.__retarget_lock_init_recursive
                0x00004fd0        0x4 c:/programmer_p/codecomposer/ccsv8/tools/compiler/gcc-arm-none-eabi-7-2017-q4-major-win32/bin/../lib/gcc/arm-none-eabi/7.2.1/../../../../arm-none-eabi/lib/thumb/v7e-m/fpv4-sp/hard\libg.a(lib_a-lock.o)
                0x00004fd0                __retarget_lock_init_recursive
 .text.__retarget_lock_close
                0x00004fd4        0x4 c:/programmer_p/codecomposer/ccsv8/tools/compiler/gcc-arm-none-eabi-7-2017-q4-major-win32/bin/../lib/gcc/arm-none-eabi/7.2.1/../../../../arm-none-eabi/lib/thumb/v7e-m/fpv4-sp/hard\libg.a(lib_a-lock.o)
                0x00004fd4                __retarget_lock_close
 .text.__retarget_lock_close_recursive
                0x00004fd8        0x4 c:/programmer_p/codecomposer/ccsv8/tools/compiler/gcc-arm-none-eabi-7-2017-q4-major-win32/bin/../lib/gcc/arm-none-eabi/7.2.1/../../../../arm-none-eabi/lib/thumb/v7e-m/fpv4-sp/hard\libg.a(lib_a-lock.o)
                0x00004fd8                __retarget_lock_close_recursive
 .text.__retarget_lock_acquire
                0x00004fdc        0x4 c:/programmer_p/codecomposer/ccsv8/tools/compiler/gcc-arm-none-eabi-7-2017-q4-major-win32/bin/../lib/gcc/arm-none-eabi/7.2.1/../../../../arm-none-eabi/lib/thumb/v7e-m/fpv4-sp/hard\libg.a(lib_a-lock.o)
                0x00004fdc                __retarget_lock_acquire
 .text.__retarget_lock_acquire_recursive
                0x00004fe0        0x4 c:/programmer_p/codecomposer/ccsv8/tools/compiler/gcc-arm-none-eabi-7-2017-q4-major-win32/bin/../lib/gcc/arm-none-eabi/7.2.1/../../../../arm-none-eabi/lib/thumb/v7e-m/fpv4-sp/hard\libg.a(lib_a-lock.o)
                0x00004fe0                __retarget_lock_acquire_recursive
 .text.__retarget_lock_try_acquire
                0x00004fe4        0x4 c:/programmer_p/codecomposer/ccsv8/tools/compiler/gcc-arm-none-eabi-7-2017-q4-major-win32/bin/../lib/gcc/arm-none-eabi/7.2.1/../../../../arm-none-eabi/lib/thumb/v7e-m/fpv4-sp/hard\libg.a(lib_a-lock.o)
                0x00004fe4                __retarget_lock_try_acquire
 .text.__retarget_lock_try_acquire_recursive
                0x00004fe8        0x4 c:/programmer_p/codecomposer/ccsv8/tools/compiler/gcc-arm-none-eabi-7-2017-q4-major-win32/bin/../lib/gcc/arm-none-eabi/7.2.1/../../../../arm-none-eabi/lib/thumb/v7e-m/fpv4-sp/hard\libg.a(lib_a-lock.o)
                0x00004fe8                __retarget_lock_try_acquire_recursive
 .text.__retarget_lock_release
                0x00004fec        0x4 c:/programmer_p/codecomposer/ccsv8/tools/compiler/gcc-arm-none-eabi-7-2017-q4-major-win32/bin/../lib/gcc/arm-none-eabi/7.2.1/../../../../arm-none-eabi/lib/thumb/v7e-m/fpv4-sp/hard\libg.a(lib_a-lock.o)
                0x00004fec                __retarget_lock_release
 .text.__retarget_lock_release_recursive
                0x00004ff0        0x4 c:/programmer_p/codecomposer/ccsv8/tools/compiler/gcc-arm-none-eabi-7-2017-q4-major-win32/bin/../lib/gcc/arm-none-eabi/7.2.1/../../../../arm-none-eabi/lib/thumb/v7e-m/fpv4-sp/hard\libg.a(lib_a-lock.o)
                0x00004ff0                __retarget_lock_release_recursive
 .text.__swhatbuf_r
                0x00004ff4       0x5c c:/programmer_p/codecomposer/ccsv8/tools/compiler/gcc-arm-none-eabi-7-2017-q4-major-win32/bin/../lib/gcc/arm-none-eabi/7.2.1/../../../../arm-none-eabi/lib/thumb/v7e-m/fpv4-sp/hard\libg.a(lib_a-makebuf.o)
                0x00004ff4                __swhatbuf_r
 .text.__smakebuf_r
                0x00005050       0x94 c:/programmer_p/codecomposer/ccsv8/tools/compiler/gcc-arm-none-eabi-7-2017-q4-major-win32/bin/../lib/gcc/arm-none-eabi/7.2.1/../../../../arm-none-eabi/lib/thumb/v7e-m/fpv4-sp/hard\libg.a(lib_a-makebuf.o)
                0x00005050                __smakebuf_r
 .text._malloc_r
                0x000050e4      0x548 c:/programmer_p/codecomposer/ccsv8/tools/compiler/gcc-arm-none-eabi-7-2017-q4-major-win32/bin/../lib/gcc/arm-none-eabi/7.2.1/../../../../arm-none-eabi/lib/thumb/v7e-m/fpv4-sp/hard\libg.a(lib_a-mallocr.o)
                0x000050e4                _malloc_r
 .text._mbtowc_r
                0x0000562c       0x24 c:/programmer_p/codecomposer/ccsv8/tools/compiler/gcc-arm-none-eabi-7-2017-q4-major-win32/bin/../lib/gcc/arm-none-eabi/7.2.1/../../../../arm-none-eabi/lib/thumb/v7e-m/fpv4-sp/hard\libg.a(lib_a-mbtowc_r.o)
                0x0000562c                _mbtowc_r
 .text.__ascii_mbtowc
                0x00005650       0x2c c:/programmer_p/codecomposer/ccsv8/tools/compiler/gcc-arm-none-eabi-7-2017-q4-major-win32/bin/../lib/gcc/arm-none-eabi/7.2.1/../../../../arm-none-eabi/lib/thumb/v7e-m/fpv4-sp/hard\libg.a(lib_a-mbtowc_r.o)
                0x00005650                __ascii_mbtowc
 .text.memmove  0x0000567c       0xc8 c:/programmer_p/codecomposer/ccsv8/tools/compiler/gcc-arm-none-eabi-7-2017-q4-major-win32/bin/../lib/gcc/arm-none-eabi/7.2.1/../../../../arm-none-eabi/lib/thumb/v7e-m/fpv4-sp/hard\libg.a(lib_a-memmove.o)
                0x0000567c                memmove
 .text.__malloc_lock
                0x00005744        0xc c:/programmer_p/codecomposer/ccsv8/tools/compiler/gcc-arm-none-eabi-7-2017-q4-major-win32/bin/../lib/gcc/arm-none-eabi/7.2.1/../../../../arm-none-eabi/lib/thumb/v7e-m/fpv4-sp/hard\libg.a(lib_a-mlock.o)
                0x00005744                __malloc_lock
 .text.__malloc_unlock
                0x00005750        0xc c:/programmer_p/codecomposer/ccsv8/tools/compiler/gcc-arm-none-eabi-7-2017-q4-major-win32/bin/../lib/gcc/arm-none-eabi/7.2.1/../../../../arm-none-eabi/lib/thumb/v7e-m/fpv4-sp/hard\libg.a(lib_a-mlock.o)
                0x00005750                __malloc_unlock
 .text._realloc_r
                0x0000575c      0x35c c:/programmer_p/codecomposer/ccsv8/tools/compiler/gcc-arm-none-eabi-7-2017-q4-major-win32/bin/../lib/gcc/arm-none-eabi/7.2.1/../../../../arm-none-eabi/lib/thumb/v7e-m/fpv4-sp/hard\libg.a(lib_a-reallocr.o)
                0x0000575c                _realloc_r
 .text.cleanup_glue
                0x00005ab8       0x28 c:/programmer_p/codecomposer/ccsv8/tools/compiler/gcc-arm-none-eabi-7-2017-q4-major-win32/bin/../lib/gcc/arm-none-eabi/7.2.1/../../../../arm-none-eabi/lib/thumb/v7e-m/fpv4-sp/hard\libg.a(lib_a-reent.o)
                0x00005ab8                cleanup_glue
 .text._reclaim_reent
                0x00005ae0       0x88 c:/programmer_p/codecomposer/ccsv8/tools/compiler/gcc-arm-none-eabi-7-2017-q4-major-win32/bin/../lib/gcc/arm-none-eabi/7.2.1/../../../../arm-none-eabi/lib/thumb/v7e-m/fpv4-sp/hard\libg.a(lib_a-reent.o)
                0x00005ae0                _reclaim_reent
 .text._sbrk_r  0x00005b68       0x24 c:/programmer_p/codecomposer/ccsv8/tools/compiler/gcc-arm-none-eabi-7-2017-q4-major-win32/bin/../lib/gcc/arm-none-eabi/7.2.1/../../../../arm-none-eabi/lib/thumb/v7e-m/fpv4-sp/hard\libg.a(lib_a-sbrkr.o)
                0x00005b68                _sbrk_r
 .text._init_signal_r.part.0
                0x00005b8c       0x28 c:/programmer_p/codecomposer/ccsv8/tools/compiler/gcc-arm-none-eabi-7-2017-q4-major-win32/bin/../lib/gcc/arm-none-eabi/7.2.1/../../../../arm-none-eabi/lib/thumb/v7e-m/fpv4-sp/hard\libg.a(lib_a-signal.o)
 .text._init_signal_r
                0x00005bb4       0x10 c:/programmer_p/codecomposer/ccsv8/tools/compiler/gcc-arm-none-eabi-7-2017-q4-major-win32/bin/../lib/gcc/arm-none-eabi/7.2.1/../../../../arm-none-eabi/lib/thumb/v7e-m/fpv4-sp/hard\libg.a(lib_a-signal.o)
                0x00005bb4                _init_signal_r
 .text._signal_r
                0x00005bc4       0x38 c:/programmer_p/codecomposer/ccsv8/tools/compiler/gcc-arm-none-eabi-7-2017-q4-major-win32/bin/../lib/gcc/arm-none-eabi/7.2.1/../../../../arm-none-eabi/lib/thumb/v7e-m/fpv4-sp/hard\libg.a(lib_a-signal.o)
                0x00005bc4                _signal_r
 .text._raise_r
                0x00005bfc       0x58 c:/programmer_p/codecomposer/ccsv8/tools/compiler/gcc-arm-none-eabi-7-2017-q4-major-win32/bin/../lib/gcc/arm-none-eabi/7.2.1/../../../../arm-none-eabi/lib/thumb/v7e-m/fpv4-sp/hard\libg.a(lib_a-signal.o)
                0x00005bfc                _raise_r
 .text.__sigtramp_r
                0x00005c54       0x54 c:/programmer_p/codecomposer/ccsv8/tools/compiler/gcc-arm-none-eabi-7-2017-q4-major-win32/bin/../lib/gcc/arm-none-eabi/7.2.1/../../../../arm-none-eabi/lib/thumb/v7e-m/fpv4-sp/hard\libg.a(lib_a-signal.o)
                0x00005c54                __sigtramp_r
 .text.raise    0x00005ca8       0x10 c:/programmer_p/codecomposer/ccsv8/tools/compiler/gcc-arm-none-eabi-7-2017-q4-major-win32/bin/../lib/gcc/arm-none-eabi/7.2.1/../../../../arm-none-eabi/lib/thumb/v7e-m/fpv4-sp/hard\libg.a(lib_a-signal.o)
                0x00005ca8                raise
 .text.signal   0x00005cb8       0x10 c:/programmer_p/codecomposer/ccsv8/tools/compiler/gcc-arm-none-eabi-7-2017-q4-major-win32/bin/../lib/gcc/arm-none-eabi/7.2.1/../../../../arm-none-eabi/lib/thumb/v7e-m/fpv4-sp/hard\libg.a(lib_a-signal.o)
                0x00005cb8                signal
 .text._init_signal
                0x00005cc8       0x18 c:/programmer_p/codecomposer/ccsv8/tools/compiler/gcc-arm-none-eabi-7-2017-q4-major-win32/bin/../lib/gcc/arm-none-eabi/7.2.1/../../../../arm-none-eabi/lib/thumb/v7e-m/fpv4-sp/hard\libg.a(lib_a-signal.o)
                0x00005cc8                _init_signal
 .text.__sigtramp
                0x00005ce0       0x10 c:/programmer_p/codecomposer/ccsv8/tools/compiler/gcc-arm-none-eabi-7-2017-q4-major-win32/bin/../lib/gcc/arm-none-eabi/7.2.1/../../../../arm-none-eabi/lib/thumb/v7e-m/fpv4-sp/hard\libg.a(lib_a-signal.o)
                0x00005ce0                __sigtramp
 .text._kill_r  0x00005cf0       0x28 c:/programmer_p/codecomposer/ccsv8/tools/compiler/gcc-arm-none-eabi-7-2017-q4-major-win32/bin/../lib/gcc/arm-none-eabi/7.2.1/../../../../arm-none-eabi/lib/thumb/v7e-m/fpv4-sp/hard\libg.a(lib_a-signalr.o)
                0x00005cf0                _kill_r
 .text._getpid_r
                0x00005d18        0x4 c:/programmer_p/codecomposer/ccsv8/tools/compiler/gcc-arm-none-eabi-7-2017-q4-major-win32/bin/../lib/gcc/arm-none-eabi/7.2.1/../../../../arm-none-eabi/lib/thumb/v7e-m/fpv4-sp/hard\libg.a(lib_a-signalr.o)
                0x00005d18                _getpid_r
 .text.__sread  0x00005d1c       0x24 c:/programmer_p/codecomposer/ccsv8/tools/compiler/gcc-arm-none-eabi-7-2017-q4-major-win32/bin/../lib/gcc/arm-none-eabi/7.2.1/../../../../arm-none-eabi/lib/thumb/v7e-m/fpv4-sp/hard\libg.a(lib_a-stdio.o)
                0x00005d1c                __sread
 .text.__seofread
                0x00005d40        0x4 c:/programmer_p/codecomposer/ccsv8/tools/compiler/gcc-arm-none-eabi-7-2017-q4-major-win32/bin/../lib/gcc/arm-none-eabi/7.2.1/../../../../arm-none-eabi/lib/thumb/v7e-m/fpv4-sp/hard\libg.a(lib_a-stdio.o)
                0x00005d40                __seofread
 .text.__swrite
                0x00005d44       0x3c c:/programmer_p/codecomposer/ccsv8/tools/compiler/gcc-arm-none-eabi-7-2017-q4-major-win32/bin/../lib/gcc/arm-none-eabi/7.2.1/../../../../arm-none-eabi/lib/thumb/v7e-m/fpv4-sp/hard\libg.a(lib_a-stdio.o)
                0x00005d44                __swrite
 .text.__sseek  0x00005d80       0x20 c:/programmer_p/codecomposer/ccsv8/tools/compiler/gcc-arm-none-eabi-7-2017-q4-major-win32/bin/../lib/gcc/arm-none-eabi/7.2.1/../../../../arm-none-eabi/lib/thumb/v7e-m/fpv4-sp/hard\libg.a(lib_a-stdio.o)
                0x00005d80                __sseek
 .text.__sclose
                0x00005da0        0x8 c:/programmer_p/codecomposer/ccsv8/tools/compiler/gcc-arm-none-eabi-7-2017-q4-major-win32/bin/../lib/gcc/arm-none-eabi/7.2.1/../../../../arm-none-eabi/lib/thumb/v7e-m/fpv4-sp/hard\libg.a(lib_a-stdio.o)
                0x00005da0                __sclose
 .text.__swbuf_r
                0x00005da8       0xb0 c:/programmer_p/codecomposer/ccsv8/tools/compiler/gcc-arm-none-eabi-7-2017-q4-major-win32/bin/../lib/gcc/arm-none-eabi/7.2.1/../../../../arm-none-eabi/lib/thumb/v7e-m/fpv4-sp/hard\libg.a(lib_a-wbuf.o)
                0x00005da8                __swbuf_r
 .text.__swbuf  0x00005e58       0x10 c:/programmer_p/codecomposer/ccsv8/tools/compiler/gcc-arm-none-eabi-7-2017-q4-major-win32/bin/../lib/gcc/arm-none-eabi/7.2.1/../../../../arm-none-eabi/lib/thumb/v7e-m/fpv4-sp/hard\libg.a(lib_a-wbuf.o)
                0x00005e58                __swbuf
 .text._wcrtomb_r
                0x00005e68       0x50 c:/programmer_p/codecomposer/ccsv8/tools/compiler/gcc-arm-none-eabi-7-2017-q4-major-win32/bin/../lib/gcc/arm-none-eabi/7.2.1/../../../../arm-none-eabi/lib/thumb/v7e-m/fpv4-sp/hard\libg.a(lib_a-wcrtomb.o)
                0x00005e68                _wcrtomb_r
 .text.wcrtomb  0x00005eb8       0x54 c:/programmer_p/codecomposer/ccsv8/tools/compiler/gcc-arm-none-eabi-7-2017-q4-major-win32/bin/../lib/gcc/arm-none-eabi/7.2.1/../../../../arm-none-eabi/lib/thumb/v7e-m/fpv4-sp/hard\libg.a(lib_a-wcrtomb.o)
                0x00005eb8                wcrtomb
 .text._wctomb_r
                0x00005f0c       0x24 c:/programmer_p/codecomposer/ccsv8/tools/compiler/gcc-arm-none-eabi-7-2017-q4-major-win32/bin/../lib/gcc/arm-none-eabi/7.2.1/../../../../arm-none-eabi/lib/thumb/v7e-m/fpv4-sp/hard\libg.a(lib_a-wctomb_r.o)
                0x00005f0c                _wctomb_r
 .text.__ascii_wctomb
                0x00005f30       0x1c c:/programmer_p/codecomposer/ccsv8/tools/compiler/gcc-arm-none-eabi-7-2017-q4-major-win32/bin/../lib/gcc/arm-none-eabi/7.2.1/../../../../arm-none-eabi/lib/thumb/v7e-m/fpv4-sp/hard\libg.a(lib_a-wctomb_r.o)
                0x00005f30                __ascii_wctomb
 .text._write_r
                0x00005f4c       0x2c c:/programmer_p/codecomposer/ccsv8/tools/compiler/gcc-arm-none-eabi-7-2017-q4-major-win32/bin/../lib/gcc/arm-none-eabi/7.2.1/../../../../arm-none-eabi/lib/thumb/v7e-m/fpv4-sp/hard\libg.a(lib_a-writer.o)
                0x00005f4c                _write_r
 .text.__register_exitproc
                0x00005f78       0xc0 c:/programmer_p/codecomposer/ccsv8/tools/compiler/gcc-arm-none-eabi-7-2017-q4-major-win32/bin/../lib/gcc/arm-none-eabi/7.2.1/../../../../arm-none-eabi/lib/thumb/v7e-m/fpv4-sp/hard\libg.a(lib_a-__atexit.o)
                0x00005f78                __register_exitproc
 .text._close_r
                0x00006038       0x24 c:/programmer_p/codecomposer/ccsv8/tools/compiler/gcc-arm-none-eabi-7-2017-q4-major-win32/bin/../lib/gcc/arm-none-eabi/7.2.1/../../../../arm-none-eabi/lib/thumb/v7e-m/fpv4-sp/hard\libg.a(lib_a-closer.o)
                0x00006038                _close_r
 .text._fclose_r
                0x0000605c       0xd0 c:/programmer_p/codecomposer/ccsv8/tools/compiler/gcc-arm-none-eabi-7-2017-q4-major-win32/bin/../lib/gcc/arm-none-eabi/7.2.1/../../../../arm-none-eabi/lib/thumb/v7e-m/fpv4-sp/hard\libg.a(lib_a-fclose.o)
                0x0000605c                _fclose_r
 .text.fclose   0x0000612c       0x10 c:/programmer_p/codecomposer/ccsv8/tools/compiler/gcc-arm-none-eabi-7-2017-q4-major-win32/bin/../lib/gcc/arm-none-eabi/7.2.1/../../../../arm-none-eabi/lib/thumb/v7e-m/fpv4-sp/hard\libg.a(lib_a-fclose.o)
                0x0000612c                fclose
 .text._fstat_r
                0x0000613c       0x28 c:/programmer_p/codecomposer/ccsv8/tools/compiler/gcc-arm-none-eabi-7-2017-q4-major-win32/bin/../lib/gcc/arm-none-eabi/7.2.1/../../../../arm-none-eabi/lib/thumb/v7e-m/fpv4-sp/hard\libg.a(lib_a-fstatr.o)
                0x0000613c                _fstat_r
 .text._isatty_r
                0x00006164       0x24 c:/programmer_p/codecomposer/ccsv8/tools/compiler/gcc-arm-none-eabi-7-2017-q4-major-win32/bin/../lib/gcc/arm-none-eabi/7.2.1/../../../../arm-none-eabi/lib/thumb/v7e-m/fpv4-sp/hard\libg.a(lib_a-isattyr.o)
                0x00006164                _isatty_r
 .text._lseek_r
                0x00006188       0x2c c:/programmer_p/codecomposer/ccsv8/tools/compiler/gcc-arm-none-eabi-7-2017-q4-major-win32/bin/../lib/gcc/arm-none-eabi/7.2.1/../../../../arm-none-eabi/lib/thumb/v7e-m/fpv4-sp/hard\libg.a(lib_a-lseekr.o)
                0x00006188                _lseek_r
 .text._read_r  0x000061b4       0x2c c:/programmer_p/codecomposer/ccsv8/tools/compiler/gcc-arm-none-eabi-7-2017-q4-major-win32/bin/../lib/gcc/arm-none-eabi/7.2.1/../../../../arm-none-eabi/lib/thumb/v7e-m/fpv4-sp/hard\libg.a(lib_a-readr.o)
                0x000061b4                _read_r
 .text._close   0x000061e0       0x10 c:/programmer_p/codecomposer/ccsv8/tools/compiler/gcc-arm-none-eabi-7-2017-q4-major-win32/bin/../lib/gcc/arm-none-eabi/7.2.1/../../../../arm-none-eabi/lib/thumb/v7e-m/fpv4-sp/hard\libnosys.a(close.o)
                0x000061e0                _close
 .text._execve  0x000061f0       0x10 c:/programmer_p/codecomposer/ccsv8/tools/compiler/gcc-arm-none-eabi-7-2017-q4-major-win32/bin/../lib/gcc/arm-none-eabi/7.2.1/../../../../arm-none-eabi/lib/thumb/v7e-m/fpv4-sp/hard\libnosys.a(execve.o)
                0x000061f0                _execve
 .text._fork    0x00006200       0x10 c:/programmer_p/codecomposer/ccsv8/tools/compiler/gcc-arm-none-eabi-7-2017-q4-major-win32/bin/../lib/gcc/arm-none-eabi/7.2.1/../../../../arm-none-eabi/lib/thumb/v7e-m/fpv4-sp/hard\libnosys.a(fork.o)
                0x00006200                _fork
 .text._fstat   0x00006210       0x10 c:/programmer_p/codecomposer/ccsv8/tools/compiler/gcc-arm-none-eabi-7-2017-q4-major-win32/bin/../lib/gcc/arm-none-eabi/7.2.1/../../../../arm-none-eabi/lib/thumb/v7e-m/fpv4-sp/hard\libnosys.a(fstat.o)
                0x00006210                _fstat
 .text._getpid  0x00006220       0x10 c:/programmer_p/codecomposer/ccsv8/tools/compiler/gcc-arm-none-eabi-7-2017-q4-major-win32/bin/../lib/gcc/arm-none-eabi/7.2.1/../../../../arm-none-eabi/lib/thumb/v7e-m/fpv4-sp/hard\libnosys.a(getpid.o)
                0x00006220                _getpid
 .text._isatty  0x00006230       0x10 c:/programmer_p/codecomposer/ccsv8/tools/compiler/gcc-arm-none-eabi-7-2017-q4-major-win32/bin/../lib/gcc/arm-none-eabi/7.2.1/../../../../arm-none-eabi/lib/thumb/v7e-m/fpv4-sp/hard\libnosys.a(isatty.o)
                0x00006230                _isatty
 .text._kill    0x00006240       0x10 c:/programmer_p/codecomposer/ccsv8/tools/compiler/gcc-arm-none-eabi-7-2017-q4-major-win32/bin/../lib/gcc/arm-none-eabi/7.2.1/../../../../arm-none-eabi/lib/thumb/v7e-m/fpv4-sp/hard\libnosys.a(kill.o)
                0x00006240                _kill
 .text._lseek   0x00006250       0x10 c:/programmer_p/codecomposer/ccsv8/tools/compiler/gcc-arm-none-eabi-7-2017-q4-major-win32/bin/../lib/gcc/arm-none-eabi/7.2.1/../../../../arm-none-eabi/lib/thumb/v7e-m/fpv4-sp/hard\libnosys.a(lseek.o)
                0x00006250                _lseek
 .text._read    0x00006260       0x10 c:/programmer_p/codecomposer/ccsv8/tools/compiler/gcc-arm-none-eabi-7-2017-q4-major-win32/bin/../lib/gcc/arm-none-eabi/7.2.1/../../../../arm-none-eabi/lib/thumb/v7e-m/fpv4-sp/hard\libnosys.a(read.o)
                0x00006260                _read
 .text._sbrk    0x00006270       0x1c c:/programmer_p/codecomposer/ccsv8/tools/compiler/gcc-arm-none-eabi-7-2017-q4-major-win32/bin/../lib/gcc/arm-none-eabi/7.2.1/../../../../arm-none-eabi/lib/thumb/v7e-m/fpv4-sp/hard\libnosys.a(sbrk.o)
                0x00006270                _sbrk
 .text._wait    0x0000628c       0x10 c:/programmer_p/codecomposer/ccsv8/tools/compiler/gcc-arm-none-eabi-7-2017-q4-major-win32/bin/../lib/gcc/arm-none-eabi/7.2.1/../../../../arm-none-eabi/lib/thumb/v7e-m/fpv4-sp/hard\libnosys.a(wait.o)
                0x0000628c                _wait
 .text._write   0x0000629c       0x10 c:/programmer_p/codecomposer/ccsv8/tools/compiler/gcc-arm-none-eabi-7-2017-q4-major-win32/bin/../lib/gcc/arm-none-eabi/7.2.1/../../../../arm-none-eabi/lib/thumb/v7e-m/fpv4-sp/hard\libnosys.a(write.o)
                0x0000629c                _write
 .text._exit    0x000062ac        0x4 c:/programmer_p/codecomposer/ccsv8/tools/compiler/gcc-arm-none-eabi-7-2017-q4-major-win32/bin/../lib/gcc/arm-none-eabi/7.2.1/../../../../arm-none-eabi/lib/thumb/v7e-m/fpv4-sp/hard\libnosys.a(_exit.o)
                0x000062ac                _exit
                0x000062b0                . = ALIGN (0x4)
 *(.ctors)
                0x000062b0                . = ALIGN (0x4)
 *(.dtors)
                0x000062b0                . = ALIGN (0x4)
                0x000062b0                __init_array_start = .
 *(.init_array*)
 .init_array    0x000062b0        0x4 c:/programmer_p/codecomposer/ccsv8/tools/compiler/gcc-arm-none-eabi-7-2017-q4-major-win32/bin/../lib/gcc/arm-none-eabi/7.2.1/thumb/v7e-m/fpv4-sp/hard/crtbegin.o
 .init_array.00000
                0x000062b4        0x4 c:/programmer_p/codecomposer/ccsv8/tools/compiler/gcc-arm-none-eabi-7-2017-q4-major-win32/bin/../lib/gcc/arm-none-eabi/7.2.1/../../../../arm-none-eabi/lib/thumb/v7e-m/fpv4-sp/hard\libg.a(lib_a-__call_atexit.o)
                0x000062b8                __init_array_end = .
 *(.init)
 .init          0x000062b8        0x4 c:/programmer_p/codecomposer/ccsv8/tools/compiler/gcc-arm-none-eabi-7-2017-q4-major-win32/bin/../lib/gcc/arm-none-eabi/7.2.1/thumb/v7e-m/fpv4-sp/hard/crti.o
                0x000062b8                _init
 .init          0x000062bc        0x8 c:/programmer_p/codecomposer/ccsv8/tools/compiler/gcc-arm-none-eabi-7-2017-q4-major-win32/bin/../lib/gcc/arm-none-eabi/7.2.1/thumb/v7e-m/fpv4-sp/hard/crtn.o
 *(.fini*)
 .fini          0x000062c4        0x4 c:/programmer_p/codecomposer/ccsv8/tools/compiler/gcc-arm-none-eabi-7-2017-q4-major-win32/bin/../lib/gcc/arm-none-eabi/7.2.1/thumb/v7e-m/fpv4-sp/hard/crti.o
                0x000062c4                _fini
 .fini_array    0x000062c8        0x4 c:/programmer_p/codecomposer/ccsv8/tools/compiler/gcc-arm-none-eabi-7-2017-q4-major-win32/bin/../lib/gcc/arm-none-eabi/7.2.1/thumb/v7e-m/fpv4-sp/hard/crtbegin.o
 .fini          0x000062cc        0x8 c:/programmer_p/codecomposer/ccsv8/tools/compiler/gcc-arm-none-eabi-7-2017-q4-major-win32/bin/../lib/gcc/arm-none-eabi/7.2.1/thumb/v7e-m/fpv4-sp/hard/crtn.o
                [!provide]                PROVIDE (__etext, .)
                [!provide]                PROVIDE (_etext, .)
                [!provide]                PROVIDE (etext, .)

.glue_7         0x000062d4        0x0
 .glue_7        0x000062d4        0x0 linker stubs

.glue_7t        0x000062d4        0x0
 .glue_7t       0x000062d4        0x0 linker stubs

.vfp11_veneer   0x000062d4        0x0
 .vfp11_veneer  0x000062d4        0x0 linker stubs

.v4_bx          0x000062d4        0x0
 .v4_bx         0x000062d4        0x0 linker stubs

.iplt           0x000062d4        0x0
 .iplt          0x000062d4        0x0 c:/programmer_p/codecomposer/ccsv8/tools/compiler/gcc-arm-none-eabi-7-2017-q4-major-win32/bin/../lib/gcc/arm-none-eabi/7.2.1/thumb/v7e-m/fpv4-sp/hard/crtbegin.o

.rodata         0x000062d4      0x229
 *(.rodata)
 *(.rodata*)
 .rodata.LCD_init_sequense
                0x000062d4        0xa ./lcd.o
                0x000062d4                LCD_init_sequense
 *fill*         0x000062de        0x2 
 .rodata.__func__.6845
                0x000062e0        0xd ./task_manager.o
 *fill*         0x000062ed        0x3 
 .rodata.task_manager.str1.4
                0x000062f0       0x5f ./task_manager.o
 *fill*         0x0000634f        0x1 
 .rodata.vTaskStartScheduler.str1.4
                0x00006350        0x5 ./tasks.o
 *fill*         0x00006355        0x3 
 .rodata.__assert_func.str1.4
                0x00006358       0x3f c:/programmer_p/codecomposer/ccsv8/tools/compiler/gcc-arm-none-eabi-7-2017-q4-major-win32/bin/../lib/gcc/arm-none-eabi/7.2.1/../../../../arm-none-eabi/lib/thumb/v7e-m/fpv4-sp/hard\libg.a(lib_a-assert.o)
                                 0x43 (size before relaxing)
 *fill*         0x00006397        0x1 
 .rodata._global_impure_ptr
                0x00006398        0x4 c:/programmer_p/codecomposer/ccsv8/tools/compiler/gcc-arm-none-eabi-7-2017-q4-major-win32/bin/../lib/gcc/arm-none-eabi/7.2.1/../../../../arm-none-eabi/lib/thumb/v7e-m/fpv4-sp/hard\libg.a(lib_a-impure.o)
                0x00006398                _global_impure_ptr
 .rodata._vfiprintf_r.str1.4
                0x0000639c       0x2f c:/programmer_p/codecomposer/ccsv8/tools/compiler/gcc-arm-none-eabi-7-2017-q4-major-win32/bin/../lib/gcc/arm-none-eabi/7.2.1/../../../../arm-none-eabi/lib/thumb/v7e-m/fpv4-sp/hard\libg.a(lib_a-vfiprintf.o)
 *fill*         0x000063cb        0x1 
 .rodata.blanks.8545
                0x000063cc       0x10 c:/programmer_p/codecomposer/ccsv8/tools/compiler/gcc-arm-none-eabi-7-2017-q4-major-win32/bin/../lib/gcc/arm-none-eabi/7.2.1/../../../../arm-none-eabi/lib/thumb/v7e-m/fpv4-sp/hard\libg.a(lib_a-vfiprintf.o)
 .rodata.zeroes.8546
                0x000063dc       0x10 c:/programmer_p/codecomposer/ccsv8/tools/compiler/gcc-arm-none-eabi-7-2017-q4-major-win32/bin/../lib/gcc/arm-none-eabi/7.2.1/../../../../arm-none-eabi/lib/thumb/v7e-m/fpv4-sp/hard\libg.a(lib_a-vfiprintf.o)
 .rodata._setlocale_r.str1.4
                0x000063ec        0xa c:/programmer_p/codecomposer/ccsv8/tools/compiler/gcc-arm-none-eabi-7-2017-q4-major-win32/bin/../lib/gcc/arm-none-eabi/7.2.1/../../../../arm-none-eabi/lib/thumb/v7e-m/fpv4-sp/hard\libg.a(lib_a-locale.o)
                                  0xd (size before relaxing)
 *fill*         0x000063f6        0x2 
 .rodata.str1.4
                0x000063f8        0x4 c:/programmer_p/codecomposer/ccsv8/tools/compiler/gcc-arm-none-eabi-7-2017-q4-major-win32/bin/../lib/gcc/arm-none-eabi/7.2.1/../../../../arm-none-eabi/lib/thumb/v7e-m/fpv4-sp/hard\libg.a(lib_a-locale.o)
                                  0x2 (size before relaxing)
 .rodata._ctype_
                0x000063fc      0x101 c:/programmer_p/codecomposer/ccsv8/tools/compiler/gcc-arm-none-eabi-7-2017-q4-major-win32/bin/../lib/gcc/arm-none-eabi/7.2.1/../../../../arm-none-eabi/lib/thumb/v7e-m/fpv4-sp/hard\libg.a(lib_a-ctype_.o)
                0x000063fc                _ctype_

.eh_frame       0x00006500        0x4
 .eh_frame      0x00006500        0x0 c:/programmer_p/codecomposer/ccsv8/tools/compiler/gcc-arm-none-eabi-7-2017-q4-major-win32/bin/../lib/gcc/arm-none-eabi/7.2.1/thumb/v7e-m/fpv4-sp/hard/crtbegin.o
 .eh_frame      0x00006500        0x4 c:/programmer_p/codecomposer/ccsv8/tools/compiler/gcc-arm-none-eabi-7-2017-q4-major-win32/bin/../lib/gcc/arm-none-eabi/7.2.1/thumb/v7e-m/fpv4-sp/hard/crtend.o

.data           0x20000000      0x9b8 load address 0x00006504
                0x00006504                __data_load__ = LOADADDR (.data)
                0x20000000                __data_start__ = .
 *(.data)
 .data          0x20000000        0x0 c:/programmer_p/codecomposer/ccsv8/tools/compiler/gcc-arm-none-eabi-7-2017-q4-major-win32/bin/../lib/gcc/arm-none-eabi/7.2.1/thumb/v7e-m/fpv4-sp/hard/crti.o
 .data          0x20000000        0x4 c:/programmer_p/codecomposer/ccsv8/tools/compiler/gcc-arm-none-eabi-7-2017-q4-major-win32/bin/../lib/gcc/arm-none-eabi/7.2.1/thumb/v7e-m/fpv4-sp/hard/crtbegin.o
                0x20000000                __dso_handle
 .data          0x20000004        0x0 c:/programmer_p/codecomposer/ccsv8/tools/compiler/gcc-arm-none-eabi-7-2017-q4-major-win32/bin/../lib/gcc/arm-none-eabi/7.2.1/../../../../arm-none-eabi/lib/thumb/v7e-m/fpv4-sp/hard/crt0.o
 .data          0x20000004        0x0 ./angle_meter.o
 .data          0x20000004        0x0 ./drehimpulsgeber.o
 .data          0x20000004        0x0 ./gpio.o
 .data          0x20000004        0x0 ./heap_2.o
 .data          0x20000004        0x0 ./lcd.o
 .data          0x20000004        0x0 ./list.o
 .data          0x20000004        0x0 ./main.o
 .data          0x20000004        0x0 ./port.o
 .data          0x20000004        0x0 ./queue.o
 .data          0x20000004        0x0 ./queue_lcd.o
 .data          0x20000004        0x0 ./startup_frt.o
 .data          0x20000004        0x0 ./systick_frt.o
 .data          0x20000004        0x0 ./task_manager.o
 .data          0x20000004        0x0 ./tasks.o
 .data          0x20000004        0x0 c:/programmer_p/codecomposer/ccsv8/tools/compiler/gcc-arm-none-eabi-7-2017-q4-major-win32/bin/../lib/gcc/arm-none-eabi/7.2.1/../../../../arm-none-eabi/lib/thumb/v7e-m/fpv4-sp/hard\libg.a(lib_a-assert.o)
 .data          0x20000004        0x0 c:/programmer_p/codecomposer/ccsv8/tools/compiler/gcc-arm-none-eabi-7-2017-q4-major-win32/bin/../lib/gcc/arm-none-eabi/7.2.1/../../../../arm-none-eabi/lib/thumb/v7e-m/fpv4-sp/hard\libg.a(lib_a-exit.o)
 .data          0x20000004        0x0 c:/programmer_p/codecomposer/ccsv8/tools/compiler/gcc-arm-none-eabi-7-2017-q4-major-win32/bin/../lib/gcc/arm-none-eabi/7.2.1/../../../../arm-none-eabi/lib/thumb/v7e-m/fpv4-sp/hard\libg.a(lib_a-fiprintf.o)
 .data          0x20000004        0x0 c:/programmer_p/codecomposer/ccsv8/tools/compiler/gcc-arm-none-eabi-7-2017-q4-major-win32/bin/../lib/gcc/arm-none-eabi/7.2.1/../../../../arm-none-eabi/lib/thumb/v7e-m/fpv4-sp/hard\libg.a(lib_a-impure.o)
 .data          0x20000004        0x0 c:/programmer_p/codecomposer/ccsv8/tools/compiler/gcc-arm-none-eabi-7-2017-q4-major-win32/bin/../lib/gcc/arm-none-eabi/7.2.1/../../../../arm-none-eabi/lib/thumb/v7e-m/fpv4-sp/hard\libg.a(lib_a-init.o)
 .data          0x20000004        0x0 c:/programmer_p/codecomposer/ccsv8/tools/compiler/gcc-arm-none-eabi-7-2017-q4-major-win32/bin/../lib/gcc/arm-none-eabi/7.2.1/../../../../arm-none-eabi/lib/thumb/v7e-m/fpv4-sp/hard\libg.a(lib_a-memcpy.o)
 .data          0x20000004        0x0 c:/programmer_p/codecomposer/ccsv8/tools/compiler/gcc-arm-none-eabi-7-2017-q4-major-win32/bin/../lib/gcc/arm-none-eabi/7.2.1/../../../../arm-none-eabi/lib/thumb/v7e-m/fpv4-sp/hard\libg.a(lib_a-memset.o)
 .data          0x20000004        0x0 c:/programmer_p/codecomposer/ccsv8/tools/compiler/gcc-arm-none-eabi-7-2017-q4-major-win32/bin/../lib/gcc/arm-none-eabi/7.2.1/../../../../arm-none-eabi/lib/thumb/v7e-m/fpv4-sp/hard\libg.a(lib_a-syswait.o)
 .data          0x20000004        0x0 c:/programmer_p/codecomposer/ccsv8/tools/compiler/gcc-arm-none-eabi-7-2017-q4-major-win32/bin/../lib/gcc/arm-none-eabi/7.2.1/../../../../arm-none-eabi/lib/thumb/v7e-m/fpv4-sp/hard\libg.a(lib_a-vfiprintf.o)
 .data          0x20000004        0x0 c:/programmer_p/codecomposer/ccsv8/tools/compiler/gcc-arm-none-eabi-7-2017-q4-major-win32/bin/../lib/gcc/arm-none-eabi/7.2.1/../../../../arm-none-eabi/lib/thumb/v7e-m/fpv4-sp/hard\libg.a(lib_a-wsetup.o)
 .data          0x20000004        0x0 c:/programmer_p/codecomposer/ccsv8/tools/compiler/gcc-arm-none-eabi-7-2017-q4-major-win32/bin/../lib/gcc/arm-none-eabi/7.2.1/../../../../arm-none-eabi/lib/thumb/v7e-m/fpv4-sp/hard\libg.a(lib_a-__call_atexit.o)
 .data          0x20000004        0x0 c:/programmer_p/codecomposer/ccsv8/tools/compiler/gcc-arm-none-eabi-7-2017-q4-major-win32/bin/../lib/gcc/arm-none-eabi/7.2.1/../../../../arm-none-eabi/lib/thumb/v7e-m/fpv4-sp/hard\libg.a(lib_a-abort.o)
 .data          0x20000004        0x0 c:/programmer_p/codecomposer/ccsv8/tools/compiler/gcc-arm-none-eabi-7-2017-q4-major-win32/bin/../lib/gcc/arm-none-eabi/7.2.1/../../../../arm-none-eabi/lib/thumb/v7e-m/fpv4-sp/hard\libg.a(lib_a-atexit.o)
 .data          0x20000004        0x0 c:/programmer_p/codecomposer/ccsv8/tools/compiler/gcc-arm-none-eabi-7-2017-q4-major-win32/bin/../lib/gcc/arm-none-eabi/7.2.1/../../../../arm-none-eabi/lib/thumb/v7e-m/fpv4-sp/hard\libg.a(lib_a-execr.o)
 .data          0x20000004        0x0 c:/programmer_p/codecomposer/ccsv8/tools/compiler/gcc-arm-none-eabi-7-2017-q4-major-win32/bin/../lib/gcc/arm-none-eabi/7.2.1/../../../../arm-none-eabi/lib/thumb/v7e-m/fpv4-sp/hard\libg.a(lib_a-fflush.o)
 .data          0x20000004        0x0 c:/programmer_p/codecomposer/ccsv8/tools/compiler/gcc-arm-none-eabi-7-2017-q4-major-win32/bin/../lib/gcc/arm-none-eabi/7.2.1/../../../../arm-none-eabi/lib/thumb/v7e-m/fpv4-sp/hard\libg.a(lib_a-findfp.o)
 .data          0x20000004        0x0 c:/programmer_p/codecomposer/ccsv8/tools/compiler/gcc-arm-none-eabi-7-2017-q4-major-win32/bin/../lib/gcc/arm-none-eabi/7.2.1/../../../../arm-none-eabi/lib/thumb/v7e-m/fpv4-sp/hard\libg.a(lib_a-fini.o)
 .data          0x20000004        0x0 c:/programmer_p/codecomposer/ccsv8/tools/compiler/gcc-arm-none-eabi-7-2017-q4-major-win32/bin/../lib/gcc/arm-none-eabi/7.2.1/../../../../arm-none-eabi/lib/thumb/v7e-m/fpv4-sp/hard\libg.a(lib_a-fputwc.o)
 .data          0x20000004        0x0 c:/programmer_p/codecomposer/ccsv8/tools/compiler/gcc-arm-none-eabi-7-2017-q4-major-win32/bin/../lib/gcc/arm-none-eabi/7.2.1/../../../../arm-none-eabi/lib/thumb/v7e-m/fpv4-sp/hard\libg.a(lib_a-freer.o)
 .data          0x20000004        0x0 c:/programmer_p/codecomposer/ccsv8/tools/compiler/gcc-arm-none-eabi-7-2017-q4-major-win32/bin/../lib/gcc/arm-none-eabi/7.2.1/../../../../arm-none-eabi/lib/thumb/v7e-m/fpv4-sp/hard\libg.a(lib_a-fvwrite.o)
 .data          0x20000004        0x0 c:/programmer_p/codecomposer/ccsv8/tools/compiler/gcc-arm-none-eabi-7-2017-q4-major-win32/bin/../lib/gcc/arm-none-eabi/7.2.1/../../../../arm-none-eabi/lib/thumb/v7e-m/fpv4-sp/hard\libg.a(lib_a-fwalk.o)
 .data          0x20000004        0x0 c:/programmer_p/codecomposer/ccsv8/tools/compiler/gcc-arm-none-eabi-7-2017-q4-major-win32/bin/../lib/gcc/arm-none-eabi/7.2.1/../../../../arm-none-eabi/lib/thumb/v7e-m/fpv4-sp/hard\libg.a(lib_a-locale.o)
 .data          0x20000004        0x0 c:/programmer_p/codecomposer/ccsv8/tools/compiler/gcc-arm-none-eabi-7-2017-q4-major-win32/bin/../lib/gcc/arm-none-eabi/7.2.1/../../../../arm-none-eabi/lib/thumb/v7e-m/fpv4-sp/hard\libg.a(lib_a-lock.o)
 .data          0x20000004        0x0 c:/programmer_p/codecomposer/ccsv8/tools/compiler/gcc-arm-none-eabi-7-2017-q4-major-win32/bin/../lib/gcc/arm-none-eabi/7.2.1/../../../../arm-none-eabi/lib/thumb/v7e-m/fpv4-sp/hard\libg.a(lib_a-makebuf.o)
 .data          0x20000004        0x0 c:/programmer_p/codecomposer/ccsv8/tools/compiler/gcc-arm-none-eabi-7-2017-q4-major-win32/bin/../lib/gcc/arm-none-eabi/7.2.1/../../../../arm-none-eabi/lib/thumb/v7e-m/fpv4-sp/hard\libg.a(lib_a-mallocr.o)
 .data          0x20000004        0x0 c:/programmer_p/codecomposer/ccsv8/tools/compiler/gcc-arm-none-eabi-7-2017-q4-major-win32/bin/../lib/gcc/arm-none-eabi/7.2.1/../../../../arm-none-eabi/lib/thumb/v7e-m/fpv4-sp/hard\libg.a(lib_a-mbtowc_r.o)
 .data          0x20000004        0x0 c:/programmer_p/codecomposer/ccsv8/tools/compiler/gcc-arm-none-eabi-7-2017-q4-major-win32/bin/../lib/gcc/arm-none-eabi/7.2.1/../../../../arm-none-eabi/lib/thumb/v7e-m/fpv4-sp/hard\libg.a(lib_a-memchr.o)
 .data          0x20000004        0x0 c:/programmer_p/codecomposer/ccsv8/tools/compiler/gcc-arm-none-eabi-7-2017-q4-major-win32/bin/../lib/gcc/arm-none-eabi/7.2.1/../../../../arm-none-eabi/lib/thumb/v7e-m/fpv4-sp/hard\libg.a(lib_a-memmove.o)
 .data          0x20000004        0x0 c:/programmer_p/codecomposer/ccsv8/tools/compiler/gcc-arm-none-eabi-7-2017-q4-major-win32/bin/../lib/gcc/arm-none-eabi/7.2.1/../../../../arm-none-eabi/lib/thumb/v7e-m/fpv4-sp/hard\libg.a(lib_a-mlock.o)
 .data          0x20000004        0x0 c:/programmer_p/codecomposer/ccsv8/tools/compiler/gcc-arm-none-eabi-7-2017-q4-major-win32/bin/../lib/gcc/arm-none-eabi/7.2.1/../../../../arm-none-eabi/lib/thumb/v7e-m/fpv4-sp/hard\libg.a(lib_a-reallocr.o)
 .data          0x20000004        0x0 c:/programmer_p/codecomposer/ccsv8/tools/compiler/gcc-arm-none-eabi-7-2017-q4-major-win32/bin/../lib/gcc/arm-none-eabi/7.2.1/../../../../arm-none-eabi/lib/thumb/v7e-m/fpv4-sp/hard\libg.a(lib_a-reent.o)
 .data          0x20000004        0x0 c:/programmer_p/codecomposer/ccsv8/tools/compiler/gcc-arm-none-eabi-7-2017-q4-major-win32/bin/../lib/gcc/arm-none-eabi/7.2.1/../../../../arm-none-eabi/lib/thumb/v7e-m/fpv4-sp/hard\libg.a(lib_a-sbrkr.o)
 .data          0x20000004        0x0 c:/programmer_p/codecomposer/ccsv8/tools/compiler/gcc-arm-none-eabi-7-2017-q4-major-win32/bin/../lib/gcc/arm-none-eabi/7.2.1/../../../../arm-none-eabi/lib/thumb/v7e-m/fpv4-sp/hard\libg.a(lib_a-signal.o)
 .data          0x20000004        0x0 c:/programmer_p/codecomposer/ccsv8/tools/compiler/gcc-arm-none-eabi-7-2017-q4-major-win32/bin/../lib/gcc/arm-none-eabi/7.2.1/../../../../arm-none-eabi/lib/thumb/v7e-m/fpv4-sp/hard\libg.a(lib_a-signalr.o)
 .data          0x20000004        0x0 c:/programmer_p/codecomposer/ccsv8/tools/compiler/gcc-arm-none-eabi-7-2017-q4-major-win32/bin/../lib/gcc/arm-none-eabi/7.2.1/../../../../arm-none-eabi/lib/thumb/v7e-m/fpv4-sp/hard\libg.a(lib_a-stdio.o)
 .data          0x20000004        0x0 c:/programmer_p/codecomposer/ccsv8/tools/compiler/gcc-arm-none-eabi-7-2017-q4-major-win32/bin/../lib/gcc/arm-none-eabi/7.2.1/../../../../arm-none-eabi/lib/thumb/v7e-m/fpv4-sp/hard\libg.a(lib_a-strcmp.o)
 .data          0x20000004        0x0 c:/programmer_p/codecomposer/ccsv8/tools/compiler/gcc-arm-none-eabi-7-2017-q4-major-win32/bin/../lib/gcc/arm-none-eabi/7.2.1/../../../../arm-none-eabi/lib/thumb/v7e-m/fpv4-sp/hard\libg.a(lib_a-strlen.o)
 .data          0x20000004        0x0 c:/programmer_p/codecomposer/ccsv8/tools/compiler/gcc-arm-none-eabi-7-2017-q4-major-win32/bin/../lib/gcc/arm-none-eabi/7.2.1/../../../../arm-none-eabi/lib/thumb/v7e-m/fpv4-sp/hard\libg.a(lib_a-wbuf.o)
 .data          0x20000004        0x0 c:/programmer_p/codecomposer/ccsv8/tools/compiler/gcc-arm-none-eabi-7-2017-q4-major-win32/bin/../lib/gcc/arm-none-eabi/7.2.1/../../../../arm-none-eabi/lib/thumb/v7e-m/fpv4-sp/hard\libg.a(lib_a-wcrtomb.o)
 .data          0x20000004        0x0 c:/programmer_p/codecomposer/ccsv8/tools/compiler/gcc-arm-none-eabi-7-2017-q4-major-win32/bin/../lib/gcc/arm-none-eabi/7.2.1/../../../../arm-none-eabi/lib/thumb/v7e-m/fpv4-sp/hard\libg.a(lib_a-wctomb_r.o)
 .data          0x20000004        0x0 c:/programmer_p/codecomposer/ccsv8/tools/compiler/gcc-arm-none-eabi-7-2017-q4-major-win32/bin/../lib/gcc/arm-none-eabi/7.2.1/../../../../arm-none-eabi/lib/thumb/v7e-m/fpv4-sp/hard\libg.a(lib_a-writer.o)
 .data          0x20000004        0x0 c:/programmer_p/codecomposer/ccsv8/tools/compiler/gcc-arm-none-eabi-7-2017-q4-major-win32/bin/../lib/gcc/arm-none-eabi/7.2.1/../../../../arm-none-eabi/lib/thumb/v7e-m/fpv4-sp/hard\libg.a(lib_a-__atexit.o)
 .data          0x20000004        0x0 c:/programmer_p/codecomposer/ccsv8/tools/compiler/gcc-arm-none-eabi-7-2017-q4-major-win32/bin/../lib/gcc/arm-none-eabi/7.2.1/../../../../arm-none-eabi/lib/thumb/v7e-m/fpv4-sp/hard\libg.a(lib_a-closer.o)
 .data          0x20000004        0x0 c:/programmer_p/codecomposer/ccsv8/tools/compiler/gcc-arm-none-eabi-7-2017-q4-major-win32/bin/../lib/gcc/arm-none-eabi/7.2.1/../../../../arm-none-eabi/lib/thumb/v7e-m/fpv4-sp/hard\libg.a(lib_a-ctype_.o)
 .data          0x20000004        0x0 c:/programmer_p/codecomposer/ccsv8/tools/compiler/gcc-arm-none-eabi-7-2017-q4-major-win32/bin/../lib/gcc/arm-none-eabi/7.2.1/../../../../arm-none-eabi/lib/thumb/v7e-m/fpv4-sp/hard\libg.a(lib_a-fclose.o)
 .data          0x20000004        0x0 c:/programmer_p/codecomposer/ccsv8/tools/compiler/gcc-arm-none-eabi-7-2017-q4-major-win32/bin/../lib/gcc/arm-none-eabi/7.2.1/../../../../arm-none-eabi/lib/thumb/v7e-m/fpv4-sp/hard\libg.a(lib_a-fstatr.o)
 .data          0x20000004        0x0 c:/programmer_p/codecomposer/ccsv8/tools/compiler/gcc-arm-none-eabi-7-2017-q4-major-win32/bin/../lib/gcc/arm-none-eabi/7.2.1/../../../../arm-none-eabi/lib/thumb/v7e-m/fpv4-sp/hard\libg.a(lib_a-isattyr.o)
 .data          0x20000004        0x0 c:/programmer_p/codecomposer/ccsv8/tools/compiler/gcc-arm-none-eabi-7-2017-q4-major-win32/bin/../lib/gcc/arm-none-eabi/7.2.1/../../../../arm-none-eabi/lib/thumb/v7e-m/fpv4-sp/hard\libg.a(lib_a-lseekr.o)
 .data          0x20000004        0x0 c:/programmer_p/codecomposer/ccsv8/tools/compiler/gcc-arm-none-eabi-7-2017-q4-major-win32/bin/../lib/gcc/arm-none-eabi/7.2.1/../../../../arm-none-eabi/lib/thumb/v7e-m/fpv4-sp/hard\libg.a(lib_a-readr.o)
 .data          0x20000004        0x0 c:/programmer_p/codecomposer/ccsv8/tools/compiler/gcc-arm-none-eabi-7-2017-q4-major-win32/bin/../lib/gcc/arm-none-eabi/7.2.1/thumb/v7e-m/fpv4-sp/hard\libgcc.a(_aeabi_uldivmod.o)
 .data          0x20000004        0x0 c:/programmer_p/codecomposer/ccsv8/tools/compiler/gcc-arm-none-eabi-7-2017-q4-major-win32/bin/../lib/gcc/arm-none-eabi/7.2.1/thumb/v7e-m/fpv4-sp/hard\libgcc.a(_udivmoddi4.o)
 .data          0x20000004        0x0 c:/programmer_p/codecomposer/ccsv8/tools/compiler/gcc-arm-none-eabi-7-2017-q4-major-win32/bin/../lib/gcc/arm-none-eabi/7.2.1/thumb/v7e-m/fpv4-sp/hard\libgcc.a(_dvmd_tls.o)
 .data          0x20000004        0x0 c:/programmer_p/codecomposer/ccsv8/tools/compiler/gcc-arm-none-eabi-7-2017-q4-major-win32/bin/../lib/gcc/arm-none-eabi/7.2.1/../../../../arm-none-eabi/lib/thumb/v7e-m/fpv4-sp/hard\libnosys.a(close.o)
 .data          0x20000004        0x0 c:/programmer_p/codecomposer/ccsv8/tools/compiler/gcc-arm-none-eabi-7-2017-q4-major-win32/bin/../lib/gcc/arm-none-eabi/7.2.1/../../../../arm-none-eabi/lib/thumb/v7e-m/fpv4-sp/hard\libnosys.a(execve.o)
 .data          0x20000004        0x0 c:/programmer_p/codecomposer/ccsv8/tools/compiler/gcc-arm-none-eabi-7-2017-q4-major-win32/bin/../lib/gcc/arm-none-eabi/7.2.1/../../../../arm-none-eabi/lib/thumb/v7e-m/fpv4-sp/hard\libnosys.a(fork.o)
 .data          0x20000004        0x0 c:/programmer_p/codecomposer/ccsv8/tools/compiler/gcc-arm-none-eabi-7-2017-q4-major-win32/bin/../lib/gcc/arm-none-eabi/7.2.1/../../../../arm-none-eabi/lib/thumb/v7e-m/fpv4-sp/hard\libnosys.a(fstat.o)
 .data          0x20000004        0x0 c:/programmer_p/codecomposer/ccsv8/tools/compiler/gcc-arm-none-eabi-7-2017-q4-major-win32/bin/../lib/gcc/arm-none-eabi/7.2.1/../../../../arm-none-eabi/lib/thumb/v7e-m/fpv4-sp/hard\libnosys.a(getpid.o)
 .data          0x20000004        0x0 c:/programmer_p/codecomposer/ccsv8/tools/compiler/gcc-arm-none-eabi-7-2017-q4-major-win32/bin/../lib/gcc/arm-none-eabi/7.2.1/../../../../arm-none-eabi/lib/thumb/v7e-m/fpv4-sp/hard\libnosys.a(isatty.o)