Archive member included to satisfy reference by file (symbol)

c:/programmer_p/ccs8/ccsv8/tools/compiler/gcc-arm-none-eabi-7-2017-q4-major-win32/bin/../lib/gcc/arm-none-eabi/7.2.1/thumb/v7e-m/fpv4-sp/hard\libgcc.a(_arm_addsubdf3.o)
                              ./controller.o (__aeabi_dsub)
c:/programmer_p/ccs8/ccsv8/tools/compiler/gcc-arm-none-eabi-7-2017-q4-major-win32/bin/../lib/gcc/arm-none-eabi/7.2.1/thumb/v7e-m/fpv4-sp/hard\libgcc.a(_arm_muldivdf3.o)
                              ./controller.o (__aeabi_dmul)
c:/programmer_p/ccs8/ccsv8/tools/compiler/gcc-arm-none-eabi-7-2017-q4-major-win32/bin/../lib/gcc/arm-none-eabi/7.2.1/thumb/v7e-m/fpv4-sp/hard\libgcc.a(_arm_cmpdf2.o)
                              ./controller.o (__aeabi_dcmplt)
c:/programmer_p/ccs8/ccsv8/tools/compiler/gcc-arm-none-eabi-7-2017-q4-major-win32/bin/../lib/gcc/arm-none-eabi/7.2.1/thumb/v7e-m/fpv4-sp/hard\libgcc.a(_arm_fixunsdfsi.o)
                              ./controller.o (__aeabi_d2uiz)
c:/programmer_p/ccs8/ccsv8/tools/compiler/gcc-arm-none-eabi-7-2017-q4-major-win32/bin/../lib/gcc/arm-none-eabi/7.2.1/thumb/v7e-m/fpv4-sp/hard\libgcc.a(_arm_truncdfsf2.o)
                              ./controller.o (__aeabi_d2f)
c:/programmer_p/ccs8/ccsv8/tools/compiler/gcc-arm-none-eabi-7-2017-q4-major-win32/bin/../lib/gcc/arm-none-eabi/7.2.1/../../../../arm-none-eabi/lib/thumb/v7e-m/fpv4-sp/hard\libg.a(lib_a-exit.o)
                              c:/programmer_p/ccs8/ccsv8/tools/compiler/gcc-arm-none-eabi-7-2017-q4-major-win32/bin/../lib/gcc/arm-none-eabi/7.2.1/../../../../arm-none-eabi/lib/thumb/v7e-m/fpv4-sp/hard/crt0.o (exit)
c:/programmer_p/ccs8/ccsv8/tools/compiler/gcc-arm-none-eabi-7-2017-q4-major-win32/bin/../lib/gcc/arm-none-eabi/7.2.1/../../../../arm-none-eabi/lib/thumb/v7e-m/fpv4-sp/hard\libg.a(lib_a-impure.o)
                              c:/programmer_p/ccs8/ccsv8/tools/compiler/gcc-arm-none-eabi-7-2017-q4-major-win32/bin/../lib/gcc/arm-none-eabi/7.2.1/../../../../arm-none-eabi/lib/thumb/v7e-m/fpv4-sp/hard\libg.a(lib_a-exit.o) (_global_impure_ptr)
c:/programmer_p/ccs8/ccsv8/tools/compiler/gcc-arm-none-eabi-7-2017-q4-major-win32/bin/../lib/gcc/arm-none-eabi/7.2.1/../../../../arm-none-eabi/lib/thumb/v7e-m/fpv4-sp/hard\libg.a(lib_a-init.o)
                              c:/programmer_p/ccs8/ccsv8/tools/compiler/gcc-arm-none-eabi-7-2017-q4-major-win32/bin/../lib/gcc/arm-none-eabi/7.2.1/../../../../arm-none-eabi/lib/thumb/v7e-m/fpv4-sp/hard/crt0.o (__libc_init_array)
c:/programmer_p/ccs8/ccsv8/tools/compiler/gcc-arm-none-eabi-7-2017-q4-major-win32/bin/../lib/gcc/arm-none-eabi/7.2.1/../../../../arm-none-eabi/lib/thumb/v7e-m/fpv4-sp/hard\libg.a(lib_a-memcpy.o)
                              ./queue.o (memcpy)
c:/programmer_p/ccs8/ccsv8/tools/compiler/gcc-arm-none-eabi-7-2017-q4-major-win32/bin/../lib/gcc/arm-none-eabi/7.2.1/../../../../arm-none-eabi/lib/thumb/v7e-m/fpv4-sp/hard\libg.a(lib_a-memset.o)
                              c:/programmer_p/ccs8/ccsv8/tools/compiler/gcc-arm-none-eabi-7-2017-q4-major-win32/bin/../lib/gcc/arm-none-eabi/7.2.1/../../../../arm-none-eabi/lib/thumb/v7e-m/fpv4-sp/hard/crt0.o (memset)
c:/programmer_p/ccs8/ccsv8/tools/compiler/gcc-arm-none-eabi-7-2017-q4-major-win32/bin/../lib/gcc/arm-none-eabi/7.2.1/../../../../arm-none-eabi/lib/thumb/v7e-m/fpv4-sp/hard\libg.a(lib_a-strlen.o)
                              ./uart0.o (strlen)
c:/programmer_p/ccs8/ccsv8/tools/compiler/gcc-arm-none-eabi-7-2017-q4-major-win32/bin/../lib/gcc/arm-none-eabi/7.2.1/../../../../arm-none-eabi/lib/thumb/v7e-m/fpv4-sp/hard\libg.a(lib_a-__call_atexit.o)
                              c:/programmer_p/ccs8/ccsv8/tools/compiler/gcc-arm-none-eabi-7-2017-q4-major-win32/bin/../lib/gcc/arm-none-eabi/7.2.1/../../../../arm-none-eabi/lib/thumb/v7e-m/fpv4-sp/hard\libg.a(lib_a-exit.o) (__call_exitprocs)
c:/programmer_p/ccs8/ccsv8/tools/compiler/gcc-arm-none-eabi-7-2017-q4-major-win32/bin/../lib/gcc/arm-none-eabi/7.2.1/../../../../arm-none-eabi/lib/thumb/v7e-m/fpv4-sp/hard\libg.a(lib_a-atexit.o)
                              c:/programmer_p/ccs8/ccsv8/tools/compiler/gcc-arm-none-eabi-7-2017-q4-major-win32/bin/../lib/gcc/arm-none-eabi/7.2.1/../../../../arm-none-eabi/lib/thumb/v7e-m/fpv4-sp/hard\libg.a(lib_a-__call_atexit.o) (atexit)
c:/programmer_p/ccs8/ccsv8/tools/compiler/gcc-arm-none-eabi-7-2017-q4-major-win32/bin/../lib/gcc/arm-none-eabi/7.2.1/../../../../arm-none-eabi/lib/thumb/v7e-m/fpv4-sp/hard\libg.a(lib_a-fini.o)
                              c:/programmer_p/ccs8/ccsv8/tools/compiler/gcc-arm-none-eabi-7-2017-q4-major-win32/bin/../lib/gcc/arm-none-eabi/7.2.1/../../../../arm-none-eabi/lib/thumb/v7e-m/fpv4-sp/hard\libg.a(lib_a-__call_atexit.o) (__libc_fini_array)
c:/programmer_p/ccs8/ccsv8/tools/compiler/gcc-arm-none-eabi-7-2017-q4-major-win32/bin/../lib/gcc/arm-none-eabi/7.2.1/../../../../arm-none-eabi/lib/thumb/v7e-m/fpv4-sp/hard\libg.a(lib_a-lock.o)
                              c:/programmer_p/ccs8/ccsv8/tools/compiler/gcc-arm-none-eabi-7-2017-q4-major-win32/bin/../lib/gcc/arm-none-eabi/7.2.1/../../../../arm-none-eabi/lib/thumb/v7e-m/fpv4-sp/hard\libg.a(lib_a-__call_atexit.o) (__retarget_lock_acquire_recursive)
c:/programmer_p/ccs8/ccsv8/tools/compiler/gcc-arm-none-eabi-7-2017-q4-major-win32/bin/../lib/gcc/arm-none-eabi/7.2.1/../../../../arm-none-eabi/lib/thumb/v7e-m/fpv4-sp/hard\libg.a(lib_a-__atexit.o)
                              c:/programmer_p/ccs8/ccsv8/tools/compiler/gcc-arm-none-eabi-7-2017-q4-major-win32/bin/../lib/gcc/arm-none-eabi/7.2.1/../../../../arm-none-eabi/lib/thumb/v7e-m/fpv4-sp/hard\libg.a(lib_a-atexit.o) (__register_exitproc)
c:/programmer_p/ccs8/ccsv8/tools/compiler/gcc-arm-none-eabi-7-2017-q4-major-win32/bin/../lib/gcc/arm-none-eabi/7.2.1/../../../../arm-none-eabi/lib/thumb/v7e-m/fpv4-sp/hard\libnosys.a(_exit.o)
                              c:/programmer_p/ccs8/ccsv8/tools/compiler/gcc-arm-none-eabi-7-2017-q4-major-win32/bin/../lib/gcc/arm-none-eabi/7.2.1/../../../../arm-none-eabi/lib/thumb/v7e-m/fpv4-sp/hard\libg.a(lib_a-exit.o) (_exit)

Allocating common symbols
Common symbol       size              file

__lock___atexit_recursive_mutex
                    0x1               c:/programmer_p/ccs8/ccsv8/tools/compiler/gcc-arm-none-eabi-7-2017-q4-major-win32/bin/../lib/gcc/arm-none-eabi/7.2.1/../../../../arm-none-eabi/lib/thumb/v7e-m/fpv4-sp/hard\libg.a(lib_a-lock.o)
__lock___arc4random_mutex
                    0x1               c:/programmer_p/ccs8/ccsv8/tools/compiler/gcc-arm-none-eabi-7-2017-q4-major-win32/bin/../lib/gcc/arm-none-eabi/7.2.1/../../../../arm-none-eabi/lib/thumb/v7e-m/fpv4-sp/hard\libg.a(lib_a-lock.o)
placementFrame2Queue
                    0x4               ./task_manager.o
__lock___env_recursive_mutex
                    0x1               c:/programmer_p/ccs8/ccsv8/tools/compiler/gcc-arm-none-eabi-7-2017-q4-major-win32/bin/../lib/gcc/arm-none-eabi/7.2.1/../../../../arm-none-eabi/lib/thumb/v7e-m/fpv4-sp/hard\libg.a(lib_a-lock.o)
__lock___sinit_recursive_mutex
                    0x1               c:/programmer_p/ccs8/ccsv8/tools/compiler/gcc-arm-none-eabi-7-2017-q4-major-win32/bin/../lib/gcc/arm-none-eabi/7.2.1/../../../../arm-none-eabi/lib/thumb/v7e-m/fpv4-sp/hard\libg.a(lib_a-lock.o)
__lock___malloc_recursive_mutex
                    0x1               c:/programmer_p/ccs8/ccsv8/tools/compiler/gcc-arm-none-eabi-7-2017-q4-major-win32/bin/../lib/gcc/arm-none-eabi/7.2.1/../../../../arm-none-eabi/lib/thumb/v7e-m/fpv4-sp/hard\libg.a(lib_a-lock.o)
uart0Queue          0x4               ./task_manager.o
placementFrame1Queue
                    0x4               ./task_manager.o
__lock___at_quick_exit_mutex
                    0x1               c:/programmer_p/ccs8/ccsv8/tools/compiler/gcc-arm-none-eabi-7-2017-q4-major-win32/bin/../lib/gcc/arm-none-eabi/7.2.1/../../../../arm-none-eabi/lib/thumb/v7e-m/fpv4-sp/hard\libg.a(lib_a-lock.o)
__lock___dd_hash_mutex
                    0x1               c:/programmer_p/ccs8/ccsv8/tools/compiler/gcc-arm-none-eabi-7-2017-q4-major-win32/bin/../lib/gcc/arm-none-eabi/7.2.1/../../../../arm-none-eabi/lib/thumb/v7e-m/fpv4-sp/hard\libg.a(lib_a-lock.o)
__lock___tz_mutex   0x1               c:/programmer_p/ccs8/ccsv8/tools/compiler/gcc-arm-none-eabi-7-2017-q4-major-win32/bin/../lib/gcc/arm-none-eabi/7.2.1/../../../../arm-none-eabi/lib/thumb/v7e-m/fpv4-sp/hard\libg.a(lib_a-lock.o)
__lock___sfp_recursive_mutex
                    0x1               c:/programmer_p/ccs8/ccsv8/tools/compiler/gcc-arm-none-eabi-7-2017-q4-major-win32/bin/../lib/gcc/arm-none-eabi/7.2.1/../../../../arm-none-eabi/lib/thumb/v7e-m/fpv4-sp/hard\libg.a(lib_a-lock.o)

Memory Configuration

Name             Origin             Length             Attributes
FLASH            0x00000000         0x00040000         xr
SRAM             0x20000000         0x00008000         xw
*default*        0x00000000         0xffffffff

Linker script and memory map

LOAD c:/programmer_p/ccs8/ccsv8/tools/compiler/gcc-arm-none-eabi-7-2017-q4-major-win32/bin/../lib/gcc/arm-none-eabi/7.2.1/thumb/v7e-m/fpv4-sp/hard/crti.o
LOAD c:/programmer_p/ccs8/ccsv8/tools/compiler/gcc-arm-none-eabi-7-2017-q4-major-win32/bin/../lib/gcc/arm-none-eabi/7.2.1/thumb/v7e-m/fpv4-sp/hard/crtbegin.o
LOAD c:/programmer_p/ccs8/ccsv8/tools/compiler/gcc-arm-none-eabi-7-2017-q4-major-win32/bin/../lib/gcc/arm-none-eabi/7.2.1/../../../../arm-none-eabi/lib/thumb/v7e-m/fpv4-sp/hard/crt0.o
LOAD ./controller.o
LOAD ./gpio.o
LOAD ./heap_2.o
LOAD ./list.o
LOAD ./main.o
LOAD ./port.o
LOAD ./queue.o
LOAD ./spi.o
LOAD ./startup_frt.o
LOAD ./systick_frt.o
LOAD ./task_manager.o
LOAD ./tasks.o
LOAD ./uart0.o
LOAD ./frt10/src/croutine.o
LOAD ./frt10/src/event_groups.o
LOAD ./frt10/src/stream_buffer.o
LOAD ./frt10/src/timers.o
                0x00000000                PROVIDE (_intvecs_base_address, 0x0)

.intvecs        0x00000000      0x26c
 *(.intvecs)
 .intvecs       0x00000000      0x26c ./startup_frt.o
                0x00000000                g_pfnVectors
                0x20000000                PROVIDE (_vtable_base_address, 0x20000000)

.vtable
 *(.vtable)

.text           0x00000280     0x3fd0
 CREATE_OBJECT_SYMBOLS
 *(.text)
 .text          0x00000280        0x0 c:/programmer_p/ccs8/ccsv8/tools/compiler/gcc-arm-none-eabi-7-2017-q4-major-win32/bin/../lib/gcc/arm-none-eabi/7.2.1/thumb/v7e-m/fpv4-sp/hard/crti.o
 .text          0x00000280       0x40 c:/programmer_p/ccs8/ccsv8/tools/compiler/gcc-arm-none-eabi-7-2017-q4-major-win32/bin/../lib/gcc/arm-none-eabi/7.2.1/thumb/v7e-m/fpv4-sp/hard/crtbegin.o
 .text          0x000002c0       0x74 c:/programmer_p/ccs8/ccsv8/tools/compiler/gcc-arm-none-eabi-7-2017-q4-major-win32/bin/../lib/gcc/arm-none-eabi/7.2.1/../../../../arm-none-eabi/lib/thumb/v7e-m/fpv4-sp/hard/crt0.o
                0x000002c0                _start
                0x000002c0                _mainCRTStartup
 .text          0x00000334        0x0 ./controller.o
 .text          0x00000334        0x0 ./gpio.o
 .text          0x00000334        0x0 ./heap_2.o
 .text          0x00000334        0x0 ./list.o
 .text          0x00000334        0x0 ./main.o
 .text          0x00000334        0x0 ./port.o
 .text          0x00000334        0x0 ./queue.o
 .text          0x00000334        0x0 ./spi.o
 .text          0x00000334        0x0 ./startup_frt.o
 .text          0x00000334        0x0 ./systick_frt.o
 .text          0x00000334        0x0 ./task_manager.o
 .text          0x00000334        0x0 ./tasks.o
 .text          0x00000334        0x0 ./uart0.o
 .text          0x00000334        0x0 ./frt10/src/croutine.o
 .text          0x00000334        0x0 ./frt10/src/event_groups.o
 .text          0x00000334        0x0 ./frt10/src/stream_buffer.o
 .text          0x00000334        0x0 ./frt10/src/timers.o
 .text          0x00000334      0x378 c:/programmer_p/ccs8/ccsv8/tools/compiler/gcc-arm-none-eabi-7-2017-q4-major-win32/bin/../lib/gcc/arm-none-eabi/7.2.1/thumb/v7e-m/fpv4-sp/hard\libgcc.a(_arm_addsubdf3.o)
                0x00000334                __aeabi_drsub
                0x0000033c                __aeabi_dsub
                0x0000033c                __subdf3
                0x00000340                __aeabi_dadd
                0x00000340                __adddf3
                0x000005b8                __floatunsidf
                0x000005b8                __aeabi_ui2d
                0x000005d8                __floatsidf
                0x000005d8                __aeabi_i2d
                0x000005fc                __aeabi_f2d
                0x000005fc                __extendsfdf2
                0x00000640                __floatundidf
                0x00000640                __aeabi_ul2d
                0x00000650                __floatdidf
                0x00000650                __aeabi_l2d
 .text          0x000006ac      0x424 c:/programmer_p/ccs8/ccsv8/tools/compiler/gcc-arm-none-eabi-7-2017-q4-major-win32/bin/../lib/gcc/arm-none-eabi/7.2.1/thumb/v7e-m/fpv4-sp/hard\libgcc.a(_arm_muldivdf3.o)
                0x000006ac                __aeabi_dmul
                0x000006ac                __muldf3
                0x00000900                __divdf3
                0x00000900                __aeabi_ddiv
 .text          0x00000ad0      0x110 c:/programmer_p/ccs8/ccsv8/tools/compiler/gcc-arm-none-eabi-7-2017-q4-major-win32/bin/../lib/gcc/arm-none-eabi/7.2.1/thumb/v7e-m/fpv4-sp/hard\libgcc.a(_arm_cmpdf2.o)
                0x00000ad0                __gtdf2
                0x00000ad0                __gedf2
                0x00000ad8                __ltdf2
                0x00000ad8                __ledf2
                0x00000ae0                __nedf2
                0x00000ae0                __eqdf2
                0x00000ae0                __cmpdf2
                0x00000b5c                __aeabi_cdrcmple
                0x00000b6c                __aeabi_cdcmpeq
                0x00000b6c                __aeabi_cdcmple
                0x00000b7c                __aeabi_dcmpeq
                0x00000b90                __aeabi_dcmplt
                0x00000ba4                __aeabi_dcmple
                0x00000bb8                __aeabi_dcmpge
                0x00000bcc                __aeabi_dcmpgt
 .text          0x00000be0       0x40 c:/programmer_p/ccs8/ccsv8/tools/compiler/gcc-arm-none-eabi-7-2017-q4-major-win32/bin/../lib/gcc/arm-none-eabi/7.2.1/thumb/v7e-m/fpv4-sp/hard\libgcc.a(_arm_fixunsdfsi.o)
                0x00000be0                __aeabi_d2uiz
                0x00000be0                __fixunsdfsi
 .text          0x00000c20       0xa0 c:/programmer_p/ccs8/ccsv8/tools/compiler/gcc-arm-none-eabi-7-2017-q4-major-win32/bin/../lib/gcc/arm-none-eabi/7.2.1/thumb/v7e-m/fpv4-sp/hard\libgcc.a(_arm_truncdfsf2.o)
                0x00000c20                __truncdfsf2
                0x00000c20                __aeabi_d2f
 .text          0x00000cc0        0x0 c:/programmer_p/ccs8/ccsv8/tools/compiler/gcc-arm-none-eabi-7-2017-q4-major-win32/bin/../lib/gcc/arm-none-eabi/7.2.1/../../../../arm-none-eabi/lib/thumb/v7e-m/fpv4-sp/hard\libg.a(lib_a-exit.o)
 .text          0x00000cc0        0x0 c:/programmer_p/ccs8/ccsv8/tools/compiler/gcc-arm-none-eabi-7-2017-q4-major-win32/bin/../lib/gcc/arm-none-eabi/7.2.1/../../../../arm-none-eabi/lib/thumb/v7e-m/fpv4-sp/hard\libg.a(lib_a-impure.o)
 .text          0x00000cc0        0x0 c:/programmer_p/ccs8/ccsv8/tools/compiler/gcc-arm-none-eabi-7-2017-q4-major-win32/bin/../lib/gcc/arm-none-eabi/7.2.1/../../../../arm-none-eabi/lib/thumb/v7e-m/fpv4-sp/hard\libg.a(lib_a-init.o)
 .text          0x00000cc0      0x134 c:/programmer_p/ccs8/ccsv8/tools/compiler/gcc-arm-none-eabi-7-2017-q4-major-win32/bin/../lib/gcc/arm-none-eabi/7.2.1/../../../../arm-none-eabi/lib/thumb/v7e-m/fpv4-sp/hard\libg.a(lib_a-memcpy.o)
                0x00000cc0                memcpy
 .text          0x00000df4        0x0 c:/programmer_p/ccs8/ccsv8/tools/compiler/gcc-arm-none-eabi-7-2017-q4-major-win32/bin/../lib/gcc/arm-none-eabi/7.2.1/../../../../arm-none-eabi/lib/thumb/v7e-m/fpv4-sp/hard\libg.a(lib_a-memset.o)
 *fill*         0x00000df4        0xc 
 .text          0x00000e00       0xdc c:/programmer_p/ccs8/ccsv8/tools/compiler/gcc-arm-none-eabi-7-2017-q4-major-win32/bin/../lib/gcc/arm-none-eabi/7.2.1/../../../../arm-none-eabi/lib/thumb/v7e-m/fpv4-sp/hard\libg.a(lib_a-strlen.o)
                0x00000e00                strlen
 .text          0x00000edc        0x0 c:/programmer_p/ccs8/ccsv8/tools/compiler/gcc-arm-none-eabi-7-2017-q4-major-win32/bin/../lib/gcc/arm-none-eabi/7.2.1/../../../../arm-none-eabi/lib/thumb/v7e-m/fpv4-sp/hard\libg.a(lib_a-__call_atexit.o)
 .text          0x00000edc        0x0 c:/programmer_p/ccs8/ccsv8/tools/compiler/gcc-arm-none-eabi-7-2017-q4-major-win32/bin/../lib/gcc/arm-none-eabi/7.2.1/../../../../arm-none-eabi/lib/thumb/v7e-m/fpv4-sp/hard\libg.a(lib_a-atexit.o)
 .text          0x00000edc        0x0 c:/programmer_p/ccs8/ccsv8/tools/compiler/gcc-arm-none-eabi-7-2017-q4-major-win32/bin/../lib/gcc/arm-none-eabi/7.2.1/../../../../arm-none-eabi/lib/thumb/v7e-m/fpv4-sp/hard\libg.a(lib_a-fini.o)
 .text          0x00000edc        0x0 c:/programmer_p/ccs8/ccsv8/tools/compiler/gcc-arm-none-eabi-7-2017-q4-major-win32/bin/../lib/gcc/arm-none-eabi/7.2.1/../../../../arm-none-eabi/lib/thumb/v7e-m/fpv4-sp/hard\libg.a(lib_a-lock.o)
 .text          0x00000edc        0x0 c:/programmer_p/ccs8/ccsv8/tools/compiler/gcc-arm-none-eabi-7-2017-q4-major-win32/bin/../lib/gcc/arm-none-eabi/7.2.1/../../../../arm-none-eabi/lib/thumb/v7e-m/fpv4-sp/hard\libg.a(lib_a-__atexit.o)
 .text          0x00000edc        0x0 c:/programmer_p/ccs8/ccsv8/tools/compiler/gcc-arm-none-eabi-7-2017-q4-major-win32/bin/../lib/gcc/arm-none-eabi/7.2.1/../../../../arm-none-eabi/lib/thumb/v7e-m/fpv4-sp/hard\libnosys.a(_exit.o)
 .text          0x00000edc        0x0 c:/programmer_p/ccs8/ccsv8/tools/compiler/gcc-arm-none-eabi-7-2017-q4-major-win32/bin/../lib/gcc/arm-none-eabi/7.2.1/thumb/v7e-m/fpv4-sp/hard/crtend.o
 .text          0x00000edc        0x0 c:/programmer_p/ccs8/ccsv8/tools/compiler/gcc-arm-none-eabi-7-2017-q4-major-win32/bin/../lib/gcc/arm-none-eabi/7.2.1/thumb/v7e-m/fpv4-sp/hard/crtn.o
 *(.text.*)
 *fill*         0x00000edc        0x4 
 .text.pid_controller_pan
                0x00000ee0      0x20c ./controller.o
                0x00000ee0                pid_controller_pan
 *fill*         0x000010ec        0x4 
 .text.pid_controller_tilt
                0x000010f0      0x21c ./controller.o
                0x000010f0                pid_controller_tilt
 .text.init_gpio
                0x0000130c       0x64 ./gpio.o
                0x0000130c                init_gpio
 .text.prvHeapInit
                0x00001370       0x2c ./heap_2.o
 .text.pvPortMalloc
                0x0000139c       0xa4 ./heap_2.o
                0x0000139c                pvPortMalloc
 .text.vPortFree
                0x00001440       0x44 ./heap_2.o
                0x00001440                vPortFree
 .text.xPortGetFreeHeapSize
                0x00001484        0xc ./heap_2.o
                0x00001484                xPortGetFreeHeapSize
 .text.vPortInitialiseBlocks
                0x00001490        0x2 ./heap_2.o
                0x00001490                vPortInitialiseBlocks
 .text.vListInitialise
                0x00001492       0x16 ./list.o
                0x00001492                vListInitialise
 .text.vListInitialiseItem
                0x000014a8        0x6 ./list.o
                0x000014a8                vListInitialiseItem
 .text.vListInsertEnd
                0x000014ae       0x18 ./list.o
                0x000014ae                vListInsertEnd
 .text.vListInsert
                0x000014c6       0x34 ./list.o
                0x000014c6                vListInsert
 .text.uxListRemove
                0x000014fa       0x28 ./list.o
                0x000014fa                uxListRemove
 .text.main     0x00001522       0x28 ./main.o
                0x00001522                main
 .text.prvTaskExitError
                0x0000154a       0x20 ./port.o
 *fill*         0x0000156a        0x2 
 .text.prvPortStartFirstTask
                0x0000156c       0x28 ./port.o
 .text.vPortEnableVFP
                0x00001594       0x14 ./port.o
 .text.pxPortInitialiseStack
                0x000015a8       0x2c ./port.o
                0x000015a8                pxPortInitialiseStack
 *fill*         0x000015d4        0xc 
 .text.vPortSVCHandler
                0x000015e0       0x24 ./port.o
                0x000015e0                vPortSVCHandler
 .text.vPortEndScheduler
                0x00001604        0x2 ./port.o
                0x00001604                vPortEndScheduler
 *fill*         0x00001606        0x2 
 .text.vPortEnterCritical
                0x00001608       0x20 ./port.o
                0x00001608                vPortEnterCritical
 .text.vPortExitCritical
                0x00001628       0x14 ./port.o
                0x00001628                vPortExitCritical
 *fill*         0x0000163c        0x4 
 .text.xPortPendSVHandler
                0x00001640       0x64 ./port.o
                0x00001640                xPortPendSVHandler
 .text.xPortSysTickHandler
                0x000016a4       0x2c ./port.o
                0x000016a4                xPortSysTickHandler
 .text.vPortSetupTimerInterrupt
                0x000016d0       0x28 ./port.o
                0x000016d0                vPortSetupTimerInterrupt
 .text.xPortStartScheduler
                0x000016f8       0x48 ./port.o
                0x000016f8                xPortStartScheduler
 .text.prvGetDisinheritPriorityAfterTimeout
                0x00001740       0x12 ./queue.o
 .text.prvIsQueueFull
                0x00001752       0x1e ./queue.o
 .text.prvIsQueueEmpty
                0x00001770       0x1a ./queue.o
 .text.prvCopyDataToQueue
                0x0000178a       0x76 ./queue.o
 .text.prvCopyDataFromQueue
                0x00001800       0x24 ./queue.o
 .text.prvUnlockQueue
                0x00001824       0x6e ./queue.o
 *fill*         0x00001892        0x2 
 .text.xQueueGenericReset
                0x00001894       0x70 ./queue.o
                0x00001894                xQueueGenericReset
 .text.prvInitialiseNewQueue
                0x00001904       0x1c ./queue.o
 .text.xQueueGenericCreate
                0x00001920       0x34 ./queue.o
                0x00001920                xQueueGenericCreate
 .text.xQueueGenericSend
                0x00001954      0x118 ./queue.o
                0x00001954                xQueueGenericSend
 .text.prvInitialiseMutex
                0x00001a6c       0x18 ./queue.o
 .text.xQueueCreateMutex
                0x00001a84       0x16 ./queue.o
                0x00001a84                xQueueCreateMutex
 .text.xQueueGiveMutexRecursive
                0x00001a9a       0x2c ./queue.o
                0x00001a9a                xQueueGiveMutexRecursive
 .text.xQueueGenericSendFromISR
                0x00001ac6       0x6e ./queue.o
                0x00001ac6                xQueueGenericSendFromISR
 .text.xQueueGiveFromISR
                0x00001b34       0x64 ./queue.o
                0x00001b34                xQueueGiveFromISR
 .text.xQueueReceive
                0x00001b98      0x10c ./queue.o
                0x00001b98                xQueueReceive
 .text.xQueueSemaphoreTake
                0x00001ca4      0x148 ./queue.o
                0x00001ca4                xQueueSemaphoreTake
 .text.xQueueTakeMutexRecursive
                0x00001dec       0x30 ./queue.o
                0x00001dec                xQueueTakeMutexRecursive
 .text.xQueuePeek
                0x00001e1c      0x10c ./queue.o
                0x00001e1c                xQueuePeek
 .text.xQueueReceiveFromISR
                0x00001f28       0x72 ./queue.o
                0x00001f28                xQueueReceiveFromISR
 .text.xQueuePeekFromISR
                0x00001f9a       0x30 ./queue.o
                0x00001f9a                xQueuePeekFromISR
 .text.uxQueueMessagesWaiting
                0x00001fca       0x12 ./queue.o
                0x00001fca                uxQueueMessagesWaiting
 .text.uxQueueSpacesAvailable
                0x00001fdc       0x16 ./queue.o
                0x00001fdc                uxQueueSpacesAvailable
 .text.uxQueueMessagesWaitingFromISR
                0x00001ff2        0x4 ./queue.o
                0x00001ff2                uxQueueMessagesWaitingFromISR
 .text.vQueueDelete
                0x00001ff6        0x8 ./queue.o
                0x00001ff6                vQueueDelete
 .text.xQueueIsQueueEmptyFromISR
                0x00001ffe        0xc ./queue.o
                0x00001ffe                xQueueIsQueueEmptyFromISR
 .text.xQueueIsQueueFullFromISR
                0x0000200a       0x10 ./queue.o
                0x0000200a                xQueueIsQueueFullFromISR
 *fill*         0x0000201a        0x2 
 .text.spi_init
                0x0000201c       0x94 ./spi.o
                0x0000201c                spi_init
 .text.send_byte
                0x000020b0       0x18 ./spi.o
                0x000020b0                send_byte
 .text.receive_byte
                0x000020c8       0x20 ./spi.o
                0x000020c8                receive_byte
 .text.sr_byte  0x000020e8       0x38 ./spi.o
                0x000020e8                sr_byte
 .text.sr_word  0x00002120       0x38 ./spi.o
                0x00002120                sr_word
 .text.FPGA_update
                0x00002158       0x3c ./spi.o
                0x00002158                FPGA_update
 .text.spi_task
                0x00002194       0x80 ./spi.o
                0x00002194                spi_task
 .text.send_str
                0x00002214       0x14 ./spi.o
                0x00002214                send_str
 .text.spi_handler
                0x00002228        0x2 ./spi.o
                0x00002228                spi_handler
 .text.NmiSR    0x0000222a        0x2 ./startup_frt.o
 .text.FaultISR
                0x0000222c        0x2 ./startup_frt.o
 .text.IntDefaultHandler
                0x0000222e        0x2 ./startup_frt.o
 .text.ResetISR
                0x00002230       0x50 ./startup_frt.o
                0x00002230                ResetISR
 .text.enable_global_int
                0x00002280        0x4 ./systick_frt.o
                0x00002280                enable_global_int
 .text.disable_global_int
                0x00002284        0x4 ./systick_frt.o
                0x00002284                disable_global_int
 .text.init_systick
                0x00002288       0x5c ./systick_frt.o
                0x00002288                init_systick
 .text.driver_test_led
                0x000022e4       0x18 ./task_manager.o
                0x000022e4                driver_test_led
 .text.task_manager
                0x000022fc       0xc4 ./task_manager.o
                0x000022fc                task_manager
 .text.prvTaskIsTaskSuspended
                0x000023c0       0x2c ./tasks.o
 .text.prvResetNextTaskUnblockTime
                0x000023ec       0x2c ./tasks.o
 .text.prvDeleteTCB
                0x00002418       0x12 ./tasks.o
 .text.prvInitialiseNewTask
                0x0000242a       0x8c ./tasks.o
 *fill*         0x000024b6        0x2 
 .text.prvInitialiseTaskLists
                0x000024b8       0x68 ./tasks.o
 .text.prvAddNewTaskToReadyList
                0x00002520       0xa8 ./tasks.o
 .text.prvCheckTasksWaitingTermination
                0x000025c8       0x4c ./tasks.o
 .text.prvIdleTask
                0x00002614       0x28 ./tasks.o
 .text.prvAddCurrentTaskToDelayedList
                0x0000263c       0x98 ./tasks.o
 .text.xTaskCreate
                0x000026d4       0x62 ./tasks.o
                0x000026d4                xTaskCreate
 *fill*         0x00002736        0x2 
 .text.vTaskDelete
                0x00002738       0xc4 ./tasks.o
                0x00002738                vTaskDelete
 .text.uxTaskPriorityGet
                0x000027fc       0x20 ./tasks.o
                0x000027fc                uxTaskPriorityGet
 .text.uxTaskPriorityGetFromISR
                0x0000281c       0x28 ./tasks.o
                0x0000281c                uxTaskPriorityGetFromISR
 .text.vTaskPrioritySet
                0x00002844       0xd4 ./tasks.o
                0x00002844                vTaskPrioritySet
 .text.vTaskResume
                0x00002918       0x74 ./tasks.o
                0x00002918                vTaskResume
 .text.xTaskResumeFromISR
                0x0000298c       0x8c ./tasks.o
                0x0000298c                xTaskResumeFromISR
 .text.vTaskStartScheduler
                0x00002a18       0x64 ./tasks.o
                0x00002a18                vTaskStartScheduler
 .text.vTaskEndScheduler
                0x00002a7c       0x24 ./tasks.o
                0x00002a7c                vTaskEndScheduler
 .text.vTaskSuspendAll
                0x00002aa0       0x10 ./tasks.o
                0x00002aa0                vTaskSuspendAll
 .text.xTaskGetTickCount
                0x00002ab0        0xc ./tasks.o
                0x00002ab0                xTaskGetTickCount
 .text.xTaskGetTickCountFromISR
                0x00002abc        0xc ./tasks.o
                0x00002abc                xTaskGetTickCountFromISR
 .text.uxTaskGetNumberOfTasks
                0x00002ac8        0xc ./tasks.o
                0x00002ac8                uxTaskGetNumberOfTasks
 .text.pcTaskGetName
                0x00002ad4       0x14 ./tasks.o
                0x00002ad4                pcTaskGetName
 .text.xTaskIncrementTick
                0x00002ae8      0x100 ./tasks.o
                0x00002ae8                xTaskIncrementTick
 .text.xTaskResumeAll
                0x00002be8       0xe4 ./tasks.o
                0x00002be8                xTaskResumeAll
 .text.vTaskDelayUntil
                0x00002ccc       0x60 ./tasks.o
                0x00002ccc                vTaskDelayUntil
 .text.vTaskDelay
                0x00002d2c       0x34 ./tasks.o
                0x00002d2c                vTaskDelay
 .text.vTaskSwitchContext
                0x00002d60       0x7c ./tasks.o
                0x00002d60                vTaskSwitchContext
 .text.vTaskSuspend
                0x00002ddc       0xcc ./tasks.o
                0x00002ddc                vTaskSuspend
 .text.vTaskPlaceOnEventList
                0x00002ea8       0x1c ./tasks.o
                0x00002ea8                vTaskPlaceOnEventList
 .text.vTaskPlaceOnUnorderedEventList
                0x00002ec4       0x24 ./tasks.o
                0x00002ec4                vTaskPlaceOnUnorderedEventList
 .text.xTaskRemoveFromEventList
                0x00002ee8       0x78 ./tasks.o
                0x00002ee8                xTaskRemoveFromEventList
 .text.vTaskRemoveFromUnorderedEventList
                0x00002f60       0x58 ./tasks.o
                0x00002f60                vTaskRemoveFromUnorderedEventList
 .text.vTaskSetTimeOutState
                0x00002fb8       0x24 ./tasks.o
                0x00002fb8                vTaskSetTimeOutState
 .text.vTaskInternalSetTimeOutState
                0x00002fdc       0x18 ./tasks.o
                0x00002fdc                vTaskInternalSetTimeOutState
 .text.xTaskCheckForTimeOut
                0x00002ff4       0x58 ./tasks.o
                0x00002ff4                xTaskCheckForTimeOut
 .text.vTaskMissedYield
                0x0000304c        0xc ./tasks.o
                0x0000304c                vTaskMissedYield
 .text.xTaskGetCurrentTaskHandle
                0x00003058        0xc ./tasks.o
                0x00003058                xTaskGetCurrentTaskHandle
 .text.xTaskPriorityInherit
                0x00003064       0xb8 ./tasks.o
                0x00003064                xTaskPriorityInherit
 .text.xTaskPriorityDisinherit
                0x0000311c       0x80 ./tasks.o
                0x0000311c                xTaskPriorityDisinherit
 .text.vTaskPriorityDisinheritAfterTimeout
                0x0000319c       0x8c ./tasks.o
                0x0000319c                vTaskPriorityDisinheritAfterTimeout
 .text.uxTaskResetEventItemValue
                0x00003228       0x18 ./tasks.o
                0x00003228                uxTaskResetEventItemValue
 .text.pvTaskIncrementMutexHeldCount
                0x00003240       0x1c ./tasks.o
                0x00003240                pvTaskIncrementMutexHeldCount
 .text.ulTaskNotifyTake
                0x0000325c       0x78 ./tasks.o
                0x0000325c                ulTaskNotifyTake
 .text.xTaskNotifyWait
                0x000032d4       0x98 ./tasks.o
                0x000032d4                xTaskNotifyWait
 .text.xTaskGenericNotify
                0x0000336c       0xb8 ./tasks.o
                0x0000336c                xTaskGenericNotify
 .text.xTaskGenericNotifyFromISR
                0x00003424       0xdc ./tasks.o
                0x00003424                xTaskGenericNotifyFromISR
 .text.vTaskNotifyGiveFromISR
                0x00003500       0xa0 ./tasks.o
                0x00003500                vTaskNotifyGiveFromISR
 .text.xTaskNotifyStateClear
                0x000035a0       0x34 ./tasks.o
                0x000035a0                xTaskNotifyStateClear
 .text.lcrh_databits
                0x000035d4       0x10 ./uart0.o
                0x000035d4                lcrh_databits
 .text.lcrh_stopbits
                0x000035e4        0xc ./uart0.o
                0x000035e4                lcrh_stopbits
 .text.lcrh_parity
                0x000035f0       0x26 ./uart0.o
                0x000035f0                lcrh_parity
 *fill*         0x00003616        0x2 
 .text.uart0_fifos_enable
                0x00003618       0x10 ./uart0.o
                0x00003618                uart0_fifos_enable
 .text.uart0_fifos_disable
                0x00003628       0x10 ./uart0.o
                0x00003628                uart0_fifos_disable
 .text.uart0_rx_rdy
                0x00003638       0x10 ./uart0.o
                0x00003638                uart0_rx_rdy
 .text.uart0_getc
                0x00003648        0xc ./uart0.o
                0x00003648                uart0_getc
 .text.uart0_tx_rdy
                0x00003654       0x10 ./uart0.o
                0x00003654                uart0_tx_rdy
 .text.uart0_putc
                0x00003664       0x18 ./uart0.o
                0x00003664                uart0_putc
 .text.uart0_putca
                0x0000367c       0x34 ./uart0.o
                0x0000367c                uart0_putca
 .text.uart0_task
                0x000036b0       0x28 ./uart0.o
                0x000036b0                uart0_task
 .text.uart0_init
                0x000036d8       0xac ./uart0.o
                0x000036d8                uart0_init
 .text.prvTestWaitCondition
                0x00003784       0x1c ./frt10/src/event_groups.o
 .text.xEventGroupCreate
                0x000037a0       0x1a ./frt10/src/event_groups.o
                0x000037a0                xEventGroupCreate
 *fill*         0x000037ba        0x2 
 .text.xEventGroupWaitBits
                0x000037bc       0xb4 ./frt10/src/event_groups.o
                0x000037bc                xEventGroupWaitBits
 .text.xEventGroupClearBits
                0x00003870       0x1a ./frt10/src/event_groups.o
                0x00003870                xEventGroupClearBits
 .text.xEventGroupGetBitsFromISR
                0x0000388a       0x1c ./frt10/src/event_groups.o
                0x0000388a                xEventGroupGetBitsFromISR
 .text.xEventGroupSetBits
                0x000038a6       0x62 ./frt10/src/event_groups.o
                0x000038a6                xEventGroupSetBits
 .text.xEventGroupSync
                0x00003908       0x90 ./frt10/src/event_groups.o
                0x00003908                xEventGroupSync
 .text.vEventGroupDelete
                0x00003998       0x26 ./frt10/src/event_groups.o
                0x00003998                vEventGroupDelete
 .text.vEventGroupSetBitsCallback
                0x000039be        0x8 ./frt10/src/event_groups.o
                0x000039be                vEventGroupSetBitsCallback
 .text.vEventGroupClearBitsCallback
                0x000039c6        0x8 ./frt10/src/event_groups.o
                0x000039c6                vEventGroupClearBitsCallback
 .text.prvBytesInBuffer
                0x000039ce       0x12 ./frt10/src/stream_buffer.o
 .text.prvInitialiseNewStreamBuffer
                0x000039e0       0x20 ./frt10/src/stream_buffer.o
 .text.prvWriteBytesToBuffer
                0x00003a00       0x44 ./frt10/src/stream_buffer.o
 .text.prvWriteMessageToBuffer
                0x00003a44       0x48 ./frt10/src/stream_buffer.o
 .text.prvReadBytesFromBuffer
                0x00003a8c       0x50 ./frt10/src/stream_buffer.o
 .text.prvReadMessageFromBuffer
                0x00003adc       0x44 ./frt10/src/stream_buffer.o
 .text.xStreamBufferGenericCreate
                0x00003b20       0x34 ./frt10/src/stream_buffer.o
                0x00003b20                xStreamBufferGenericCreate
 .text.vStreamBufferDelete
                0x00003b54       0x1a ./frt10/src/stream_buffer.o
                0x00003b54                vStreamBufferDelete
 .text.xStreamBufferReset
                0x00003b6e       0x36 ./frt10/src/stream_buffer.o
                0x00003b6e                xStreamBufferReset
 .text.xStreamBufferSetTriggerLevel
                0x00003ba4       0x16 ./frt10/src/stream_buffer.o
                0x00003ba4                xStreamBufferSetTriggerLevel
 .text.xStreamBufferSpacesAvailable
                0x00003bba       0x14 ./frt10/src/stream_buffer.o
                0x00003bba                xStreamBufferSpacesAvailable
 .text.xStreamBufferBytesAvailable
                0x00003bce        0x8 ./frt10/src/stream_buffer.o
                0x00003bce                xStreamBufferBytesAvailable
 .text.xStreamBufferSend
                0x00003bd6       0xba ./frt10/src/stream_buffer.o
                0x00003bd6                xStreamBufferSend
 .text.xStreamBufferSendFromISR
                0x00003c90       0x7a ./frt10/src/stream_buffer.o
                0x00003c90                xStreamBufferSendFromISR
 .text.xStreamBufferReceive
                0x00003d0a       0xa6 ./frt10/src/stream_buffer.o
                0x00003d0a                xStreamBufferReceive
 .text.xStreamBufferNextMessageLengthBytes
                0x00003db0       0x36 ./frt10/src/stream_buffer.o
                0x00003db0                xStreamBufferNextMessageLengthBytes
 .text.xStreamBufferReceiveFromISR
                0x00003de6       0x76 ./frt10/src/stream_buffer.o
                0x00003de6                xStreamBufferReceiveFromISR
 .text.xStreamBufferIsEmpty
                0x00003e5c       0x10 ./frt10/src/stream_buffer.o
                0x00003e5c                xStreamBufferIsEmpty
 .text.xStreamBufferIsFull
                0x00003e6c       0x20 ./frt10/src/stream_buffer.o
                0x00003e6c                xStreamBufferIsFull
 .text.xStreamBufferSendCompletedFromISR
                0x00003e8c       0x3e ./frt10/src/stream_buffer.o
                0x00003e8c                xStreamBufferSendCompletedFromISR
 .text.xStreamBufferReceiveCompletedFromISR
                0x00003eca       0x3e ./frt10/src/stream_buffer.o
                0x00003eca                xStreamBufferReceiveCompletedFromISR
 .text.exit     0x00003f08       0x20 c:/programmer_p/ccs8/ccsv8/tools/compiler/gcc-arm-none-eabi-7-2017-q4-major-win32/bin/../lib/gcc/arm-none-eabi/7.2.1/../../../../arm-none-eabi/lib/thumb/v7e-m/fpv4-sp/hard\libg.a(lib_a-exit.o)
                0x00003f08                exit
 .text.__libc_init_array
                0x00003f28       0x48 c:/programmer_p/ccs8/ccsv8/tools/compiler/gcc-arm-none-eabi-7-2017-q4-major-win32/bin/../lib/gcc/arm-none-eabi/7.2.1/../../../../arm-none-eabi/lib/thumb/v7e-m/fpv4-sp/hard\libg.a(lib_a-init.o)
                0x00003f28                __libc_init_array
 .text.memset   0x00003f70       0x94 c:/programmer_p/ccs8/ccsv8/tools/compiler/gcc-arm-none-eabi-7-2017-q4-major-win32/bin/../lib/gcc/arm-none-eabi/7.2.1/../../../../arm-none-eabi/lib/thumb/v7e-m/fpv4-sp/hard\libg.a(lib_a-memset.o)
                0x00003f70                memset
 .text.startup.register_fini
                0x00004004       0x14 c:/programmer_p/ccs8/ccsv8/tools/compiler/gcc-arm-none-eabi-7-2017-q4-major-win32/bin/../lib/gcc/arm-none-eabi/7.2.1/../../../../arm-none-eabi/lib/thumb/v7e-m/fpv4-sp/hard\libg.a(lib_a-__call_atexit.o)
 .text.__call_exitprocs
                0x00004018       0xe8 c:/programmer_p/ccs8/ccsv8/tools/compiler/gcc-arm-none-eabi-7-2017-q4-major-win32/bin/../lib/gcc/arm-none-eabi/7.2.1/../../../../arm-none-eabi/lib/thumb/v7e-m/fpv4-sp/hard\libg.a(lib_a-__call_atexit.o)
                0x00004018                __call_exitprocs
 .text.atexit   0x00004100        0xc c:/programmer_p/ccs8/ccsv8/tools/compiler/gcc-arm-none-eabi-7-2017-q4-major-win32/bin/../lib/gcc/arm-none-eabi/7.2.1/../../../../arm-none-eabi/lib/thumb/v7e-m/fpv4-sp/hard\libg.a(lib_a-atexit.o)
                0x00004100                atexit
 .text.__libc_fini_array
                0x0000410c       0x34 c:/programmer_p/ccs8/ccsv8/tools/compiler/gcc-arm-none-eabi-7-2017-q4-major-win32/bin/../lib/gcc/arm-none-eabi/7.2.1/../../../../arm-none-eabi/lib/thumb/v7e-m/fpv4-sp/hard\libg.a(lib_a-fini.o)
                0x0000410c                __libc_fini_array
 .text.__retarget_lock_init
                0x00004140        0x4 c:/programmer_p/ccs8/ccsv8/tools/compiler/gcc-arm-none-eabi-7-2017-q4-major-win32/bin/../lib/gcc/arm-none-eabi/7.2.1/../../../../arm-none-eabi/lib/thumb/v7e-m/fpv4-sp/hard\libg.a(lib_a-lock.o)
                0x00004140                __retarget_lock_init
 .text.__retarget_lock_init_recursive
                0x00004144        0x4 c:/programmer_p/ccs8/ccsv8/tools/compiler/gcc-arm-none-eabi-7-2017-q4-major-win32/bin/../lib/gcc/arm-none-eabi/7.2.1/../../../../arm-none-eabi/lib/thumb/v7e-m/fpv4-sp/hard\libg.a(lib_a-lock.o)
                0x00004144                __retarget_lock_init_recursive
 .text.__retarget_lock_close
                0x00004148        0x4 c:/programmer_p/ccs8/ccsv8/tools/compiler/gcc-arm-none-eabi-7-2017-q4-major-win32/bin/../lib/gcc/arm-none-eabi/7.2.1/../../../../arm-none-eabi/lib/thumb/v7e-m/fpv4-sp/hard\libg.a(lib_a-lock.o)
                0x00004148                __retarget_lock_close
 .text.__retarget_lock_close_recursive
                0x0000414c        0x4 c:/programmer_p/ccs8/ccsv8/tools/compiler/gcc-arm-none-eabi-7-2017-q4-major-win32/bin/../lib/gcc/arm-none-eabi/7.2.1/../../../../arm-none-eabi/lib/thumb/v7e-m/fpv4-sp/hard\libg.a(lib_a-lock.o)
                0x0000414c                __retarget_lock_close_recursive
 .text.__retarget_lock_acquire
                0x00004150        0x4 c:/programmer_p/ccs8/ccsv8/tools/compiler/gcc-arm-none-eabi-7-2017-q4-major-win32/bin/../lib/gcc/arm-none-eabi/7.2.1/../../../../arm-none-eabi/lib/thumb/v7e-m/fpv4-sp/hard\libg.a(lib_a-lock.o)
                0x00004150                __retarget_lock_acquire
 .text.__retarget_lock_acquire_recursive
                0x00004154        0x4 c:/programmer_p/ccs8/ccsv8/tools/compiler/gcc-arm-none-eabi-7-2017-q4-major-win32/bin/../lib/gcc/arm-none-eabi/7.2.1/../../../../arm-none-eabi/lib/thumb/v7e-m/fpv4-sp/hard\libg.a(lib_a-lock.o)
                0x00004154                __retarget_lock_acquire_recursive
 .text.__retarget_lock_try_acquire
                0x00004158        0x4 c:/programmer_p/ccs8/ccsv8/tools/compiler/gcc-arm-none-eabi-7-2017-q4-major-win32/bin/../lib/gcc/arm-none-eabi/7.2.1/../../../../arm-none-eabi/lib/thumb/v7e-m/fpv4-sp/hard\libg.a(lib_a-lock.o)
                0x00004158                __retarget_lock_try_acquire
 .text.__retarget_lock_try_acquire_recursive
                0x0000415c        0x4 c:/programmer_p/ccs8/ccsv8/tools/compiler/gcc-arm-none-eabi-7-2017-q4-major-win32/bin/../lib/gcc/arm-none-eabi/7.2.1/../../../../arm-none-eabi/lib/thumb/v7e-m/fpv4-sp/hard\libg.a(lib_a-lock.o)
                0x0000415c                __retarget_lock_try_acquire_recursive
 .text.__retarget_lock_release
                0x00004160        0x4 c:/programmer_p/ccs8/ccsv8/tools/compiler/gcc-arm-none-eabi-7-2017-q4-major-win32/bin/../lib/gcc/arm-none-eabi/7.2.1/../../../../arm-none-eabi/lib/thumb/v7e-m/fpv4-sp/hard\libg.a(lib_a-lock.o)
                0x00004160                __retarget_lock_release
 .text.__retarget_lock_release_recursive
                0x00004164        0x4 c:/programmer_p/ccs8/ccsv8/tools/compiler/gcc-arm-none-eabi-7-2017-q4-major-win32/bin/../lib/gcc/arm-none-eabi/7.2.1/../../../../arm-none-eabi/lib/thumb/v7e-m/fpv4-sp/hard\libg.a(lib_a-lock.o)
                0x00004164                __retarget_lock_release_recursive
 .text.__register_exitproc
                0x00004168       0xc0 c:/programmer_p/ccs8/ccsv8/tools/compiler/gcc-arm-none-eabi-7-2017-q4-major-win32/bin/../lib/gcc/arm-none-eabi/7.2.1/../../../../arm-none-eabi/lib/thumb/v7e-m/fpv4-sp/hard\libg.a(lib_a-__atexit.o)
                0x00004168                __register_exitproc
 .text._exit    0x00004228        0x4 c:/programmer_p/ccs8/ccsv8/tools/compiler/gcc-arm-none-eabi-7-2017-q4-major-win32/bin/../lib/gcc/arm-none-eabi/7.2.1/../../../../arm-none-eabi/lib/thumb/v7e-m/fpv4-sp/hard\libnosys.a(_exit.o)
                0x00004228                _exit
                0x0000422c                . = ALIGN (0x4)
 *(.ctors)
                0x0000422c                . = ALIGN (0x4)
 *(.dtors)
                0x0000422c                . = ALIGN (0x4)
                0x0000422c                __init_array_start = .
 *(.init_array*)
 .init_array    0x0000422c        0x4 c:/programmer_p/ccs8/ccsv8/tools/compiler/gcc-arm-none-eabi-7-2017-q4-major-win32/bin/../lib/gcc/arm-none-eabi/7.2.1/thumb/v7e-m/fpv4-sp/hard/crtbegin.o
 .init_array.00000
                0x00004230        0x4 c:/programmer_p/ccs8/ccsv8/tools/compiler/gcc-arm-none-eabi-7-2017-q4-major-win32/bin/../lib/gcc/arm-none-eabi/7.2.1/../../../../arm-none-eabi/lib/thumb/v7e-m/fpv4-sp/hard\libg.a(lib_a-__call_atexit.o)
                0x00004234                __init_array_end = .
 *(.init)
 .init          0x00004234        0x4 c:/programmer_p/ccs8/ccsv8/tools/compiler/gcc-arm-none-eabi-7-2017-q4-major-win32/bin/../lib/gcc/arm-none-eabi/7.2.1/thumb/v7e-m/fpv4-sp/hard/crti.o
                0x00004234                _init
 .init          0x00004238        0x8 c:/programmer_p/ccs8/ccsv8/tools/compiler/gcc-arm-none-eabi-7-2017-q4-major-win32/bin/../lib/gcc/arm-none-eabi/7.2.1/thumb/v7e-m/fpv4-sp/hard/crtn.o
 *(.fini*)
 .fini          0x00004240        0x4 c:/programmer_p/ccs8/ccsv8/tools/compiler/gcc-arm-none-eabi-7-2017-q4-major-win32/bin/../lib/gcc/arm-none-eabi/7.2.1/thumb/v7e-m/fpv4-sp/hard/crti.o
                0x00004240                _fini
 .fini_array    0x00004244        0x4 c:/programmer_p/ccs8/ccsv8/tools/compiler/gcc-arm-none-eabi-7-2017-q4-major-win32/bin/../lib/gcc/arm-none-eabi/7.2.1/thumb/v7e-m/fpv4-sp/hard/crtbegin.o
 .fini          0x00004248        0x8 c:/programmer_p/ccs8/ccsv8/tools/compiler/gcc-arm-none-eabi-7-2017-q4-major-win32/bin/../lib/gcc/arm-none-eabi/7.2.1/thumb/v7e-m/fpv4-sp/hard/crtn.o
                [!provide]                PROVIDE (__etext, .)
                [!provide]                PROVIDE (_etext, .)
                [!provide]                PROVIDE (etext, .)

.glue_7         0x00004250        0x0
 .glue_7        0x00004250        0x0 linker stubs

.glue_7t        0x00004250        0x0
 .glue_7t       0x00004250        0x0 linker stubs

.vfp11_veneer   0x00004250        0x0
 .vfp11_veneer  0x00004250        0x0 linker stubs

.v4_bx          0x00004250        0x0
 .v4_bx         0x00004250        0x0 linker stubs

.iplt           0x00004250        0x0
 .iplt          0x00004250        0x0 c:/programmer_p/ccs8/ccsv8/tools/compiler/gcc-arm-none-eabi-7-2017-q4-major-win32/bin/../lib/gcc/arm-none-eabi/7.2.1/thumb/v7e-m/fpv4-sp/hard/crtbegin.o

.rodata         0x00004250       0x2c
 *(.rodata)
 *(.rodata*)
 .rodata.task_manager.str1.4
                0x00004250       0x20 ./task_manager.o
 .rodata.vTaskStartScheduler.str1.4
                0x00004270        0x8 ./tasks.o
                                  0x5 (size before relaxing)
 .rodata._global_impure_ptr
                0x00004278        0x4 c:/programmer_p/ccs8/ccsv8/tools/compiler/gcc-arm-none-eabi-7-2017-q4-major-win32/bin/../lib/gcc/arm-none-eabi/7.2.1/../../../../arm-none-eabi/lib/thumb/v7e-m/fpv4-sp/hard\libg.a(lib_a-impure.o)
                0x00004278                _global_impure_ptr

.eh_frame       0x0000427c        0x4
 .eh_frame      0x0000427c        0x0 c:/programmer_p/ccs8/ccsv8/tools/compiler/gcc-arm-none-eabi-7-2017-q4-major-win32/bin/../lib/gcc/arm-none-eabi/7.2.1/thumb/v7e-m/fpv4-sp/hard/crtbegin.o
 .eh_frame      0x0000427c        0x4 c:/programmer_p/ccs8/ccsv8/tools/compiler/gcc-arm-none-eabi-7-2017-q4-major-win32/bin/../lib/gcc/arm-none-eabi/7.2.1/thumb/v7e-m/fpv4-sp/hard/crtend.o

.data           0x20000000      0x444 load address 0x00004280
                0x00004280                __data_load__ = LOADADDR (.data)
                0x20000000                __data_start__ = .
 *(.data)
 .data          0x20000000        0x0 c:/programmer_p/ccs8/ccsv8/tools/compiler/gcc-arm-none-eabi-7-2017-q4-major-win32/bin/../lib/gcc/arm-none-eabi/7.2.1/thumb/v7e-m/fpv4-sp/hard/crti.o
 .data          0x20000000        0x4 c:/programmer_p/ccs8/ccsv8/tools/compiler/gcc-arm-none-eabi-7-2017-q4-major-win32/bin/../lib/gcc/arm-none-eabi/7.2.1/thumb/v7e-m/fpv4-sp/hard/crtbegin.o
                0x20000000                __dso_handle
 .data          0x20000004        0x0 c:/programmer_p/ccs8/ccsv8/tools/compiler/gcc-arm-none-eabi-7-2017-q4-major-win32/bin/../lib/gcc/arm-none-eabi/7.2.1/../../../../arm-none-eabi/lib/thumb/v7e-m/fpv4-sp/hard/crt0.o
 .data          0x20000004        0x0 ./controller.o
 .data          0x20000004        0x0 ./gpio.o
 .data          0x20000004        0x0 ./heap_2.o
 .data          0x20000004        0x0 ./list.o
 .data          0x20000004        0x0 ./main.o
 .data          0x20000004        0x0 ./port.o
 .data          0x20000004        0x0 ./queue.o
 .data          0x20000004        0x0 ./spi.o
 .data          0x20000004        0x0 ./startup_frt.o
 .data          0x20000004        0x0 ./systick_frt.o
 .data          0x20000004        0x0 ./task_manager.o
 .data          0x20000004        0x0 ./tasks.o
 .data          0x20000004        0x0 ./uart0.o
 .data          0x20000004        0x0 ./frt10/src/croutine.o
 .data          0x20000004        0x0 ./frt10/src/event_groups.o
 .data          0x20000004        0x0 ./frt10/src/stream_buffer.o
 .data          0x20000004        0x0 ./frt10/src/timers.o
 .data          0x20000004        0x0 c:/programmer_p/ccs8/ccsv8/tools/compiler/gcc-arm-none-eabi-7-2017-q4-major-win32/bin/../lib/gcc/arm-none-eabi/7.2.1/thumb/v7e-m/fpv4-sp/hard\libgcc.a(_arm_addsubdf3.o)
 .data          0x20000004        0x0 c:/programmer_p/ccs8/ccsv8/tools/compiler/gcc-arm-none-eabi-7-2017-q4-major-win32/bin/../lib/gcc/arm-none-eabi/7.2.1/thumb/v7e-m/fpv4-sp/hard\libgcc.a(_arm_muldivdf3.o)
 .data          0x20000004        0x0 c:/programmer_p/ccs8/ccsv8/tools/compiler/gcc-arm-none-eabi-7-2017-q4-major-win32/bin/../lib/gcc/arm-none-eabi/7.2.1/thumb/v7e-m/fpv4-sp/hard\libgcc.a(_arm_cmpdf2.o)
 .data          0x20000004        0x0 c:/programmer_p/ccs8/ccsv8/tools/compiler/gcc-arm-none-eabi-7-2017-q4-major-win32/bin/../lib/gcc/arm-none-eabi/7.2.1/thumb/v7e-m/fpv4-sp/hard\libgcc.a(_arm_fixunsdfsi.o)
 .data          0x20000004        0x0 c:/programmer_p/ccs8/ccsv8/tools/compiler/gcc-arm-none-eabi-7-2017-q4-major-win32/bin/../lib/gcc/arm-none-eabi/7.2.1/thumb/v7e-m/fpv4-sp/hard\libgcc.a(_arm_truncdfsf2.o)
 .data          0x20000004        0x0 c:/programmer_p/ccs8/ccsv8/tools/compiler/gcc-arm-none-eabi-7-2017-q4-major-win32/bin/../lib/gcc/arm-none-eabi/7.2.1/../../../../arm-none-eabi/lib/thumb/v7e-m/fpv4-sp/hard\libg.a(lib_a-exit.o)
 .data          0x20000004        0x0 c:/programmer_p/ccs8/ccsv8/tools/compiler/gcc-arm-none-eabi-7-2017-q4-major-win32/bin/../lib/gcc/arm-none-eabi/7.2.1/../../../../arm-none-eabi/lib/thumb/v7e-m/fpv4-sp/hard\libg.a(lib_a-impure.o)
 .data          0x20000004        0x0 c:/programmer_p/ccs8/ccsv8/tools/compiler/gcc-arm-none-eabi-7-2017-q4-major-win32/bin/../lib/gcc/arm-none-eabi/7.2.1/../../../../arm-none-eabi/lib/thumb/v7e-m/fpv4-sp/hard\libg.a(lib_a-init.o)
 .data          0x20000004        0x0 c:/programmer_p/ccs8/ccsv8/tools/compiler/gcc-arm-none-eabi-7-2017-q4-major-win32/bin/../lib/gcc/arm-none-eabi/7.2.1/../../../../arm-none-eabi/lib/thumb/v7e-m/fpv4-sp/hard\libg.a(lib_a-memcpy.o)
 .data          0x20000004        0x0 c:/programmer_p/ccs8/ccsv8/tools/compiler/gcc-arm-none-eabi-7-2017-q4-major-win32/bin/../lib/gcc/arm-none-eabi/7.2.1/../../../../arm-none-eabi/lib/thumb/v7e-m/fpv4-sp/hard\libg.a(lib_a-memset.o)
 .data          0x20000004        0x0 c:/programmer_p/ccs8/ccsv8/tools/compiler/gcc-arm-none-eabi-7-2017-q4-major-win32/bin/../lib/gcc/arm-none-eabi/7.2.1/../../../../arm-none-eabi/lib/thumb/v7e-m/fpv4-sp/hard\libg.a(lib_a-strlen.o)
 .data          0x20000004        0x0 c:/programmer_p/ccs8/ccsv8/tools/compiler/gcc-arm-none-eabi-7-2017-q4-major-win32/bin/../lib/gcc/arm-none-eabi/7.2.1/../../../../arm-none-eabi/lib/thumb/v7e-m/fpv4-sp/hard\libg.a(lib_a-__call_atexit.o)
 .data          0x20000004        0x0 c:/programmer_p/ccs8/ccsv8/tools/compiler/gcc-arm-none-eabi-7-2017-q4-major-win32/bin/../lib/gcc/arm-none-eabi/7.2.1/../../../../arm-none-eabi/lib/thumb/v7e-m/fpv4-sp/hard\libg.a(lib_a-atexit.o)
 .data          0x20000004        0x0 c:/programmer_p/ccs8/ccsv8/tools/compiler/gcc-arm-none-eabi-7-2017-q4-major-win32/bin/../lib/gcc/arm-none-eabi/7.2.1/../../../../arm-none-eabi/lib/thumb/v7e-m/fpv4-sp/hard\libg.a(lib_a-fini.o)
 .data          0x20000004        0x0 c:/programmer_p/ccs8/ccsv8/tools/compiler/gcc-arm-none-eabi-7-2017-q4-major-win32/bin/../lib/gcc/arm-none-eabi/7.2.1/../../../../arm-none-eabi/lib/thumb/v7e-m/fpv4-sp/hard\libg.a(lib_a-lock.o)
 .data          0x20000004        0x0 c:/programmer_p/ccs8/ccsv8/tools/compiler/gcc-arm-none-eabi-7-2017-q4-major-win32/bin/../lib/gcc/arm-none-eabi/7.2.1/../../../../arm-none-eabi/lib/thumb/v7e-m/fpv4-sp/hard\libg.a(lib_a-__atexit.o)
 .data          0x20000004        0x0 c:/programmer_p/ccs8/ccsv8/tools/compiler/gcc-arm-none-eabi-7-2017-q4-major-win32/bin/../lib/gcc/arm-none-eabi/7.2.1/../../../../arm-none-eabi/lib/thumb/v7e-m/fpv4-sp/hard\libnosys.a(_exit.o)
 .data          0x20000004        0x0 c:/programmer_p/ccs8/ccsv8/tools/compiler/gcc-arm-none-eabi-7-2017-q4-major-win32/bin/../lib/gcc/arm-none-eabi/7.2.1/thumb/v7e-m/fpv4-sp/hard/crtend.o
 .data          0x20000004        0x0 c:/programmer_p/ccs8/ccsv8/tools/compiler/gcc-arm-none-eabi-7-2017-q4-major-win32/bin/../lib/gcc/arm-none-eabi/7.2.1/thumb/v7e-m/fpv4-sp/hard/crtn.o
 *(.data*)
 .data.xFreeBytesRemaining
                0x20000004        0x4 ./heap_2.o
 .data.uxCriticalNesting
                0x20000008        0x4 ./port.o
 .data.pwm_pan  0x2000000c        0x1 ./task_manager.o
                0x2000000c                pwm_pan
 .data.pwm_tilt
                0x2000000d        0x1 ./task_manager.o
                0x2000000d                pwm_tilt
 *fill*         0x2000000e        0x2 
 .data._impure_ptr
                0x20000010        0x4 c:/programmer_p/ccs8/ccsv8/tools/compiler/gcc-arm-none-eabi-7-2017-q4-major-win32/bin/../lib/gcc/arm-none-eabi/7.2.1/../../../../arm-none-eabi/lib/thumb/v7e-m/fpv4-sp/hard\libg.a(lib_a-impure.o)
                0x20000010                _impure_ptr
 *fill*         0x20000014        0x4 
 .data.impure_data
                0x20000018      0x428 c:/programmer_p/ccs8/ccsv8/tools/compiler/gcc-arm-none-eabi-7-2017-q4-major-win32/bin/../lib/gcc/arm-none-eabi/7.2.1/../../../../arm-none-eabi/lib/thumb/v7e-m/fpv4-sp/hard\libg.a(lib_a-impure.o)
 .data.__atexit_recursive_mutex
                0x20000440        0x4 c:/programmer_p/ccs8/ccsv8/tools/compiler/gcc-arm-none-eabi-7-2017-q4-major-win32/bin/../lib/gcc/arm-none-eabi/7.2.1/../../../../arm-none-eabi/lib/thumb/v7e-m/fpv4-sp/hard\libg.a(lib_a-__call_atexit.o)
                0x20000440                __atexit_recursive_mutex
                0x20000444                . = ALIGN (0x4)
                0x20000444                __data_end__ = .

.igot.plt       0x20000444        0x0 load address 0x000046c4
 .igot.plt      0x20000444        0x0 c:/programmer_p/ccs8/ccsv8/tools/compiler/gcc-arm-none-eabi-7-2017-q4-major-win32/bin/../lib/gcc/arm-none-eabi/7.2.1/thumb/v7e-m/fpv4-sp/hard/crtbegin.o

.ARM.exidx      0x000046c4        0x8
                0x000046c4                __exidx_start = .
 *(.ARM.exidx* .gnu.linkonce.armexidx.*)
 .ARM.exidx     0x000046c4        0x8 c:/programmer_p/ccs8/ccsv8/tools/compiler/gcc-arm-none-eabi-7-2017-q4-major-win32/bin/../lib/gcc/arm-none-eabi/7.2.1/../../../../arm-none-eabi/lib/thumb/v7e-m/fpv4-sp/hard/crt0.o
                0x000046cc                __exidx_end = .

.ARM.extab      0x000046cc        0x0
 *(.ARM.extab* .gnu.linkonce.armextab.*)
 .ARM.extab     0x000046cc        0x0 c:/programmer_p/ccs8/ccsv8/tools/compiler/gcc-arm-none-eabi-7-2017-q4-major-win32/bin/../lib/gcc/arm-none-eabi/7.2.1/../../../../arm-none-eabi/lib/thumb/v7e-m/fpv4-sp/hard/crt0.o

.rel.dyn        0x000046cc        0x0
 .rel.iplt      0x000046cc        0x0 c:/programmer_p/ccs8/ccsv8/tools/compiler/gcc-arm-none-eabi-7-2017-q4-major-win32/bin/../lib/gcc/arm-none-eabi/7.2.1/thumb/v7e-m/fpv4-sp/hard/crtbegin.o

.bss            0x20000444     0x1f20
                0x20000444                __bss_start__ = .
 *(.shbss)
 *(.bss)
 .bss           0x20000444        0x0 c:/programmer_p/ccs8/ccsv8/tools/compiler/gcc-arm-none-eabi-7-2017-q4-major-win32/bin/../lib/gcc/arm-none-eabi/7.2.1/thumb/v7e-m/fpv4-sp/hard/crti.o
 .bss           0x20000444       0x1c c:/programmer_p/ccs8/ccsv8/tools/compiler/gcc-arm-none-eabi-7-2017-q4-major-win32/bin/../lib/gcc/arm-none-eabi/7.2.1/thumb/v7e-m/fpv4-sp/hard/crtbegin.o
 .bss           0x20000460        0x0 c:/programmer_p/ccs8/ccsv8/tools/compiler/gcc-arm-none-eabi-7-2017-q4-major-win32/bin/../lib/gcc/arm-none-eabi/7.2.1/../../../../arm-none-eabi/lib/thumb/v7e-m/fpv4-sp/hard/crt0.o
 .bss           0x20000460        0x0 ./controller.o
 .bss           0x20000460        0x0 ./gpio.o
 .bss           0x20000460        0x0 ./heap_2.o
 .bss           0x20000460        0x0 ./list.o
 .bss           0x20000460        0x0 ./main.o
 .bss           0x20000460        0x0 ./port.o
 .bss           0x20000460        0x0 ./queue.o
 .bss           0x20000460        0x0 ./spi.o
 .bss           0x20000460        0x0 ./startup_frt.o
 .bss           0x20000460        0x0 ./systick_frt.o
 .bss           0x20000460        0x0 ./task_manager.o
 .bss           0x20000460        0x0 ./tasks.o
 .bss           0x20000460        0x0 ./uart0.o
 .bss           0x20000460        0x0 ./frt10/src/croutine.o
 .bss           0x20000460        0x0 ./frt10/src/event_groups.o
 .bss           0x20000460        0x0 ./frt10/src/stream_buffer.o
 .bss           0x20000460        0x0 ./frt10/src/timers.o
 .bss           0x20000460        0x0 c:/programmer_p/ccs8/ccsv8/tools/compiler/gcc-arm-none-eabi-7-2017-q4-major-win32/bin/../lib/gcc/arm-none-eabi/7.2.1/thumb/v7e-m/fpv4-sp/hard\libgcc.a(_arm_addsubdf3.o)
 .bss           0x20000460        0x0 c:/programmer_p/ccs8/ccsv8/tools/compiler/gcc-arm-none-eabi-7-2017-q4-major-win32/bin/../lib/gcc/arm-none-eabi/7.2.1/thumb/v7e-m/fpv4-sp/hard\libgcc.a(_arm_muldivdf3.o)
 .bss           0x20000460        0x0 c:/programmer_p/ccs8/ccsv8/tools/compiler/gcc-arm-none-eabi-7-2017-q4-major-win32/bin/../lib/gcc/arm-none-eabi/7.2.1/thumb/v7e-m/fpv4-sp/hard\libgcc.a(_arm_cmpdf2.o)
 .bss           0x20000460        0x0 c:/programmer_p/ccs8/ccsv8/tools/compiler/gcc-arm-none-eabi-7-2017-q4-major-win32/bin/../lib/gcc/arm-none-eabi/7.2.1/thumb/v7e-m/fpv4-sp/hard\libgcc.a(_arm_fixunsdfsi.o)
 .bss           0x20000460        0x0 c:/programmer_p/ccs8/ccsv8/tools/compiler/gcc-arm-none-eabi-7-2017-q4-major-win32/bin/../lib/gcc/arm-none-eabi/7.2.1/thumb/v7e-m/fpv4-sp/hard\libgcc.a(_arm_truncdfsf2.o)
 .bss           0x20000460        0x0 c:/programmer_p/ccs8/ccsv8/tools/compiler/gcc-arm-none-eabi-7-2017-q4-major-win32/bin/../lib/gcc/arm-none-eabi/7.2.1/../../../../arm-none-eabi/lib/thumb/v7e-m/fpv4-sp/hard\libg.a(lib_a-exit.o)
 .bss           0x20000460        0x0 c:/programmer_p/ccs8/ccsv8/tools/compiler/gcc-arm-none-eabi-7-2017-q4-major-win32/bin/../lib/gcc/arm-none-eabi/7.2.1/../../../../arm-none-eabi/lib/thumb/v7e-m/fpv4-sp/hard\libg.a(lib_a-impure.o)
 .bss           0x20000460        0x0 c:/programmer_p/ccs8/ccsv8/tools/compiler/gcc-arm-none-eabi-7-2017-q4-major-win32/bin/../lib/gcc/arm-none-eabi/7.2.1/../../../../arm-none-eabi/lib/thumb/v7e-m/fpv4-sp/hard\libg.a(lib_a-init.o)
 .bss           0x20000460        0x0 c:/programmer_p/ccs8/ccsv8/tools/compiler/gcc-arm-none-eabi-7-2017-q4-major-win32/bin/../lib/gcc/arm-none-eabi/7.2.1/../../../../arm-none-eabi/lib/thumb/v7e-m/fpv4-sp/hard\libg.a(lib_a-memcpy.o)
 .bss           0x20000460        0x0 c:/programmer_p/ccs8/ccsv8/tools/compiler/gcc-arm-none-eabi-7-2017-q4-major-win32/bin/../lib/gcc/arm-none-eabi/7.2.1/../../../../arm-none-eabi/lib/thumb/v7e-m/fpv4-sp/hard\libg.a(lib_a-memset.o)
 .bss           0x20000460        0x0 c:/programmer_p/ccs8/ccsv8/tools/compiler/gcc-arm-none-eabi-7-2017-q4-major-win32/bin/../lib/gcc/arm-none-eabi/7.2.1/../../../../arm-none-eabi/lib/thumb/v7e-m/fpv4-sp/hard\libg.a(lib_a-strlen.o)
 .bss           0x20000460        0x0 c:/programmer_p/ccs8/ccsv8/tools/compiler/gcc-arm-none-eabi-7-2017-q4-major-win32/bin/../lib/gcc/arm-none-eabi/7.2.1/../../../../arm-none-eabi/lib/thumb/v7e-m/fpv4-sp/hard\libg.a(lib_a-__call_atexit.o)
 .bss           0x20000460        0x0 c:/programmer_p/ccs8/ccsv8/tools/compiler/gcc-arm-none-eabi-7-2017-q4-major-win32/bin/../lib/gcc/arm-none-eabi/7.2.1/../../../../arm-none-eabi/lib/thumb/v7e-m/fpv4-sp/hard\libg.a(lib_a-atexit.o)
 .bss           0x20000460        0x0 c:/programmer_p/ccs8/ccsv8/tools/compiler/gcc-arm-none-eabi-7-2017-q4-major-win32/bin/../lib/gcc/arm-none-eabi/7.2.1/../../../../arm-none-eabi/lib/thumb/v7e-m/fpv4-sp/hard\libg.a(lib_a-fini.o)
 .bss           0x20000460        0x0 c:/programmer_p/ccs8/ccsv8/tools/compiler/gcc-arm-none-eabi-7-2017-q4-major-win32/bin/../lib/gcc/arm-none-eabi/7.2.1/../../../../arm-none-eabi/lib/thumb/v7e-m/fpv4-sp/hard\libg.a(lib_a-lock.o)
 .bss           0x20000460        0x0 c:/programmer_p/ccs8/ccsv8/tools/compiler/gcc-arm-none-eabi-7-2017-q4-major-win32/bin/../lib/gcc/arm-none-eabi/7.2.1/../../../../arm-none-eabi/lib/thumb/v7e-m/fpv4-sp/hard\libg.a(lib_a-__atexit.o)
 .bss           0x20000460        0x0 c:/programmer_p/ccs8/ccsv8/tools/compiler/gcc-arm-none-eabi-7-2017-q4-major-win32/bin/../lib/gcc/arm-none-eabi/7.2.1/../../../../arm-none-eabi/lib/thumb/v7e-m/fpv4-sp/hard\libnosys.a(_exit.o)
 .bss           0x20000460        0x0 c:/programmer_p/ccs8/ccsv8/tools/compiler/gcc-arm-none-eabi-7-2017-q4-major-win32/bin/../lib/gcc/arm-none-eabi/7.2.1/thumb/v7e-m/fpv4-sp/hard/crtend.o
 .bss           0x20000460        0x0 c:/programmer_p/ccs8/ccsv8/tools/compiler/gcc-arm-none-eabi-7-2017-q4-major-win32/bin/../lib/gcc/arm-none-eabi/7.2.1/thumb/v7e-m/fpv4-sp/hard/crtn.o
 *(.bss.*)
 .bss.ucHeap    0x20000460     0x1b58 ./heap_2.o
 .bss.xEnd      0x20001fb8        0x8 ./heap_2.o
 .bss.xHeapHasBeenInitialised.6401
                0x20001fc0        0x4 ./heap_2.o
 .bss.xStart    0x20001fc4        0x8 ./heap_2.o
 .bss.pui32Stack
                0x20001fcc      0x200 ./startup_frt.o
 .bss.pxCurrentTCB
                0x200021cc        0x4 ./tasks.o
                0x200021cc                pxCurrentTCB
 .bss.pxDelayedTaskList
                0x200021d0        0x4 ./tasks.o
 .bss.pxOverflowDelayedTaskList
                0x200021d4        0x4 ./tasks.o
 .bss.pxReadyTasksLists
                0x200021d8       0xc8 ./tasks.o
 .bss.uxCurrentNumberOfTasks
                0x200022a0        0x4 ./tasks.o
 .bss.uxDeletedTasksWaitingCleanUp
                0x200022a4        0x4 ./tasks.o
 .bss.uxPendedTicks
                0x200022a8        0x4 ./tasks.o
 .bss.uxSchedulerSuspended
                0x200022ac        0x4 ./tasks.o
 .bss.uxTaskNumber
                0x200022b0        0x4 ./tasks.o
 .bss.uxTopReadyPriority
                0x200022b4        0x4 ./tasks.o
 .bss.xDelayedTaskList1
                0x200022b8       0x14 ./tasks.o
 .bss.xDelayedTaskList2
                0x200022cc       0x14 ./tasks.o
 .bss.xIdleTaskHandle
                0x200022e0        0x4 ./tasks.o
 .bss.xNextTaskUnblockTime
                0x200022e4        0x4 ./tasks.o
 .bss.xNumOfOverflows
                0x200022e8        0x4 ./tasks.o
 .bss.xPendingReadyList
                0x200022ec       0x14 ./tasks.o
 .bss.xSchedulerRunning
                0x20002300        0x4 ./tasks.o
 .bss.xSuspendedTaskList
                0x20002304       0x14 ./tasks.o
 .bss.xTasksWaitingTermination
                0x20002318       0x14 ./tasks.o
 .bss.xTickCount
                0x2000232c        0x4 ./tasks.o
 .bss.xYieldPending
                0x20002330        0x4 ./tasks.o
 *(COMMON)
 COMMON         0x20002334        0xc ./task_manager.o
                0x20002334                placementFrame2Queue
                0x20002338                uart0Queue
                0x2000233c                placementFrame1Queue
 COMMON         0x20002340       0x21 c:/programmer_p/ccs8/ccsv8/tools/compiler/gcc-arm-none-eabi-7-2017-q4-major-win32/bin/../lib/gcc/arm-none-eabi/7.2.1/../../../../arm-none-eabi/lib/thumb/v7e-m/fpv4-sp/hard\libg.a(lib_a-lock.o)
                0x20002340                __lock___atexit_recursive_mutex
                0x20002344                __lock___arc4random_mutex
                0x20002348                __lock___env_recursive_mutex
                0x2000234c                __lock___sinit_recursive_mutex
                0x20002350                __lock___malloc_recursive_mutex
                0x20002354                __lock___at_quick_exit_mutex
                0x20002358                __lock___dd_hash_mutex
                0x2000235c                __lock___tz_mutex
                0x20002360                __lock___sfp_recursive_mutex
                0x20002364                . = ALIGN (0x4)
 *fill*         0x20002361        0x3 
                0x20002364                __bss_end__ = .

.heap           0x20002364        0x0
                0x20002364                __heap_start__ = .
                0x20002364                end = __heap_start__
                0x20002364                _end = end
                0x20002364                __end = end
 *(.heap)
                0x20002364                __heap_end__ = .
                0x20002364                __HeapLimit = __heap_end__

.stack          0x20002368        0x0
                0x20002368                _stack = .
                0x20002368                __stack = .
 *(.stack)
START GROUP
LOAD c:/programmer_p/ccs8/ccsv8/tools/compiler/gcc-arm-none-eabi-7-2017-q4-major-win32/bin/../lib/gcc/arm-none-eabi/7.2.1/thumb/v7e-m/fpv4-sp/hard\libgcc.a
LOAD c:/programmer_p/ccs8/ccsv8/tools/compiler/gcc-arm-none-eabi-7-2017-q4-major-win32/bin/../lib/gcc/arm-none-eabi/7.2.1/../../../../arm-none-eabi/lib/thumb/v7e-m/fpv4-sp/hard\libg.a
LOAD c:/programmer_p/ccs8/ccsv8/tools/compiler/gcc-arm-none-eabi-7-2017-q4-major-win32/bin/../lib/gcc/arm-none-eabi/7.2.1/../../../../arm-none-eabi/lib/thumb/v7e-m/fpv4-sp/hard\libc.a
END GROUP
START GROUP
LOAD c:/programmer_p/ccs8/ccsv8/tools/compiler/gcc-arm-none-eabi-7-2017-q4-major-win32/bin/../lib/gcc/arm-none-eabi/7.2.1/thumb/v7e-m/fpv4-sp/hard\libgcc.a
LOAD c:/programmer_p/ccs8/ccsv8/tools/compiler/gcc-arm-none-eabi-7-2017-q4-major-win32/bin/../lib/gcc/arm-none-eabi/7.2.1/../../../../arm-none-eabi/lib/thumb/v7e-m/fpv4-sp/hard\libc.a
LOAD c:/programmer_p/ccs8/ccsv8/tools/compiler/gcc-arm-none-eabi-7-2017-q4-major-win32/bin/../lib/gcc/arm-none-eabi/7.2.1/../../../../arm-none-eabi/lib/thumb/v7e-m/fpv4-sp/hard\libnosys.a
END GROUP
LOAD c:/programmer_p/ccs8/ccsv8/tools/compiler/gcc-arm-none-eabi-7-2017-q4-major-win32/bin/../lib/gcc/arm-none-eabi/7.2.1/thumb/v7e-m/fpv4-sp/hard/crtend.o
LOAD c:/programmer_p/ccs8/ccsv8/tools/compiler/gcc-arm-none-eabi-7-2017-q4-major-win32/bin/../lib/gcc/arm-none-eabi/7.2.1/thumb/v7e-m/fpv4-sp/hard/crtn.o
OUTPUT(Tiva_program.out elf32-littlearm)

.ARM.attributes
                0x00000000       0x30
 .ARM.attributes
                0x00000000       0x22 c:/programmer_p/ccs8/ccsv8/tools/compiler/gcc-arm-none-eabi-7-2017-q4-major-win32/bin/../lib/gcc/arm-none-eabi/7.2.1/thumb/v7e-m/fpv4-sp/hard/crti.o
 .ARM.attributes
                0x00000022       0x34 c:/programmer_p/ccs8/ccsv8/tools/compiler/gcc-arm-none-eabi-7-2017-q4-major-win32/bin/../lib/gcc/arm-none-eabi/7.2.1/thumb/v7e-m/fpv4-sp/hard/crtbegin.o
 .ARM.attributes
                0x00000056       0x20 c:/programmer_p/ccs8/ccsv8/tools/compiler/gcc-arm-none-eabi-7-2017-q4-major-win32/bin/../lib/gcc/arm-none-eabi/7.2.1/../../../../arm-none-eabi/lib/thumb/v7e-m/fpv4-sp/hard/crt0.o
 .ARM.attributes
                0x00000076       0x39 ./controller.o
 .ARM.attributes
                0x000000af       0x39 ./gpio.o
 .ARM.attributes
                0x000000e8       0x39 ./heap_2.o
 .ARM.attributes
                0x00000121       0x39 ./list.o
 .ARM.attributes
                0x0000015a       0x39 ./main.o
 .ARM.attributes
                0x00000193       0x39 ./port.o
 .ARM.attributes
                0x000001cc       0x39 ./queue.o
 .ARM.attributes
                0x00000205       0x39 ./spi.o
 .ARM.attributes
                0x0000023e       0x39 ./startup_frt.o
 .ARM.attributes
                0x00000277       0x39 ./systick_frt.o
 .ARM.attributes
                0x000002b0       0x39 ./task_manager.o
 .ARM.attributes
                0x000002e9       0x39 ./tasks.o
 .ARM.attributes
                0x00000322       0x39 ./uart0.o
 .ARM.attributes
                0x0000035b       0x39 ./frt10/src/croutine.o
 .ARM.attributes
                0x00000394       0x39 ./frt10/src/event_groups.o
 .ARM.attributes
                0x000003cd       0x39 ./frt10/src/stream_buffer.o
 .ARM.attributes
                0x00000406       0x39 ./frt10/src/timers.o
 .ARM.attributes
                0x0000043f       0x22 c:/programmer_p/ccs8/ccsv8/tools/compiler/gcc-arm-none-eabi-7-2017-q4-major-win32/bin/../lib/gcc/arm-none-eabi/7.2.1/thumb/v7e-m/fpv4-sp/hard\libgcc.a(_arm_addsubdf3.o)
 .ARM.attributes
                0x00000461       0x22 c:/programmer_p/ccs8/ccsv8/tools/compiler/gcc-arm-none-eabi-7-2017-q4-major-win32/bin/../lib/gcc/arm-none-eabi/7.2.1/thumb/v7e-m/fpv4-sp/hard\libgcc.a(_arm_muldivdf3.o)
 .ARM.attributes
                0x00000483       0x22 c:/programmer_p/ccs8/ccsv8/tools/compiler/gcc-arm-none-eabi-7-2017-q4-major-win32/bin/../lib/gcc/arm-none-eabi/7.2.1/thumb/v7e-m/fpv4-sp/hard\libgcc.a(_arm_cmpdf2.o)
 .ARM.attributes
                0x000004a5       0x22 c:/programmer_p/ccs8/ccsv8/tools/compiler/gcc-arm-none-eabi-7-2017-q4-major-win32/bin/../lib/gcc/arm-none-eabi/7.2.1/thumb/v7e-m/fpv4-sp/hard\libgcc.a(_arm_fixunsdfsi.o)
 .ARM.attributes
                0x000004c7       0x22 c:/programmer_p/ccs8/ccsv8/tools/compiler/gcc-arm-none-eabi-7-2017-q4-major-win32/bin/../lib/gcc/arm-none-eabi/7.2.1/thumb/v7e-m/fpv4-sp/hard\libgcc.a(_arm_truncdfsf2.o)
 .ARM.attributes
                0x000004e9       0x34 c:/programmer_p/ccs8/ccsv8/tools/compiler/gcc-arm-none-eabi-7-2017-q4-major-win32/bin/../lib/gcc/arm-none-eabi/7.2.1/../../../../arm-none-eabi/lib/thumb/v7e-m/fpv4-sp/hard\libg.a(lib_a-exit.o)
 .ARM.attributes
                0x0000051d       0x34 c:/programmer_p/ccs8/ccsv8/tools/compiler/gcc-arm-none-eabi-7-2017-q4-major-win32/bin/../lib/gcc/arm-none-eabi/7.2.1/../../../../arm-none-eabi/lib/thumb/v7e-m/fpv4-sp/hard\libg.a(lib_a-impure.o)
 .ARM.attributes
                0x00000551       0x34 c:/programmer_p/ccs8/ccsv8/tools/compiler/gcc-arm-none-eabi-7-2017-q4-major-win32/bin/../lib/gcc/arm-none-eabi/7.2.1/../../../../arm-none-eabi/lib/thumb/v7e-m/fpv4-sp/hard\libg.a(lib_a-init.o)
 .ARM.attributes
                0x00000585       0x20 c:/programmer_p/ccs8/ccsv8/tools/compiler/gcc-arm-none-eabi-7-2017-q4-major-win32/bin/../lib/gcc/arm-none-eabi/7.2.1/../../../../arm-none-eabi/lib/thumb/v7e-m/fpv4-sp/hard\libg.a(lib_a-memcpy.o)
 .ARM.attributes
                0x000005a5       0x34 c:/programmer_p/ccs8/ccsv8/tools/compiler/gcc-arm-none-eabi-7-2017-q4-major-win32/bin/../lib/gcc/arm-none-eabi/7.2.1/../../../../arm-none-eabi/lib/thumb/v7e-m/fpv4-sp/hard\libg.a(lib_a-memset.o)
 .ARM.attributes
                0x000005d9       0x20 c:/programmer_p/ccs8/ccsv8/tools/compiler/gcc-arm-none-eabi-7-2017-q4-major-win32/bin/../lib/gcc/arm-none-eabi/7.2.1/../../../../arm-none-eabi/lib/thumb/v7e-m/fpv4-sp/hard\libg.a(lib_a-strlen.o)
 .ARM.attributes
                0x000005f9       0x34 c:/programmer_p/ccs8/ccsv8/tools/compiler/gcc-arm-none-eabi-7-2017-q4-major-win32/bin/../lib/gcc/arm-none-eabi/7.2.1/../../../../arm-none-eabi/lib/thumb/v7e-m/fpv4-sp/hard\libg.a(lib_a-__call_atexit.o)
 .ARM.attributes
                0x0000062d       0x34 c:/programmer_p/ccs8/ccsv8/tools/compiler/gcc-arm-none-eabi-7-2017-q4-major-win32/bin/../lib/gcc/arm-none-eabi/7.2.1/../../../../arm-none-eabi/lib/thumb/v7e-m/fpv4-sp/hard\libg.a(lib_a-atexit.o)
 .ARM.attributes
                0x00000661       0x34 c:/programmer_p/ccs8/ccsv8/tools/compiler/gcc-arm-none-eabi-7-2017-q4-major-win32/bin/../lib/gcc/arm-none-eabi/7.2.1/../../../../arm-none-eabi/lib/thumb/v7e-m/fpv4-sp/hard\libg.a(lib_a-fini.o)
 .ARM.attributes
                0x00000695       0x34 c:/programmer_p/ccs8/ccsv8/tools/compiler/gcc-arm-none-eabi-7-2017-q4-major-win32/bin/../lib/gcc/arm-none-eabi/7.2.1/../../../../arm-none-eabi/lib/thumb/v7e-m/fpv4-sp/hard\libg.a(lib_a-lock.o)
 .ARM.attributes
                0x000006c9       0x34 c:/programmer_p/ccs8/ccsv8/tools/compiler/gcc-arm-none-eabi-7-2017-q4-major-win32/bin/../lib/gcc/arm-none-eabi/7.2.1/../../../../arm-none-eabi/lib/thumb/v7e-m/fpv4-sp/hard\libg.a(lib_a-__atexit.o)
 .ARM.attributes
                0x000006fd       0x34 c:/programmer_p/ccs8/ccsv8/tools/compiler/gcc-arm-none-eabi-7-2017-q4-major-win32/bin/../lib/gcc/arm-none-eabi/7.2.1/../../../../arm-none-eabi/lib/thumb/v7e-m/fpv4-sp/hard\libnosys.a(_exit.o)
 .ARM.attributes
                0x00000731       0x34 c:/programmer_p/ccs8/ccsv8/tools/compiler/gcc-arm-none-eabi-7-2017-q4-major-win32/bin/../lib/gcc/arm-none-eabi/7.2.1/thumb/v7e-m/fpv4-sp/hard/crtend.o
 .ARM.attributes
                0x00000765       0x22 c:/programmer_p/ccs8/ccsv8/tools/compiler/gcc-arm-none-eabi-7-2017-q4-major-win32/bin/../lib/gcc/arm-none-eabi/7.2.1/thumb/v7e-m/fpv4-sp/hard/crtn.o

.comment        0x00000000       0x7e
 .comment       0x00000000       0x7e ./controller.o
                                 0x7f (size before relaxing)
 .comment       0x0000007e       0x7f ./gpio.o
 .comment       0x0000007e       0x7f ./heap_2.o
 .comment       0x0000007e       0x7f ./list.o
 .comment       0x0000007e       0x7f ./main.o
 .comment       0x0000007e       0x7f ./port.o
 .comment       0x0000007e       0x7f ./queue.o
 .comment       0x0000007e       0x7f ./spi.o
 .comment       0x0000007e       0x7f ./startup_frt.o
 .comment       0x0000007e       0x7f ./systick_frt.o
 .comment       0x0000007e       0x7f ./task_manager.o
 .comment       0x0000007e       0x7f ./tasks.o
 .comment       0x0000007e       0x7f ./uart0.o
 .comment       0x0000007e       0x7f ./frt10/src/croutine.o
 .comment       0x0000007e       0x7f ./frt10/src/event_groups.o
 .comment       0x0000007e       0x7f ./frt10/src/stream_buffer.o
 .comment       0x0000007e       0x7f ./frt10/src/timers.o

.debug_info     0x00000000     0x9acc
 .debug_info    0x00000000      0x3ae ./controller.o
 .debug_info    0x000003ae       0xaf ./gpio.o
 .debug_info    0x0000045d      0xb12 ./heap_2.o
 .debug_info    0x00000f6f      0xae2 ./list.o
 .debug_info    0x00001a51      0x8c7 ./main.o
 .debug_info    0x00002318      0x2f8 ./port.o
 .debug_info    0x00002610     0x17a6 ./queue.o
 .debug_info    0x00003db6      0x340 ./spi.o
 .debug_info    0x000040f6      0x190 ./startup_frt.o
 .debug_info    0x00004286       0xc6 ./systick_frt.o
 .debug_info    0x0000434c      0x9af ./task_manager.o
 .debug_info    0x00004cfb     0x1dcd ./tasks.o
 .debug_info    0x00006ac8      0x326 ./uart0.o
 .debug_info    0x00006dee       0x72 ./frt10/src/croutine.o
 .debug_info    0x00006e60      0xef2 ./frt10/src/event_groups.o
 .debug_info    0x00007d52     0x14d3 ./frt10/src/stream_buffer.o
 .debug_info    0x00009225      0x8a7 ./frt10/src/timers.o

.debug_abbrev   0x00000000     0x1c65
 .debug_abbrev  0x00000000       0xd6 ./controller.o
 .debug_abbrev  0x000000d6       0x59 ./gpio.o
 .debug_abbrev  0x0000012f      0x26a ./heap_2.o
 .debug_abbrev  0x00000399      0x217 ./list.o
 .debug_abbrev  0x000005b0      0x195 ./main.o
 .debug_abbrev  0x00000745      0x1a4 ./port.o
 .debug_abbrev  0x000008e9      0x2f8 ./queue.o
 .debug_abbrev  0x00000be1      0x14c ./spi.o
 .debug_abbrev  0x00000d2d       0xca ./startup_frt.o
 .debug_abbrev  0x00000df7       0x4a ./systick_frt.o
 .debug_abbrev  0x00000e41      0x1d1 ./task_manager.o
 .debug_abbrev  0x00001012      0x34f ./tasks.o
 .debug_abbrev  0x00001361      0x171 ./uart0.o
 .debug_abbrev  0x000014d2       0x26 ./frt10/src/croutine.o
 .debug_abbrev  0x000014f8      0x2e6 ./frt10/src/event_groups.o
 .debug_abbrev  0x000017de      0x2fc ./frt10/src/stream_buffer.o
 .debug_abbrev  0x00001ada      0x18b ./frt10/src/timers.o

.debug_loc      0x00000000     0x3665
 .debug_loc     0x00000000      0x2a6 ./controller.o
 .debug_loc     0x000002a6      0x169 ./heap_2.o
 .debug_loc     0x0000040f       0x62 ./list.o
 .debug_loc     0x00000471       0x31 ./port.o
 .debug_loc     0x000004a2      0xc7b ./queue.o
 .debug_loc     0x0000111d      0x123 ./spi.o
 .debug_loc     0x00001240       0x26 ./startup_frt.o
 .debug_loc     0x00001266      0xfd2 ./tasks.o
 .debug_loc     0x00002238      0x13c ./uart0.o
 .debug_loc     0x00002374      0x4b8 ./frt10/src/event_groups.o
 .debug_loc     0x0000282c      0xe39 ./frt10/src/stream_buffer.o

.debug_aranges  0x00000000      0x6b0
 .debug_aranges
                0x00000000       0x28 ./controller.o
 .debug_aranges
                0x00000028       0x20 ./gpio.o
 .debug_aranges
                0x00000048       0x40 ./heap_2.o
 .debug_aranges
                0x00000088       0x40 ./list.o
 .debug_aranges
                0x000000c8       0x20 ./main.o
 .debug_aranges
                0x000000e8       0x78 ./port.o
 .debug_aranges
                0x00000160       0xf0 ./queue.o
 .debug_aranges
                0x00000250       0x60 ./spi.o
 .debug_aranges
                0x000002b0       0x38 ./startup_frt.o
 .debug_aranges
                0x000002e8       0x30 ./systick_frt.o
 .debug_aranges
                0x00000318       0x28 ./task_manager.o
 .debug_aranges
                0x00000340      0x1a0 ./tasks.o
 .debug_aranges
                0x000004e0       0x78 ./uart0.o
 .debug_aranges
                0x00000558       0x18 ./frt10/src/croutine.o
 .debug_aranges
                0x00000570       0x68 ./frt10/src/event_groups.o
 .debug_aranges
                0x000005d8       0xc0 ./frt10/src/stream_buffer.o
 .debug_aranges
                0x00000698       0x18 ./frt10/src/timers.o

.debug_ranges   0x00000000      0x720
 .debug_ranges  0x00000000       0x18 ./controller.o
 .debug_ranges  0x00000018       0x10 ./gpio.o
 .debug_ranges  0x00000028       0x30 ./heap_2.o
 .debug_ranges  0x00000058       0x30 ./list.o
 .debug_ranges  0x00000088       0x10 ./main.o
 .debug_ranges  0x00000098       0x68 ./port.o
 .debug_ranges  0x00000100      0x188 ./queue.o
 .debug_ranges  0x00000288       0x50 ./spi.o
 .debug_ranges  0x000002d8       0x28 ./startup_frt.o
 .debug_ranges  0x00000300       0x20 ./systick_frt.o
 .debug_ranges  0x00000320       0x18 ./task_manager.o
 .debug_ranges  0x00000338      0x258 ./tasks.o
 .debug_ranges  0x00000590       0x68 ./uart0.o
 .debug_ranges  0x000005f8       0x78 ./frt10/src/event_groups.o
 .debug_ranges  0x00000670       0xb0 ./frt10/src/stream_buffer.o

.debug_line     0x00000000     0x3a40
 .debug_line    0x00000000      0x2a3 ./controller.o
 .debug_line    0x000002a3      0x152 ./gpio.o
 .debug_line    0x000003f5      0x352 ./heap_2.o
 .debug_line    0x00000747      0x399 ./list.o
 .debug_line    0x00000ae0      0x14d ./main.o
 .debug_line    0x00000c2d      0x322 ./port.o
 .debug_line    0x00000f4f      0x7ad ./queue.o
 .debug_line    0x000016fc      0x30b ./spi.o
 .debug_line    0x00001a07      0x18a ./startup_frt.o
 .debug_line    0x00001b91      0x179 ./systick_frt.o
 .debug_line    0x00001d0a      0x30e ./task_manager.o
 .debug_line    0x00002018      0xaa9 ./tasks.o
 .debug_line    0x00002ac1      0x349 ./uart0.o
 .debug_line    0x00002e0a       0x1d ./frt10/src/croutine.o
 .debug_line    0x00002e27      0x4b1 ./frt10/src/event_groups.o
 .debug_line    0x000032d8      0x5b0 ./frt10/src/stream_buffer.o
 .debug_line    0x00003888      0x1b8 ./frt10/src/timers.o

.debug_str      0x00000000     0x2335
 .debug_str     0x00000000      0x27b ./controller.o
                                0x2cf (size before relaxing)
 .debug_str     0x0000027b       0x1a ./gpio.o
                                0x1e3 (size before relaxing)
 .debug_str     0x00000295      0x528 ./heap_2.o
                                0x736 (size before relaxing)
 .debug_str     0x000007bd      0x11f ./list.o
                                0x6fc (size before relaxing)
 .debug_str     0x000008dc        0xf ./main.o
                                0x5b1 (size before relaxing)
 .debug_str     0x000008eb      0x185 ./port.o
                                0x374 (size before relaxing)
 .debug_str     0x00000a70      0x515 ./queue.o
                                0xc2b (size before relaxing)
 .debug_str     0x00000f85      0x119 ./spi.o
                                0x380 (size before relaxing)
 .debug_str     0x0000109e       0xaa ./startup_frt.o
                                0x266 (size before relaxing)
 .debug_str     0x00001148       0x43 ./systick_frt.o
                                0x20c (size before relaxing)
 .debug_str     0x0000118b       0x3b ./task_manager.o
                                0x68b (size before relaxing)
 .debug_str     0x000011c6      0x9d4 ./tasks.o
                               0x11ce (size before relaxing)
 .debug_str     0x00001b9a       0xf0 ./uart0.o
                                0x350 (size before relaxing)
 .debug_str     0x00001c8a       0x18 ./frt10/src/croutine.o
                                0x1d1 (size before relaxing)
 .debug_str     0x00001ca2      0x25f ./frt10/src/event_groups.o
                                0x972 (size before relaxing)
 .debug_str     0x00001f01      0x41e ./frt10/src/stream_buffer.o
                                0xb62 (size before relaxing)
 .debug_str     0x0000231f       0x16 ./frt10/src/timers.o
                                0x5b5 (size before relaxing)

.debug_frame    0x00000000     0x1510
 .debug_frame   0x00000000       0x60 ./controller.o
 .debug_frame   0x00000060       0x20 ./gpio.o
 .debug_frame   0x00000080       0x80 ./heap_2.o
 .debug_frame   0x00000100       0x6c ./list.o
 .debug_frame   0x0000016c       0x28 ./main.o
 .debug_frame   0x00000194       0xe8 ./port.o
 .debug_frame   0x0000027c      0x2f8 ./queue.o
 .debug_frame   0x00000574       0xc8 ./spi.o
 .debug_frame   0x0000063c       0x58 ./startup_frt.o
 .debug_frame   0x00000694       0x40 ./systick_frt.o
 .debug_frame   0x000006d4       0x40 ./task_manager.o
 .debug_frame   0x00000714      0x50c ./tasks.o
 .debug_frame   0x00000c20       0xf8 ./uart0.o
 .debug_frame   0x00000d18      0x110 ./frt10/src/event_groups.o
 .debug_frame   0x00000e28      0x2a0 ./frt10/src/stream_buffer.o
 .debug_frame   0x000010c8       0xac c:/programmer_p/ccs8/ccsv8/tools/compiler/gcc-arm-none-eabi-7-2017-q4-major-win32/bin/../lib/gcc/arm-none-eabi/7.2.1/thumb/v7e-m/fpv4-sp/hard\libgcc.a(_arm_addsubdf3.o)
 .debug_frame   0x00001174       0x50 c:/programmer_p/ccs8/ccsv8/tools/compiler/gcc-arm-none-eabi-7-2017-q4-major-win32/bin/../lib/gcc/arm-none-eabi/7.2.1/thumb/v7e-m/fpv4-sp/hard\libgcc.a(_arm_muldivdf3.o)
 .debug_frame   0x000011c4       0xc4 c:/programmer_p/ccs8/ccsv8/tools/compiler/gcc-arm-none-eabi-7-2017-q4-major-win32/bin/../lib/gcc/arm-none-eabi/7.2.1/thumb/v7e-m/fpv4-sp/hard\libgcc.a(_arm_cmpdf2.o)
 .debug_frame   0x00001288       0x24 c:/programmer_p/ccs8/ccsv8/tools/compiler/gcc-arm-none-eabi-7-2017-q4-major-win32/bin/../lib/gcc/arm-none-eabi/7.2.1/thumb/v7e-m/fpv4-sp/hard\libgcc.a(_arm_fixunsdfsi.o)
 .debug_frame   0x000012ac       0x24 c:/programmer_p/ccs8/ccsv8/tools/compiler/gcc-arm-none-eabi-7-2017-q4-major-win32/bin/../lib/gcc/arm-none-eabi/7.2.1/thumb/v7e-m/fpv4-sp/hard\libgcc.a(_arm_truncdfsf2.o)
 .debug_frame   0x000012d0       0x28 c:/programmer_p/ccs8/ccsv8/tools/compiler/gcc-arm-none-eabi-7-2017-q4-major-win32/bin/../lib/gcc/arm-none-eabi/7.2.1/../../../../arm-none-eabi/lib/thumb/v7e-m/fpv4-sp/hard\libg.a(lib_a-exit.o)
 .debug_frame   0x000012f8       0x2c c:/programmer_p/ccs8/ccsv8/tools/compiler/gcc-arm-none-eabi-7-2017-q4-major-win32/bin/../lib/gcc/arm-none-eabi/7.2.1/../../../../arm-none-eabi/lib/thumb/v7e-m/fpv4-sp/hard\libg.a(lib_a-init.o)
 .debug_frame   0x00001324       0x38 c:/programmer_p/ccs8/ccsv8/tools/compiler/gcc-arm-none-eabi-7-2017-q4-major-win32/bin/../lib/gcc/arm-none-eabi/7.2.1/../../../../arm-none-eabi/lib/thumb/v7e-m/fpv4-sp/hard\libg.a(lib_a-memset.o)
 .debug_frame   0x0000135c       0x5c c:/programmer_p/ccs8/ccsv8/tools/compiler/gcc-arm-none-eabi-7-2017-q4-major-win32/bin/../lib/gcc/arm-none-eabi/7.2.1/../../../../arm-none-eabi/lib/thumb/v7e-m/fpv4-sp/hard\libg.a(lib_a-__call_atexit.o)
 .debug_frame   0x000013b8       0x20 c:/programmer_p/ccs8/ccsv8/tools/compiler/gcc-arm-none-eabi-7-2017-q4-major-win32/bin/../lib/gcc/arm-none-eabi/7.2.1/../../../../arm-none-eabi/lib/thumb/v7e-m/fpv4-sp/hard\libg.a(lib_a-atexit.o)
 .debug_frame   0x000013d8       0x34 c:/programmer_p/ccs8/ccsv8/tools/compiler/gcc-arm-none-eabi-7-2017-q4-major-win32/bin/../lib/gcc/arm-none-eabi/7.2.1/../../../../arm-none-eabi/lib/thumb/v7e-m/fpv4-sp/hard\libg.a(lib_a-fini.o)
 .debug_frame   0x0000140c       0xb0 c:/programmer_p/ccs8/ccsv8/tools/compiler/gcc-arm-none-eabi-7-2017-q4-major-win32/bin/../lib/gcc/arm-none-eabi/7.2.1/../../../../arm-none-eabi/lib/thumb/v7e-m/fpv4-sp/hard\libg.a(lib_a-lock.o)
 .debug_frame   0x000014bc       0x34 c:/programmer_p/ccs8/ccsv8/tools/compiler/gcc-arm-none-eabi-7-2017-q4-major-win32/bin/../lib/gcc/arm-none-eabi/7.2.1/../../../../arm-none-eabi/lib/thumb/v7e-m/fpv4-sp/hard\libg.a(lib_a-__atexit.o)
 .debug_frame   0x000014f0       0x20 c:/programmer_p/ccs8/ccsv8/tools/compiler/gcc-arm-none-eabi-7-2017-q4-major-win32/bin/../lib/gcc/arm-none-eabi/7.2.1/../../../../arm-none-eabi/lib/thumb/v7e-m/fpv4-sp/hard\libnosys.a(_exit.o)
