Archive member included to satisfy reference by file (symbol)

c:/ti/ccsv8/tools/compiler/gcc-arm-none-eabi-7-2017-q4-major-win32/bin/../lib/gcc/arm-none-eabi/7.2.1/thumb/v7e-m/fpv4-sp/hard\libgcc.a(_arm_addsubdf3.o)
                              ./controller.o (__aeabi_dsub)
c:/ti/ccsv8/tools/compiler/gcc-arm-none-eabi-7-2017-q4-major-win32/bin/../lib/gcc/arm-none-eabi/7.2.1/thumb/v7e-m/fpv4-sp/hard\libgcc.a(_arm_muldivdf3.o)
                              ./controller.o (__aeabi_dmul)
c:/ti/ccsv8/tools/compiler/gcc-arm-none-eabi-7-2017-q4-major-win32/bin/../lib/gcc/arm-none-eabi/7.2.1/thumb/v7e-m/fpv4-sp/hard\libgcc.a(_arm_cmpdf2.o)
                              ./controller.o (__aeabi_dcmplt)
c:/ti/ccsv8/tools/compiler/gcc-arm-none-eabi-7-2017-q4-major-win32/bin/../lib/gcc/arm-none-eabi/7.2.1/thumb/v7e-m/fpv4-sp/hard\libgcc.a(_arm_fixunsdfsi.o)
                              ./controller.o (__aeabi_d2uiz)
c:/ti/ccsv8/tools/compiler/gcc-arm-none-eabi-7-2017-q4-major-win32/bin/../lib/gcc/arm-none-eabi/7.2.1/thumb/v7e-m/fpv4-sp/hard\libgcc.a(_arm_truncdfsf2.o)
                              ./controller.o (__aeabi_d2f)
c:/ti/ccsv8/tools/compiler/gcc-arm-none-eabi-7-2017-q4-major-win32/bin/../lib/gcc/arm-none-eabi/7.2.1/../../../../arm-none-eabi/lib/thumb/v7e-m/fpv4-sp/hard\libg.a(lib_a-exit.o)
                              c:/ti/ccsv8/tools/compiler/gcc-arm-none-eabi-7-2017-q4-major-win32/bin/../lib/gcc/arm-none-eabi/7.2.1/../../../../arm-none-eabi/lib/thumb/v7e-m/fpv4-sp/hard/crt0.o (exit)
c:/ti/ccsv8/tools/compiler/gcc-arm-none-eabi-7-2017-q4-major-win32/bin/../lib/gcc/arm-none-eabi/7.2.1/../../../../arm-none-eabi/lib/thumb/v7e-m/fpv4-sp/hard\libg.a(lib_a-impure.o)
                              c:/ti/ccsv8/tools/compiler/gcc-arm-none-eabi-7-2017-q4-major-win32/bin/../lib/gcc/arm-none-eabi/7.2.1/../../../../arm-none-eabi/lib/thumb/v7e-m/fpv4-sp/hard\libg.a(lib_a-exit.o) (_global_impure_ptr)
c:/ti/ccsv8/tools/compiler/gcc-arm-none-eabi-7-2017-q4-major-win32/bin/../lib/gcc/arm-none-eabi/7.2.1/../../../../arm-none-eabi/lib/thumb/v7e-m/fpv4-sp/hard\libg.a(lib_a-init.o)
                              c:/ti/ccsv8/tools/compiler/gcc-arm-none-eabi-7-2017-q4-major-win32/bin/../lib/gcc/arm-none-eabi/7.2.1/../../../../arm-none-eabi/lib/thumb/v7e-m/fpv4-sp/hard/crt0.o (__libc_init_array)
c:/ti/ccsv8/tools/compiler/gcc-arm-none-eabi-7-2017-q4-major-win32/bin/../lib/gcc/arm-none-eabi/7.2.1/../../../../arm-none-eabi/lib/thumb/v7e-m/fpv4-sp/hard\libg.a(lib_a-memcpy.o)
                              ./queue.o (memcpy)
c:/ti/ccsv8/tools/compiler/gcc-arm-none-eabi-7-2017-q4-major-win32/bin/../lib/gcc/arm-none-eabi/7.2.1/../../../../arm-none-eabi/lib/thumb/v7e-m/fpv4-sp/hard\libg.a(lib_a-memset.o)
                              c:/ti/ccsv8/tools/compiler/gcc-arm-none-eabi-7-2017-q4-major-win32/bin/../lib/gcc/arm-none-eabi/7.2.1/../../../../arm-none-eabi/lib/thumb/v7e-m/fpv4-sp/hard/crt0.o (memset)
c:/ti/ccsv8/tools/compiler/gcc-arm-none-eabi-7-2017-q4-major-win32/bin/../lib/gcc/arm-none-eabi/7.2.1/../../../../arm-none-eabi/lib/thumb/v7e-m/fpv4-sp/hard\libg.a(lib_a-strlen.o)
                              ./uart0.o (strlen)
c:/ti/ccsv8/tools/compiler/gcc-arm-none-eabi-7-2017-q4-major-win32/bin/../lib/gcc/arm-none-eabi/7.2.1/../../../../arm-none-eabi/lib/thumb/v7e-m/fpv4-sp/hard\libg.a(lib_a-__call_atexit.o)
                              c:/ti/ccsv8/tools/compiler/gcc-arm-none-eabi-7-2017-q4-major-win32/bin/../lib/gcc/arm-none-eabi/7.2.1/../../../../arm-none-eabi/lib/thumb/v7e-m/fpv4-sp/hard\libg.a(lib_a-exit.o) (__call_exitprocs)
c:/ti/ccsv8/tools/compiler/gcc-arm-none-eabi-7-2017-q4-major-win32/bin/../lib/gcc/arm-none-eabi/7.2.1/../../../../arm-none-eabi/lib/thumb/v7e-m/fpv4-sp/hard\libg.a(lib_a-atexit.o)
                              c:/ti/ccsv8/tools/compiler/gcc-arm-none-eabi-7-2017-q4-major-win32/bin/../lib/gcc/arm-none-eabi/7.2.1/../../../../arm-none-eabi/lib/thumb/v7e-m/fpv4-sp/hard\libg.a(lib_a-__call_atexit.o) (atexit)
c:/ti/ccsv8/tools/compiler/gcc-arm-none-eabi-7-2017-q4-major-win32/bin/../lib/gcc/arm-none-eabi/7.2.1/../../../../arm-none-eabi/lib/thumb/v7e-m/fpv4-sp/hard\libg.a(lib_a-fini.o)
                              c:/ti/ccsv8/tools/compiler/gcc-arm-none-eabi-7-2017-q4-major-win32/bin/../lib/gcc/arm-none-eabi/7.2.1/../../../../arm-none-eabi/lib/thumb/v7e-m/fpv4-sp/hard\libg.a(lib_a-__call_atexit.o) (__libc_fini_array)
c:/ti/ccsv8/tools/compiler/gcc-arm-none-eabi-7-2017-q4-major-win32/bin/../lib/gcc/arm-none-eabi/7.2.1/../../../../arm-none-eabi/lib/thumb/v7e-m/fpv4-sp/hard\libg.a(lib_a-lock.o)
                              c:/ti/ccsv8/tools/compiler/gcc-arm-none-eabi-7-2017-q4-major-win32/bin/../lib/gcc/arm-none-eabi/7.2.1/../../../../arm-none-eabi/lib/thumb/v7e-m/fpv4-sp/hard\libg.a(lib_a-__call_atexit.o) (__retarget_lock_acquire_recursive)
c:/ti/ccsv8/tools/compiler/gcc-arm-none-eabi-7-2017-q4-major-win32/bin/../lib/gcc/arm-none-eabi/7.2.1/../../../../arm-none-eabi/lib/thumb/v7e-m/fpv4-sp/hard\libg.a(lib_a-__atexit.o)
                              c:/ti/ccsv8/tools/compiler/gcc-arm-none-eabi-7-2017-q4-major-win32/bin/../lib/gcc/arm-none-eabi/7.2.1/../../../../arm-none-eabi/lib/thumb/v7e-m/fpv4-sp/hard\libg.a(lib_a-atexit.o) (__register_exitproc)
c:/ti/ccsv8/tools/compiler/gcc-arm-none-eabi-7-2017-q4-major-win32/bin/../lib/gcc/arm-none-eabi/7.2.1/../../../../arm-none-eabi/lib/thumb/v7e-m/fpv4-sp/hard\libnosys.a(_exit.o)
                              c:/ti/ccsv8/tools/compiler/gcc-arm-none-eabi-7-2017-q4-major-win32/bin/../lib/gcc/arm-none-eabi/7.2.1/../../../../arm-none-eabi/lib/thumb/v7e-m/fpv4-sp/hard\libg.a(lib_a-exit.o) (_exit)

Allocating common symbols
Common symbol       size              file

placementTiltFrameQueue
                    0x4               ./task_manager.o
__lock___atexit_recursive_mutex
                    0x1               c:/ti/ccsv8/tools/compiler/gcc-arm-none-eabi-7-2017-q4-major-win32/bin/../lib/gcc/arm-none-eabi/7.2.1/../../../../arm-none-eabi/lib/thumb/v7e-m/fpv4-sp/hard\libg.a(lib_a-lock.o)
__lock___arc4random_mutex
                    0x1               c:/ti/ccsv8/tools/compiler/gcc-arm-none-eabi-7-2017-q4-major-win32/bin/../lib/gcc/arm-none-eabi/7.2.1/../../../../arm-none-eabi/lib/thumb/v7e-m/fpv4-sp/hard\libg.a(lib_a-lock.o)
__lock___env_recursive_mutex
                    0x1               c:/ti/ccsv8/tools/compiler/gcc-arm-none-eabi-7-2017-q4-major-win32/bin/../lib/gcc/arm-none-eabi/7.2.1/../../../../arm-none-eabi/lib/thumb/v7e-m/fpv4-sp/hard\libg.a(lib_a-lock.o)
__lock___sinit_recursive_mutex
                    0x1               c:/ti/ccsv8/tools/compiler/gcc-arm-none-eabi-7-2017-q4-major-win32/bin/../lib/gcc/arm-none-eabi/7.2.1/../../../../arm-none-eabi/lib/thumb/v7e-m/fpv4-sp/hard\libg.a(lib_a-lock.o)
__lock___malloc_recursive_mutex
                    0x1               c:/ti/ccsv8/tools/compiler/gcc-arm-none-eabi-7-2017-q4-major-win32/bin/../lib/gcc/arm-none-eabi/7.2.1/../../../../arm-none-eabi/lib/thumb/v7e-m/fpv4-sp/hard\libg.a(lib_a-lock.o)
uart0Queue          0x4               ./task_manager.o
placementPanFrameQueue
                    0x4               ./task_manager.o
__lock___at_quick_exit_mutex
                    0x1               c:/ti/ccsv8/tools/compiler/gcc-arm-none-eabi-7-2017-q4-major-win32/bin/../lib/gcc/arm-none-eabi/7.2.1/../../../../arm-none-eabi/lib/thumb/v7e-m/fpv4-sp/hard\libg.a(lib_a-lock.o)
__lock___dd_hash_mutex
                    0x1               c:/ti/ccsv8/tools/compiler/gcc-arm-none-eabi-7-2017-q4-major-win32/bin/../lib/gcc/arm-none-eabi/7.2.1/../../../../arm-none-eabi/lib/thumb/v7e-m/fpv4-sp/hard\libg.a(lib_a-lock.o)
__lock___tz_mutex   0x1               c:/ti/ccsv8/tools/compiler/gcc-arm-none-eabi-7-2017-q4-major-win32/bin/../lib/gcc/arm-none-eabi/7.2.1/../../../../arm-none-eabi/lib/thumb/v7e-m/fpv4-sp/hard\libg.a(lib_a-lock.o)
__lock___sfp_recursive_mutex
                    0x1               c:/ti/ccsv8/tools/compiler/gcc-arm-none-eabi-7-2017-q4-major-win32/bin/../lib/gcc/arm-none-eabi/7.2.1/../../../../arm-none-eabi/lib/thumb/v7e-m/fpv4-sp/hard\libg.a(lib_a-lock.o)

Memory Configuration

Name             Origin             Length             Attributes
FLASH            0x00000000         0x00040000         xr
SRAM             0x20000000         0x00008000         xw
*default*        0x00000000         0xffffffff

Linker script and memory map

LOAD c:/ti/ccsv8/tools/compiler/gcc-arm-none-eabi-7-2017-q4-major-win32/bin/../lib/gcc/arm-none-eabi/7.2.1/thumb/v7e-m/fpv4-sp/hard/crti.o
LOAD c:/ti/ccsv8/tools/compiler/gcc-arm-none-eabi-7-2017-q4-major-win32/bin/../lib/gcc/arm-none-eabi/7.2.1/thumb/v7e-m/fpv4-sp/hard/crtbegin.o
LOAD c:/ti/ccsv8/tools/compiler/gcc-arm-none-eabi-7-2017-q4-major-win32/bin/../lib/gcc/arm-none-eabi/7.2.1/../../../../arm-none-eabi/lib/thumb/v7e-m/fpv4-sp/hard/crt0.o
LOAD ./controller.o
LOAD ./conversion.o
LOAD ./gpio.o
LOAD ./heap_2.o
LOAD ./joystick.o
LOAD ./list.o
LOAD ./main.o
LOAD ./port.o
LOAD ./queue.o
LOAD ./spi.o
LOAD ./startup_frt.o
LOAD ./systick_frt.o
LOAD ./task_manager.o
LOAD ./tasks.o
LOAD ./uart0.o
LOAD ./frt10/src/croutine.o
LOAD ./frt10/src/event_groups.o
LOAD ./frt10/src/stream_buffer.o
LOAD ./frt10/src/timers.o
                0x00000000                PROVIDE (_intvecs_base_address, 0x0)

.intvecs        0x00000000      0x26c
 *(.intvecs)
 .intvecs       0x00000000      0x26c ./startup_frt.o
                0x00000000                g_pfnVectors
                0x20000000                PROVIDE (_vtable_base_address, 0x20000000)

.vtable
 *(.vtable)

.text           0x00000280     0x47f4
 CREATE_OBJECT_SYMBOLS
 *(.text)
 .text          0x00000280        0x0 c:/ti/ccsv8/tools/compiler/gcc-arm-none-eabi-7-2017-q4-major-win32/bin/../lib/gcc/arm-none-eabi/7.2.1/thumb/v7e-m/fpv4-sp/hard/crti.o
 .text          0x00000280       0x40 c:/ti/ccsv8/tools/compiler/gcc-arm-none-eabi-7-2017-q4-major-win32/bin/../lib/gcc/arm-none-eabi/7.2.1/thumb/v7e-m/fpv4-sp/hard/crtbegin.o
 .text          0x000002c0       0x74 c:/ti/ccsv8/tools/compiler/gcc-arm-none-eabi-7-2017-q4-major-win32/bin/../lib/gcc/arm-none-eabi/7.2.1/../../../../arm-none-eabi/lib/thumb/v7e-m/fpv4-sp/hard/crt0.o
                0x000002c0                _start
                0x000002c0                _mainCRTStartup
 .text          0x00000334        0x0 ./controller.o
 .text          0x00000334        0x0 ./conversion.o
 .text          0x00000334        0x0 ./gpio.o
 .text          0x00000334        0x0 ./heap_2.o
 .text          0x00000334        0x0 ./joystick.o
 .text          0x00000334        0x0 ./list.o
 .text          0x00000334        0x0 ./main.o
 .text          0x00000334        0x0 ./port.o
 .text          0x00000334        0x0 ./queue.o
 .text          0x00000334        0x0 ./spi.o
 .text          0x00000334        0x0 ./startup_frt.o
 .text          0x00000334        0x0 ./systick_frt.o
 .text          0x00000334        0x0 ./task_manager.o
 .text          0x00000334        0x0 ./tasks.o
 .text          0x00000334        0x0 ./uart0.o
 .text          0x00000334        0x0 ./frt10/src/croutine.o
 .text          0x00000334        0x0 ./frt10/src/event_groups.o
 .text          0x00000334        0x0 ./frt10/src/stream_buffer.o
 .text          0x00000334        0x0 ./frt10/src/timers.o
 .text          0x00000334      0x378 c:/ti/ccsv8/tools/compiler/gcc-arm-none-eabi-7-2017-q4-major-win32/bin/../lib/gcc/arm-none-eabi/7.2.1/thumb/v7e-m/fpv4-sp/hard\libgcc.a(_arm_addsubdf3.o)
                0x00000334                __aeabi_drsub
                0x0000033c                __aeabi_dsub
                0x0000033c                __subdf3
                0x00000340                __aeabi_dadd
                0x00000340                __adddf3
                0x000005b8                __floatunsidf
                0x000005b8                __aeabi_ui2d
                0x000005d8                __floatsidf
                0x000005d8                __aeabi_i2d
                0x000005fc                __aeabi_f2d
                0x000005fc                __extendsfdf2
                0x00000640                __floatundidf
                0x00000640                __aeabi_ul2d
                0x00000650                __floatdidf
                0x00000650                __aeabi_l2d
 .text          0x000006ac      0x424 c:/ti/ccsv8/tools/compiler/gcc-arm-none-eabi-7-2017-q4-major-win32/bin/../lib/gcc/arm-none-eabi/7.2.1/thumb/v7e-m/fpv4-sp/hard\libgcc.a(_arm_muldivdf3.o)
                0x000006ac                __aeabi_dmul
                0x000006ac                __muldf3
                0x00000900                __divdf3
                0x00000900                __aeabi_ddiv
 .text          0x00000ad0      0x110 c:/ti/ccsv8/tools/compiler/gcc-arm-none-eabi-7-2017-q4-major-win32/bin/../lib/gcc/arm-none-eabi/7.2.1/thumb/v7e-m/fpv4-sp/hard\libgcc.a(_arm_cmpdf2.o)
                0x00000ad0                __gtdf2
                0x00000ad0                __gedf2
                0x00000ad8                __ltdf2
                0x00000ad8                __ledf2
                0x00000ae0                __nedf2
                0x00000ae0                __eqdf2
                0x00000ae0                __cmpdf2
                0x00000b5c                __aeabi_cdrcmple
                0x00000b6c                __aeabi_cdcmpeq
                0x00000b6c                __aeabi_cdcmple
                0x00000b7c                __aeabi_dcmpeq
                0x00000b90                __aeabi_dcmplt
                0x00000ba4                __aeabi_dcmple
                0x00000bb8                __aeabi_dcmpge
                0x00000bcc                __aeabi_dcmpgt
 .text          0x00000be0       0x40 c:/ti/ccsv8/tools/compiler/gcc-arm-none-eabi-7-2017-q4-major-win32/bin/../lib/gcc/arm-none-eabi/7.2.1/thumb/v7e-m/fpv4-sp/hard\libgcc.a(_arm_fixunsdfsi.o)
                0x00000be0                __aeabi_d2uiz
                0x00000be0                __fixunsdfsi
 .text          0x00000c20       0xa0 c:/ti/ccsv8/tools/compiler/gcc-arm-none-eabi-7-2017-q4-major-win32/bin/../lib/gcc/arm-none-eabi/7.2.1/thumb/v7e-m/fpv4-sp/hard\libgcc.a(_arm_truncdfsf2.o)
                0x00000c20                __truncdfsf2
                0x00000c20                __aeabi_d2f
 .text          0x00000cc0        0x0 c:/ti/ccsv8/tools/compiler/gcc-arm-none-eabi-7-2017-q4-major-win32/bin/../lib/gcc/arm-none-eabi/7.2.1/../../../../arm-none-eabi/lib/thumb/v7e-m/fpv4-sp/hard\libg.a(lib_a-exit.o)
 .text          0x00000cc0        0x0 c:/ti/ccsv8/tools/compiler/gcc-arm-none-eabi-7-2017-q4-major-win32/bin/../lib/gcc/arm-none-eabi/7.2.1/../../../../arm-none-eabi/lib/thumb/v7e-m/fpv4-sp/hard\libg.a(lib_a-impure.o)
 .text          0x00000cc0        0x0 c:/ti/ccsv8/tools/compiler/gcc-arm-none-eabi-7-2017-q4-major-win32/bin/../lib/gcc/arm-none-eabi/7.2.1/../../../../arm-none-eabi/lib/thumb/v7e-m/fpv4-sp/hard\libg.a(lib_a-init.o)
 .text          0x00000cc0      0x134 c:/ti/ccsv8/tools/compiler/gcc-arm-none-eabi-7-2017-q4-major-win32/bin/../lib/gcc/arm-none-eabi/7.2.1/../../../../arm-none-eabi/lib/thumb/v7e-m/fpv4-sp/hard\libg.a(lib_a-memcpy.o)
                0x00000cc0                memcpy
 .text          0x00000df4        0x0 c:/ti/ccsv8/tools/compiler/gcc-arm-none-eabi-7-2017-q4-major-win32/bin/../lib/gcc/arm-none-eabi/7.2.1/../../../../arm-none-eabi/lib/thumb/v7e-m/fpv4-sp/hard\libg.a(lib_a-memset.o)
 *fill*         0x00000df4        0xc 
 .text          0x00000e00       0xdc c:/ti/ccsv8/tools/compiler/gcc-arm-none-eabi-7-2017-q4-major-win32/bin/../lib/gcc/arm-none-eabi/7.2.1/../../../../arm-none-eabi/lib/thumb/v7e-m/fpv4-sp/hard\libg.a(lib_a-strlen.o)
                0x00000e00                strlen
 .text          0x00000edc        0x0 c:/ti/ccsv8/tools/compiler/gcc-arm-none-eabi-7-2017-q4-major-win32/bin/../lib/gcc/arm-none-eabi/7.2.1/../../../../arm-none-eabi/lib/thumb/v7e-m/fpv4-sp/hard\libg.a(lib_a-__call_atexit.o)
 .text          0x00000edc        0x0 c:/ti/ccsv8/tools/compiler/gcc-arm-none-eabi-7-2017-q4-major-win32/bin/../lib/gcc/arm-none-eabi/7.2.1/../../../../arm-none-eabi/lib/thumb/v7e-m/fpv4-sp/hard\libg.a(lib_a-atexit.o)
 .text          0x00000edc        0x0 c:/ti/ccsv8/tools/compiler/gcc-arm-none-eabi-7-2017-q4-major-win32/bin/../lib/gcc/arm-none-eabi/7.2.1/../../../../arm-none-eabi/lib/thumb/v7e-m/fpv4-sp/hard\libg.a(lib_a-fini.o)
 .text          0x00000edc        0x0 c:/ti/ccsv8/tools/compiler/gcc-arm-none-eabi-7-2017-q4-major-win32/bin/../lib/gcc/arm-none-eabi/7.2.1/../../../../arm-none-eabi/lib/thumb/v7e-m/fpv4-sp/hard\libg.a(lib_a-lock.o)
 .text          0x00000edc        0x0 c:/ti/ccsv8/tools/compiler/gcc-arm-none-eabi-7-2017-q4-major-win32/bin/../lib/gcc/arm-none-eabi/7.2.1/../../../../arm-none-eabi/lib/thumb/v7e-m/fpv4-sp/hard\libg.a(lib_a-__atexit.o)
 .text          0x00000edc        0x0 c:/ti/ccsv8/tools/compiler/gcc-arm-none-eabi-7-2017-q4-major-win32/bin/../lib/gcc/arm-none-eabi/7.2.1/../../../../arm-none-eabi/lib/thumb/v7e-m/fpv4-sp/hard\libnosys.a(_exit.o)
 .text          0x00000edc        0x0 c:/ti/ccsv8/tools/compiler/gcc-arm-none-eabi-7-2017-q4-major-win32/bin/../lib/gcc/arm-none-eabi/7.2.1/thumb/v7e-m/fpv4-sp/hard/crtend.o
 .text          0x00000edc        0x0 c:/ti/ccsv8/tools/compiler/gcc-arm-none-eabi-7-2017-q4-major-win32/bin/../lib/gcc/arm-none-eabi/7.2.1/thumb/v7e-m/fpv4-sp/hard/crtn.o
 *(.text.*)
 *fill*         0x00000edc        0x4 
 .text.pid_controller_pan
                0x00000ee0      0x324 ./controller.o
                0x00000ee0                pid_controller_pan
 *fill*         0x00001204        0x4 
 .text.pid_controller_tilt
                0x00001208      0x2b8 ./controller.o
                0x00001208                pid_controller_tilt
 .text.textToArray
                0x000014c0       0x1a ./conversion.o
                0x000014c0                textToArray
 *fill*         0x000014da        0x2 
 .text.numberToArray
                0x000014dc       0xec ./conversion.o
                0x000014dc                numberToArray
 .text.floatToArray
                0x000015c8      0x158 ./conversion.o
                0x000015c8                floatToArray
 .text.floatToArrayTenThousand
                0x00001720      0x20c ./conversion.o
                0x00001720                floatToArrayTenThousand
 .text.init_gpio
                0x0000192c       0x7c ./gpio.o
                0x0000192c                init_gpio
 .text.prvHeapInit
                0x000019a8       0x2c ./heap_2.o
 .text.pvPortMalloc
                0x000019d4       0xa4 ./heap_2.o
                0x000019d4                pvPortMalloc
 .text.vPortFree
                0x00001a78       0x44 ./heap_2.o
                0x00001a78                vPortFree
 .text.xPortGetFreeHeapSize
                0x00001abc        0xc ./heap_2.o
                0x00001abc                xPortGetFreeHeapSize
 .text.vPortInitialiseBlocks
                0x00001ac8        0x2 ./heap_2.o
                0x00001ac8                vPortInitialiseBlocks
 *fill*         0x00001aca        0x2 
 .text.init_adc
                0x00001acc       0x88 ./joystick.o
                0x00001acc                init_adc
 .text.adc_get_samples
                0x00001b54       0x38 ./joystick.o
                0x00001b54                adc_get_samples
 *fill*         0x00001b8c        0x4 
 .text.joystick_task
                0x00001b90       0xfc ./joystick.o
                0x00001b90                joystick_task
 .text.joystick_hard_offset
                0x00001c8c       0x4c ./joystick.o
                0x00001c8c                joystick_hard_offset
 .text.vListInitialise
                0x00001cd8       0x16 ./list.o
                0x00001cd8                vListInitialise
 .text.vListInitialiseItem
                0x00001cee        0x6 ./list.o
                0x00001cee                vListInitialiseItem
 .text.vListInsertEnd
                0x00001cf4       0x18 ./list.o
                0x00001cf4                vListInsertEnd
 .text.vListInsert
                0x00001d0c       0x34 ./list.o
                0x00001d0c                vListInsert
 .text.uxListRemove
                0x00001d40       0x28 ./list.o
                0x00001d40                uxListRemove
 .text.main     0x00001d68       0x2c ./main.o
                0x00001d68                main
 .text.prvTaskExitError
                0x00001d94       0x20 ./port.o
 .text.prvPortStartFirstTask
                0x00001db4       0x28 ./port.o
 .text.vPortEnableVFP
                0x00001ddc       0x14 ./port.o
 .text.pxPortInitialiseStack
                0x00001df0       0x2c ./port.o
                0x00001df0                pxPortInitialiseStack
 *fill*         0x00001e1c        0x4 
 .text.vPortSVCHandler
                0x00001e20       0x24 ./port.o
                0x00001e20                vPortSVCHandler
 .text.vPortEndScheduler
                0x00001e44        0x2 ./port.o
                0x00001e44                vPortEndScheduler
 *fill*         0x00001e46        0x2 
 .text.vPortEnterCritical
                0x00001e48       0x20 ./port.o
                0x00001e48                vPortEnterCritical
 .text.vPortExitCritical
                0x00001e68       0x14 ./port.o
                0x00001e68                vPortExitCritical
 *fill*         0x00001e7c        0x4 
 .text.xPortPendSVHandler
                0x00001e80       0x64 ./port.o
                0x00001e80                xPortPendSVHandler
 .text.xPortSysTickHandler
                0x00001ee4       0x2c ./port.o
                0x00001ee4                xPortSysTickHandler
 .text.vPortSetupTimerInterrupt
                0x00001f10       0x28 ./port.o
                0x00001f10                vPortSetupTimerInterrupt
 .text.xPortStartScheduler
                0x00001f38       0x48 ./port.o
                0x00001f38                xPortStartScheduler
 .text.prvGetDisinheritPriorityAfterTimeout
                0x00001f80       0x12 ./queue.o
 .text.prvIsQueueFull
                0x00001f92       0x1e ./queue.o
 .text.prvIsQueueEmpty
                0x00001fb0       0x1a ./queue.o
 .text.prvCopyDataToQueue
                0x00001fca       0x76 ./queue.o
 .text.prvCopyDataFromQueue
                0x00002040       0x24 ./queue.o
 .text.prvUnlockQueue
                0x00002064       0x6e ./queue.o
 *fill*         0x000020d2        0x2 
 .text.xQueueGenericReset
                0x000020d4       0x70 ./queue.o
                0x000020d4                xQueueGenericReset
 .text.prvInitialiseNewQueue
                0x00002144       0x1c ./queue.o
 .text.xQueueGenericCreate
                0x00002160       0x34 ./queue.o
                0x00002160                xQueueGenericCreate
 .text.xQueueGenericSend
                0x00002194      0x118 ./queue.o
                0x00002194                xQueueGenericSend
 .text.prvInitialiseMutex
                0x000022ac       0x18 ./queue.o
 .text.xQueueCreateMutex
                0x000022c4       0x16 ./queue.o
                0x000022c4                xQueueCreateMutex
 .text.xQueueGiveMutexRecursive
                0x000022da       0x2c ./queue.o
                0x000022da                xQueueGiveMutexRecursive
 .text.xQueueGenericSendFromISR
                0x00002306       0x6e ./queue.o
                0x00002306                xQueueGenericSendFromISR
 .text.xQueueGiveFromISR
                0x00002374       0x64 ./queue.o
                0x00002374                xQueueGiveFromISR
 .text.xQueueReceive
                0x000023d8      0x10c ./queue.o
                0x000023d8                xQueueReceive
 .text.xQueueSemaphoreTake
                0x000024e4      0x148 ./queue.o
                0x000024e4                xQueueSemaphoreTake
 .text.xQueueTakeMutexRecursive
                0x0000262c       0x30 ./queue.o
                0x0000262c                xQueueTakeMutexRecursive
 .text.xQueuePeek
                0x0000265c      0x10c ./queue.o
                0x0000265c                xQueuePeek
 .text.xQueueReceiveFromISR
                0x00002768       0x72 ./queue.o
                0x00002768                xQueueReceiveFromISR
 .text.xQueuePeekFromISR
                0x000027da       0x30 ./queue.o
                0x000027da                xQueuePeekFromISR
 .text.uxQueueMessagesWaiting
                0x0000280a       0x12 ./queue.o
                0x0000280a                uxQueueMessagesWaiting
 .text.uxQueueSpacesAvailable
                0x0000281c       0x16 ./queue.o
                0x0000281c                uxQueueSpacesAvailable
 .text.uxQueueMessagesWaitingFromISR
                0x00002832        0x4 ./queue.o
                0x00002832                uxQueueMessagesWaitingFromISR
 .text.vQueueDelete
                0x00002836        0x8 ./queue.o
                0x00002836                vQueueDelete
 .text.xQueueIsQueueEmptyFromISR
                0x0000283e        0xc ./queue.o
                0x0000283e                xQueueIsQueueEmptyFromISR
 .text.xQueueIsQueueFullFromISR
                0x0000284a       0x10 ./queue.o
                0x0000284a                xQueueIsQueueFullFromISR
 *fill*         0x0000285a        0x2 
 .text.spi_init
                0x0000285c       0x94 ./spi.o
                0x0000285c                spi_init
 .text.send_byte
                0x000028f0       0x18 ./spi.o
                0x000028f0                send_byte
 .text.receive_byte
                0x00002908       0x20 ./spi.o
                0x00002908                receive_byte
 .text.sr_byte  0x00002928       0x38 ./spi.o
                0x00002928                sr_byte
 .text.sr_word  0x00002960       0x38 ./spi.o
                0x00002960                sr_word
 .text.FPGA_update
                0x00002998       0x3c ./spi.o
                0x00002998                FPGA_update
 .text.spi_task
                0x000029d4       0x5c ./spi.o
                0x000029d4                spi_task
 .text.send_str
                0x00002a30       0x14 ./spi.o
                0x00002a30                send_str
 .text.spi_handler
                0x00002a44        0x2 ./spi.o
                0x00002a44                spi_handler
 .text.NmiSR    0x00002a46        0x2 ./startup_frt.o
 .text.FaultISR
                0x00002a48        0x2 ./startup_frt.o
 .text.IntDefaultHandler
                0x00002a4a        0x2 ./startup_frt.o
 .text.ResetISR
                0x00002a4c       0x50 ./startup_frt.o
                0x00002a4c                ResetISR
 .text.enable_global_int
                0x00002a9c        0x4 ./systick_frt.o
                0x00002a9c                enable_global_int
 .text.disable_global_int
                0x00002aa0        0x4 ./systick_frt.o
                0x00002aa0                disable_global_int
 .text.init_systick
                0x00002aa4       0x5c ./systick_frt.o
                0x00002aa4                init_systick
 .text.driver_test_led
                0x00002b00       0x18 ./task_manager.o
                0x00002b00                driver_test_led
 .text.task_manager
                0x00002b18       0xa8 ./task_manager.o
                0x00002b18                task_manager
 .text.prvTaskIsTaskSuspended
                0x00002bc0       0x2c ./tasks.o
 .text.prvResetNextTaskUnblockTime
                0x00002bec       0x2c ./tasks.o
 .text.prvDeleteTCB
                0x00002c18       0x12 ./tasks.o
 .text.prvInitialiseNewTask
                0x00002c2a       0x8c ./tasks.o
 *fill*         0x00002cb6        0x2 
 .text.prvInitialiseTaskLists
                0x00002cb8       0x68 ./tasks.o
 .text.prvAddNewTaskToReadyList
                0x00002d20       0xa8 ./tasks.o
 .text.prvCheckTasksWaitingTermination
                0x00002dc8       0x4c ./tasks.o
 .text.prvIdleTask
                0x00002e14       0x28 ./tasks.o
 .text.prvAddCurrentTaskToDelayedList
                0x00002e3c       0x98 ./tasks.o
 .text.xTaskCreate
                0x00002ed4       0x62 ./tasks.o
                0x00002ed4                xTaskCreate
 *fill*         0x00002f36        0x2 
 .text.vTaskDelete
                0x00002f38       0xc4 ./tasks.o
                0x00002f38                vTaskDelete
 .text.uxTaskPriorityGet
                0x00002ffc       0x20 ./tasks.o
                0x00002ffc                uxTaskPriorityGet
 .text.uxTaskPriorityGetFromISR
                0x0000301c       0x28 ./tasks.o
                0x0000301c                uxTaskPriorityGetFromISR
 .text.vTaskPrioritySet
                0x00003044       0xd4 ./tasks.o
                0x00003044                vTaskPrioritySet
 .text.vTaskResume
                0x00003118       0x74 ./tasks.o
                0x00003118                vTaskResume
 .text.xTaskResumeFromISR
                0x0000318c       0x8c ./tasks.o
                0x0000318c                xTaskResumeFromISR
 .text.vTaskStartScheduler
                0x00003218       0x64 ./tasks.o
                0x00003218                vTaskStartScheduler
 .text.vTaskEndScheduler
                0x0000327c       0x24 ./tasks.o
                0x0000327c                vTaskEndScheduler
 .text.vTaskSuspendAll
                0x000032a0       0x10 ./tasks.o
                0x000032a0                vTaskSuspendAll
 .text.xTaskGetTickCount
                0x000032b0        0xc ./tasks.o
                0x000032b0                xTaskGetTickCount
 .text.xTaskGetTickCountFromISR
                0x000032bc        0xc ./tasks.o
                0x000032bc                xTaskGetTickCountFromISR
 .text.uxTaskGetNumberOfTasks
                0x000032c8        0xc ./tasks.o
                0x000032c8                uxTaskGetNumberOfTasks
 .text.pcTaskGetName
                0x000032d4       0x14 ./tasks.o
                0x000032d4                pcTaskGetName
 .text.xTaskIncrementTick
                0x000032e8      0x100 ./tasks.o
                0x000032e8                xTaskIncrementTick
 .text.xTaskResumeAll
                0x000033e8       0xe4 ./tasks.o
                0x000033e8                xTaskResumeAll
 .text.vTaskDelayUntil
                0x000034cc       0x60 ./tasks.o
                0x000034cc                vTaskDelayUntil
 .text.vTaskDelay
                0x0000352c       0x34 ./tasks.o
                0x0000352c                vTaskDelay
 .text.vTaskSwitchContext
                0x00003560       0x7c ./tasks.o
                0x00003560                vTaskSwitchContext
 .text.vTaskSuspend
                0x000035dc       0xcc ./tasks.o
                0x000035dc                vTaskSuspend
 .text.vTaskPlaceOnEventList
                0x000036a8       0x1c ./tasks.o
                0x000036a8                vTaskPlaceOnEventList
 .text.vTaskPlaceOnUnorderedEventList
                0x000036c4       0x24 ./tasks.o
                0x000036c4                vTaskPlaceOnUnorderedEventList
 .text.xTaskRemoveFromEventList
                0x000036e8       0x78 ./tasks.o
                0x000036e8                xTaskRemoveFromEventList
 .text.vTaskRemoveFromUnorderedEventList
                0x00003760       0x58 ./tasks.o
                0x00003760                vTaskRemoveFromUnorderedEventList
 .text.vTaskSetTimeOutState
                0x000037b8       0x24 ./tasks.o
                0x000037b8                vTaskSetTimeOutState
 .text.vTaskInternalSetTimeOutState
                0x000037dc       0x18 ./tasks.o
                0x000037dc                vTaskInternalSetTimeOutState
 .text.xTaskCheckForTimeOut
                0x000037f4       0x58 ./tasks.o
                0x000037f4                xTaskCheckForTimeOut
 .text.vTaskMissedYield
                0x0000384c        0xc ./tasks.o
                0x0000384c                vTaskMissedYield
 .text.xTaskGetCurrentTaskHandle
                0x00003858        0xc ./tasks.o
                0x00003858                xTaskGetCurrentTaskHandle
 .text.xTaskPriorityInherit
                0x00003864       0xb8 ./tasks.o
                0x00003864                xTaskPriorityInherit
 .text.xTaskPriorityDisinherit
                0x0000391c       0x80 ./tasks.o
                0x0000391c                xTaskPriorityDisinherit
 .text.vTaskPriorityDisinheritAfterTimeout
                0x0000399c       0x8c ./tasks.o
                0x0000399c                vTaskPriorityDisinheritAfterTimeout
 .text.uxTaskResetEventItemValue
                0x00003a28       0x18 ./tasks.o
                0x00003a28                uxTaskResetEventItemValue
 .text.pvTaskIncrementMutexHeldCount
                0x00003a40       0x1c ./tasks.o
                0x00003a40                pvTaskIncrementMutexHeldCount
 .text.ulTaskNotifyTake
                0x00003a5c       0x78 ./tasks.o
                0x00003a5c                ulTaskNotifyTake
 .text.xTaskNotifyWait
                0x00003ad4       0x98 ./tasks.o
                0x00003ad4                xTaskNotifyWait
 .text.xTaskGenericNotify
                0x00003b6c       0xb8 ./tasks.o
                0x00003b6c                xTaskGenericNotify
 .text.xTaskGenericNotifyFromISR
                0x00003c24       0xdc ./tasks.o
                0x00003c24                xTaskGenericNotifyFromISR
 .text.vTaskNotifyGiveFromISR
                0x00003d00       0xa0 ./tasks.o
                0x00003d00                vTaskNotifyGiveFromISR
 .text.xTaskNotifyStateClear
                0x00003da0       0x34 ./tasks.o
                0x00003da0                xTaskNotifyStateClear
 .text.lcrh_databits
                0x00003dd4       0x10 ./uart0.o
                0x00003dd4                lcrh_databits
 .text.lcrh_stopbits
                0x00003de4        0xc ./uart0.o
                0x00003de4                lcrh_stopbits
 .text.lcrh_parity
                0x00003df0       0x26 ./uart0.o
                0x00003df0                lcrh_parity
 *fill*         0x00003e16        0x2 
 .text.uart0_fifos_enable
                0x00003e18       0x10 ./uart0.o
                0x00003e18                uart0_fifos_enable
 .text.uart0_fifos_disable
                0x00003e28       0x10 ./uart0.o
                0x00003e28                uart0_fifos_disable
 .text.uart0_rx_rdy
                0x00003e38       0x10 ./uart0.o
                0x00003e38                uart0_rx_rdy
 .text.uart0_getc
                0x00003e48        0xc ./uart0.o
                0x00003e48                uart0_getc
 .text.uart0_tx_rdy
                0x00003e54       0x10 ./uart0.o
                0x00003e54                uart0_tx_rdy
 .text.uart0_putc
                0x00003e64       0x18 ./uart0.o
                0x00003e64                uart0_putc
 .text.uart0_putca
                0x00003e7c       0x34 ./uart0.o
                0x00003e7c                uart0_putca
 .text.uart0_task
                0x00003eb0       0x24 ./uart0.o
                0x00003eb0                uart0_task
 .text.uart0_rx_task
                0x00003ed4       0x28 ./uart0.o
                0x00003ed4                uart0_rx_task
 .text.uart0_init
                0x00003efc       0xac ./uart0.o
                0x00003efc                uart0_init
 .text.prvTestWaitCondition
                0x00003fa8       0x1c ./frt10/src/event_groups.o
 .text.xEventGroupCreate
                0x00003fc4       0x1a ./frt10/src/event_groups.o
                0x00003fc4                xEventGroupCreate
 *fill*         0x00003fde        0x2 
 .text.xEventGroupWaitBits
                0x00003fe0       0xb4 ./frt10/src/event_groups.o
                0x00003fe0                xEventGroupWaitBits
 .text.xEventGroupClearBits
                0x00004094       0x1a ./frt10/src/event_groups.o
                0x00004094                xEventGroupClearBits
 .text.xEventGroupGetBitsFromISR
                0x000040ae       0x1c ./frt10/src/event_groups.o
                0x000040ae                xEventGroupGetBitsFromISR
 .text.xEventGroupSetBits
                0x000040ca       0x62 ./frt10/src/event_groups.o
                0x000040ca                xEventGroupSetBits
 .text.xEventGroupSync
                0x0000412c       0x90 ./frt10/src/event_groups.o
                0x0000412c                xEventGroupSync
 .text.vEventGroupDelete
                0x000041bc       0x26 ./frt10/src/event_groups.o
                0x000041bc                vEventGroupDelete
 .text.vEventGroupSetBitsCallback
                0x000041e2        0x8 ./frt10/src/event_groups.o
                0x000041e2                vEventGroupSetBitsCallback
 .text.vEventGroupClearBitsCallback
                0x000041ea        0x8 ./frt10/src/event_groups.o
                0x000041ea                vEventGroupClearBitsCallback
 .text.prvBytesInBuffer
                0x000041f2       0x12 ./frt10/src/stream_buffer.o
 .text.prvInitialiseNewStreamBuffer
                0x00004204       0x20 ./frt10/src/stream_buffer.o
 .text.prvWriteBytesToBuffer
                0x00004224       0x44 ./frt10/src/stream_buffer.o
 .text.prvWriteMessageToBuffer
                0x00004268       0x48 ./frt10/src/stream_buffer.o
 .text.prvReadBytesFromBuffer
                0x000042b0       0x50 ./frt10/src/stream_buffer.o
 .text.prvReadMessageFromBuffer
                0x00004300       0x44 ./frt10/src/stream_buffer.o
 .text.xStreamBufferGenericCreate
                0x00004344       0x34 ./frt10/src/stream_buffer.o
                0x00004344                xStreamBufferGenericCreate
 .text.vStreamBufferDelete
                0x00004378       0x1a ./frt10/src/stream_buffer.o
                0x00004378                vStreamBufferDelete
 .text.xStreamBufferReset
                0x00004392       0x36 ./frt10/src/stream_buffer.o
                0x00004392                xStreamBufferReset
 .text.xStreamBufferSetTriggerLevel
                0x000043c8       0x16 ./frt10/src/stream_buffer.o
                0x000043c8                xStreamBufferSetTriggerLevel
 .text.xStreamBufferSpacesAvailable
                0x000043de       0x14 ./frt10/src/stream_buffer.o
                0x000043de                xStreamBufferSpacesAvailable
 .text.xStreamBufferBytesAvailable
                0x000043f2        0x8 ./frt10/src/stream_buffer.o
                0x000043f2                xStreamBufferBytesAvailable
 .text.xStreamBufferSend
                0x000043fa       0xba ./frt10/src/stream_buffer.o
                0x000043fa                xStreamBufferSend
 .text.xStreamBufferSendFromISR
                0x000044b4       0x7a ./frt10/src/stream_buffer.o
                0x000044b4                xStreamBufferSendFromISR
 .text.xStreamBufferReceive
                0x0000452e       0xa6 ./frt10/src/stream_buffer.o
                0x0000452e                xStreamBufferReceive
 .text.xStreamBufferNextMessageLengthBytes
                0x000045d4       0x36 ./frt10/src/stream_buffer.o
                0x000045d4                xStreamBufferNextMessageLengthBytes
 .text.xStreamBufferReceiveFromISR
                0x0000460a       0x76 ./frt10/src/stream_buffer.o
                0x0000460a                xStreamBufferReceiveFromISR
 .text.xStreamBufferIsEmpty
                0x00004680       0x10 ./frt10/src/stream_buffer.o
                0x00004680                xStreamBufferIsEmpty
 .text.xStreamBufferIsFull
                0x00004690       0x20 ./frt10/src/stream_buffer.o
                0x00004690                xStreamBufferIsFull
 .text.xStreamBufferSendCompletedFromISR
                0x000046b0       0x3e ./frt10/src/stream_buffer.o
                0x000046b0                xStreamBufferSendCompletedFromISR
 .text.xStreamBufferReceiveCompletedFromISR
                0x000046ee       0x3e ./frt10/src/stream_buffer.o
                0x000046ee                xStreamBufferReceiveCompletedFromISR
 .text.exit     0x0000472c       0x20 c:/ti/ccsv8/tools/compiler/gcc-arm-none-eabi-7-2017-q4-major-win32/bin/../lib/gcc/arm-none-eabi/7.2.1/../../../../arm-none-eabi/lib/thumb/v7e-m/fpv4-sp/hard\libg.a(lib_a-exit.o)
                0x0000472c                exit
 .text.__libc_init_array
                0x0000474c       0x48 c:/ti/ccsv8/tools/compiler/gcc-arm-none-eabi-7-2017-q4-major-win32/bin/../lib/gcc/arm-none-eabi/7.2.1/../../../../arm-none-eabi/lib/thumb/v7e-m/fpv4-sp/hard\libg.a(lib_a-init.o)
                0x0000474c                __libc_init_array
 .text.memset   0x00004794       0x94 c:/ti/ccsv8/tools/compiler/gcc-arm-none-eabi-7-2017-q4-major-win32/bin/../lib/gcc/arm-none-eabi/7.2.1/../../../../arm-none-eabi/lib/thumb/v7e-m/fpv4-sp/hard\libg.a(lib_a-memset.o)
                0x00004794                memset
 .text.startup.register_fini
                0x00004828       0x14 c:/ti/ccsv8/tools/compiler/gcc-arm-none-eabi-7-2017-q4-major-win32/bin/../lib/gcc/arm-none-eabi/7.2.1/../../../../arm-none-eabi/lib/thumb/v7e-m/fpv4-sp/hard\libg.a(lib_a-__call_atexit.o)
 .text.__call_exitprocs
                0x0000483c       0xe8 c:/ti/ccsv8/tools/compiler/gcc-arm-none-eabi-7-2017-q4-major-win32/bin/../lib/gcc/arm-none-eabi/7.2.1/../../../../arm-none-eabi/lib/thumb/v7e-m/fpv4-sp/hard\libg.a(lib_a-__call_atexit.o)
                0x0000483c                __call_exitprocs
 .text.atexit   0x00004924        0xc c:/ti/ccsv8/tools/compiler/gcc-arm-none-eabi-7-2017-q4-major-win32/bin/../lib/gcc/arm-none-eabi/7.2.1/../../../../arm-none-eabi/lib/thumb/v7e-m/fpv4-sp/hard\libg.a(lib_a-atexit.o)
                0x00004924                atexit
 .text.__libc_fini_array
                0x00004930       0x34 c:/ti/ccsv8/tools/compiler/gcc-arm-none-eabi-7-2017-q4-major-win32/bin/../lib/gcc/arm-none-eabi/7.2.1/../../../../arm-none-eabi/lib/thumb/v7e-m/fpv4-sp/hard\libg.a(lib_a-fini.o)
                0x00004930                __libc_fini_array
 .text.__retarget_lock_init
                0x00004964        0x4 c:/ti/ccsv8/tools/compiler/gcc-arm-none-eabi-7-2017-q4-major-win32/bin/../lib/gcc/arm-none-eabi/7.2.1/../../../../arm-none-eabi/lib/thumb/v7e-m/fpv4-sp/hard\libg.a(lib_a-lock.o)
                0x00004964                __retarget_lock_init
 .text.__retarget_lock_init_recursive
                0x00004968        0x4 c:/ti/ccsv8/tools/compiler/gcc-arm-none-eabi-7-2017-q4-major-win32/bin/../lib/gcc/arm-none-eabi/7.2.1/../../../../arm-none-eabi/lib/thumb/v7e-m/fpv4-sp/hard\libg.a(lib_a-lock.o)
                0x00004968                __retarget_lock_init_recursive
 .text.__retarget_lock_close
                0x0000496c        0x4 c:/ti/ccsv8/tools/compiler/gcc-arm-none-eabi-7-2017-q4-major-win32/bin/../lib/gcc/arm-none-eabi/7.2.1/../../../../arm-none-eabi/lib/thumb/v7e-m/fpv4-sp/hard\libg.a(lib_a-lock.o)
                0x0000496c                __retarget_lock_close
 .text.__retarget_lock_close_recursive
                0x00004970        0x4 c:/ti/ccsv8/tools/compiler/gcc-arm-none-eabi-7-2017-q4-major-win32/bin/../lib/gcc/arm-none-eabi/7.2.1/../../../../arm-none-eabi/lib/thumb/v7e-m/fpv4-sp/hard\libg.a(lib_a-lock.o)
                0x00004970                __retarget_lock_close_recursive
 .text.__retarget_lock_acquire
                0x00004974        0x4 c:/ti/ccsv8/tools/compiler/gcc-arm-none-eabi-7-2017-q4-major-win32/bin/../lib/gcc/arm-none-eabi/7.2.1/../../../../arm-none-eabi/lib/thumb/v7e-m/fpv4-sp/hard\libg.a(lib_a-lock.o)
                0x00004974                __retarget_lock_acquire
 .text.__retarget_lock_acquire_recursive
                0x00004978        0x4 c:/ti/ccsv8/tools/compiler/gcc-arm-none-eabi-7-2017-q4-major-win32/bin/../lib/gcc/arm-none-eabi/7.2.1/../../../../arm-none-eabi/lib/thumb/v7e-m/fpv4-sp/hard\libg.a(lib_a-lock.o)
                0x00004978                __retarget_lock_acquire_recursive
 .text.__retarget_lock_try_acquire
                0x0000497c        0x4 c:/ti/ccsv8/tools/compiler/gcc-arm-none-eabi-7-2017-q4-major-win32/bin/../lib/gcc/arm-none-eabi/7.2.1/../../../../arm-none-eabi/lib/thumb/v7e-m/fpv4-sp/hard\libg.a(lib_a-lock.o)
                0x0000497c                __retarget_lock_try_acquire
 .text.__retarget_lock_try_acquire_recursive
                0x00004980        0x4 c:/ti/ccsv8/tools/compiler/gcc-arm-none-eabi-7-2017-q4-major-win32/bin/../lib/gcc/arm-none-eabi/7.2.1/../../../../arm-none-eabi/lib/thumb/v7e-m/fpv4-sp/hard\libg.a(lib_a-lock.o)
                0x00004980                __retarget_lock_try_acquire_recursive
 .text.__retarget_lock_release
                0x00004984        0x4 c:/ti/ccsv8/tools/compiler/gcc-arm-none-eabi-7-2017-q4-major-win32/bin/../lib/gcc/arm-none-eabi/7.2.1/../../../../arm-none-eabi/lib/thumb/v7e-m/fpv4-sp/hard\libg.a(lib_a-lock.o)
                0x00004984                __retarget_lock_release
 .text.__retarget_lock_release_recursive
                0x00004988        0x4 c:/ti/ccsv8/tools/compiler/gcc-arm-none-eabi-7-2017-q4-major-win32/bin/../lib/gcc/arm-none-eabi/7.2.1/../../../../arm-none-eabi/lib/thumb/v7e-m/fpv4-sp/hard\libg.a(lib_a-lock.o)
                0x00004988                __retarget_lock_release_recursive
 .text.__register_exitproc
                0x0000498c       0xc0 c:/ti/ccsv8/tools/compiler/gcc-arm-none-eabi-7-2017-q4-major-win32/bin/../lib/gcc/arm-none-eabi/7.2.1/../../../../arm-none-eabi/lib/thumb/v7e-m/fpv4-sp/hard\libg.a(lib_a-__atexit.o)
                0x0000498c                __register_exitproc
 .text._exit    0x00004a4c        0x4 c:/ti/ccsv8/tools/compiler/gcc-arm-none-eabi-7-2017-q4-major-win32/bin/../lib/gcc/arm-none-eabi/7.2.1/../../../../arm-none-eabi/lib/thumb/v7e-m/fpv4-sp/hard\libnosys.a(_exit.o)
                0x00004a4c                _exit
                0x00004a50                . = ALIGN (0x4)
 *(.ctors)
                0x00004a50                . = ALIGN (0x4)
 *(.dtors)
                0x00004a50                . = ALIGN (0x4)
                0x00004a50                __init_array_start = .
 *(.init_array*)
 .init_array    0x00004a50        0x4 c:/ti/ccsv8/tools/compiler/gcc-arm-none-eabi-7-2017-q4-major-win32/bin/../lib/gcc/arm-none-eabi/7.2.1/thumb/v7e-m/fpv4-sp/hard/crtbegin.o
 .init_array.00000
                0x00004a54        0x4 c:/ti/ccsv8/tools/compiler/gcc-arm-none-eabi-7-2017-q4-major-win32/bin/../lib/gcc/arm-none-eabi/7.2.1/../../../../arm-none-eabi/lib/thumb/v7e-m/fpv4-sp/hard\libg.a(lib_a-__call_atexit.o)
                0x00004a58                __init_array_end = .
 *(.init)
 .init          0x00004a58        0x4 c:/ti/ccsv8/tools/compiler/gcc-arm-none-eabi-7-2017-q4-major-win32/bin/../lib/gcc/arm-none-eabi/7.2.1/thumb/v7e-m/fpv4-sp/hard/crti.o
                0x00004a58                _init
 .init          0x00004a5c        0x8 c:/ti/ccsv8/tools/compiler/gcc-arm-none-eabi-7-2017-q4-major-win32/bin/../lib/gcc/arm-none-eabi/7.2.1/thumb/v7e-m/fpv4-sp/hard/crtn.o
 *(.fini*)
 .fini          0x00004a64        0x4 c:/ti/ccsv8/tools/compiler/gcc-arm-none-eabi-7-2017-q4-major-win32/bin/../lib/gcc/arm-none-eabi/7.2.1/thumb/v7e-m/fpv4-sp/hard/crti.o
                0x00004a64                _fini
 .fini_array    0x00004a68        0x4 c:/ti/ccsv8/tools/compiler/gcc-arm-none-eabi-7-2017-q4-major-win32/bin/../lib/gcc/arm-none-eabi/7.2.1/thumb/v7e-m/fpv4-sp/hard/crtbegin.o
 .fini          0x00004a6c        0x8 c:/ti/ccsv8/tools/compiler/gcc-arm-none-eabi-7-2017-q4-major-win32/bin/../lib/gcc/arm-none-eabi/7.2.1/thumb/v7e-m/fpv4-sp/hard/crtn.o
                [!provide]                PROVIDE (__etext, .)
                [!provide]                PROVIDE (_etext, .)
                [!provide]                PROVIDE (etext, .)

.glue_7         0x00004a74        0x0
 .glue_7        0x00004a74        0x0 linker stubs

.glue_7t        0x00004a74        0x0
 .glue_7t       0x00004a74        0x0 linker stubs

.vfp11_veneer   0x00004a74        0x0
 .vfp11_veneer  0x00004a74        0x0 linker stubs

.v4_bx          0x00004a74        0x0
 .v4_bx         0x00004a74        0x0 linker stubs

.iplt           0x00004a74        0x0
 .iplt          0x00004a74        0x0 c:/ti/ccsv8/tools/compiler/gcc-arm-none-eabi-7-2017-q4-major-win32/bin/../lib/gcc/arm-none-eabi/7.2.1/thumb/v7e-m/fpv4-sp/hard/crtbegin.o

.rodata         0x00004a74       0x30
 *(.rodata)
 *(.rodata*)
 .rodata.pid_controller_pan.str1.4
                0x00004a74        0x7 ./controller.o
 *fill*         0x00004a7b        0x1 
 .rodata.task_manager.str1.4
                0x00004a7c       0x19 ./task_manager.o
 *fill*         0x00004a95        0x3 
 .rodata.vTaskStartScheduler.str1.4
                0x00004a98        0x8 ./tasks.o
                                  0x5 (size before relaxing)
 .rodata._global_impure_ptr
                0x00004aa0        0x4 c:/ti/ccsv8/tools/compiler/gcc-arm-none-eabi-7-2017-q4-major-win32/bin/../lib/gcc/arm-none-eabi/7.2.1/../../../../arm-none-eabi/lib/thumb/v7e-m/fpv4-sp/hard\libg.a(lib_a-impure.o)
                0x00004aa0                _global_impure_ptr

.eh_frame       0x00004aa4        0x4
 .eh_frame      0x00004aa4        0x0 c:/ti/ccsv8/tools/compiler/gcc-arm-none-eabi-7-2017-q4-major-win32/bin/../lib/gcc/arm-none-eabi/7.2.1/thumb/v7e-m/fpv4-sp/hard/crtbegin.o
 .eh_frame      0x00004aa4        0x4 c:/ti/ccsv8/tools/compiler/gcc-arm-none-eabi-7-2017-q4-major-win32/bin/../lib/gcc/arm-none-eabi/7.2.1/thumb/v7e-m/fpv4-sp/hard/crtend.o

.data           0x20000000      0x44c load address 0x00004aa8
                0x00004aa8                __data_load__ = LOADADDR (.data)
                0x20000000                __data_start__ = .
 *(.data)
 .data          0x20000000        0x0 c:/ti/ccsv8/tools/compiler/gcc-arm-none-eabi-7-2017-q4-major-win32/bin/../lib/gcc/arm-none-eabi/7.2.1/thumb/v7e-m/fpv4-sp/hard/crti.o
 .data          0x20000000        0x4 c:/ti/ccsv8/tools/compiler/gcc-arm-none-eabi-7-2017-q4-major-win32/bin/../lib/gcc/arm-none-eabi/7.2.1/thumb/v7e-m/fpv4-sp/hard/crtbegin.o
                0x20000000                __dso_handle
 .data          0x20000004        0x0 c:/ti/ccsv8/tools/compiler/gcc-arm-none-eabi-7-2017-q4-major-win32/bin/../lib/gcc/arm-none-eabi/7.2.1/../../../../arm-none-eabi/lib/thumb/v7e-m/fpv4-sp/hard/crt0.o
 .data          0x20000004        0x0 ./controller.o
 .data          0x20000004        0x0 ./conversion.o
 .data          0x20000004        0x0 ./gpio.o
 .data          0x20000004        0x0 ./heap_2.o
 .data          0x20000004        0x0 ./joystick.o
 .data          0x20000004        0x0 ./list.o
 .data          0x20000004        0x0 ./main.o
 .data          0x20000004        0x0 ./port.o
 .data          0x20000004        0x0 ./queue.o
 .data          0x20000004        0x0 ./spi.o
 .data          0x20000004        0x0 ./startup_frt.o
 .data          0x20000004        0x0 ./systick_frt.o
 .data          0x20000004        0x0 ./task_manager.o
 .data          0x20000004        0x0 ./tasks.o
 .data          0x20000004        0x0 ./uart0.o
 .data          0x20000004        0x0 ./frt10/src/croutine.o
 .data          0x20000004        0x0 ./frt10/src/event_groups.o
 .data          0x20000004        0x0 ./frt10/src/stream_buffer.o
 .data          0x20000004        0x0 ./frt10/src/timers.o
 .data          0x20000004        0x0 c:/ti/ccsv8/tools/compiler/gcc-arm-none-eabi-7-2017-q4-major-win32/bin/../lib/gcc/arm-none-eabi/7.2.1/thumb/v7e-m/fpv4-sp/hard\libgcc.a(_arm_addsubdf3.o)
 .data          0x20000004        0x0 c:/ti/ccsv8/tools/compiler/gcc-arm-none-eabi-7-2017-q4-major-win32/bin/../lib/gcc/arm-none-eabi/7.2.1/thumb/v7e-m/fpv4-sp/hard\libgcc.a(_arm_muldivdf3.o)
 .data          0x20000004        0x0 c:/ti/ccsv8/tools/compiler/gcc-arm-none-eabi-7-2017-q4-major-win32/bin/../lib/gcc/arm-none-eabi/7.2.1/thumb/v7e-m/fpv4-sp/hard\libgcc.a(_arm_cmpdf2.o)
 .data          0x20000004        0x0 c:/ti/ccsv8/tools/compiler/gcc-arm-none-eabi-7-2017-q4-major-win32/bin/../lib/gcc/arm-none-eabi/7.2.1/thumb/v7e-m/fpv4-sp/hard\libgcc.a(_arm_fixunsdfsi.o)
 .data          0x20000004        0x0 c:/ti/ccsv8/tools/compiler/gcc-arm-none-eabi-7-2017-q4-major-win32/bin/../lib/gcc/arm-none-eabi/7.2.1/thumb/v7e-m/fpv4-sp/hard\libgcc.a(_arm_truncdfsf2.o)
 .data          0x20000004        0x0 c:/ti/ccsv8/tools/compiler/gcc-arm-none-eabi-7-2017-q4-major-win32/bin/../lib/gcc/arm-none-eabi/7.2.1/../../../../arm-none-eabi/lib/thumb/v7e-m/fpv4-sp/hard\libg.a(lib_a-exit.o)
 .data          0x20000004        0x0 c:/ti/ccsv8/tools/compiler/gcc-arm-none-eabi-7-2017-q4-major-win32/bin/../lib/gcc/arm-none-eabi/7.2.1/../../../../arm-none-eabi/lib/thumb/v7e-m/fpv4-sp/hard\libg.a(lib_a-impure.o)
 .data          0x20000004        0x0 c:/ti/ccsv8/tools/compiler/gcc-arm-none-eabi-7-2017-q4-major-win32/bin/../lib/gcc/arm-none-eabi/7.2.1/../../../../arm-none-eabi/lib/thumb/v7e-m/fpv4-sp/hard\libg.a(lib_a-init.o)
 .data          0x20000004        0x0 c:/ti/ccsv8/tools/compiler/gcc-arm-none-eabi-7-2017-q4-major-win32/bin/../lib/gcc/arm-none-eabi/7.2.1/../../../../arm-none-eabi/lib/thumb/v7e-m/fpv4-sp/hard\libg.a(lib_a-memcpy.o)
 .data          0x20000004        0x0 c:/ti/ccsv8/tools/compiler/gcc-arm-none-eabi-7-2017-q4-major-win32/bin/../lib/gcc/arm-none-eabi/7.2.1/../../../../arm-none-eabi/lib/thumb/v7e-m/fpv4-sp/hard\libg.a(lib_a-memset.o)
 .data          0x20000004        0x0 c:/ti/ccsv8/tools/compiler/gcc-arm-none-eabi-7-2017-q4-major-win32/bin/../lib/gcc/arm-none-eabi/7.2.1/../../../../arm-none-eabi/lib/thumb/v7e-m/fpv4-sp/hard\libg.a(lib_a-strlen.o)
 .data          0x20000004        0x0 c:/ti/ccsv8/tools/compiler/gcc-arm-none-eabi-7-2017-q4-major-win32/bin/../lib/gcc/arm-none-eabi/7.2.1/../../../../arm-none-eabi/lib/thumb/v7e-m/fpv4-sp/hard\libg.a(lib_a-__call_atexit.o)
 .data          0x20000004        0x0 c:/ti/ccsv8/tools/compiler/gcc-arm-none-eabi-7-2017-q4-major-win32/bin/../lib/gcc/arm-none-eabi/7.2.1/../../../../arm-none-eabi/lib/thumb/v7e-m/fpv4-sp/hard\libg.a(lib_a-atexit.o)
 .data          0x20000004        0x0 c:/ti/ccsv8/tools/compiler/gcc-arm-none-eabi-7-2017-q4-major-win32/bin/../lib/gcc/arm-none-eabi/7.2.1/../../../../arm-none-eabi/lib/thumb/v7e-m/fpv4-sp/hard\libg.a(lib_a-fini.o)
 .data          0x20000004        0x0 c:/ti/ccsv8/tools/compiler/gcc-arm-none-eabi-7-2017-q4-major-win32/bin/../lib/gcc/arm-none-eabi/7.2.1/../../../../arm-none-eabi/lib/thumb/v7e-m/fpv4-sp/hard\libg.a(lib_a-lock.o)
 .data          0x20000004        0x0 c:/ti/ccsv8/tools/compiler/gcc-arm-none-eabi-7-2017-q4-major-win32/bin/../lib/gcc/arm-none-eabi/7.2.1/../../../../arm-none-eabi/lib/thumb/v7e-m/fpv4-sp/hard\libg.a(lib_a-__atexit.o)
 .data          0x20000004        0x0 c:/ti/ccsv8/tools/compiler/gcc-arm-none-eabi-7-2017-q4-major-win32/bin/../lib/gcc/arm-none-eabi/7.2.1/../../../../arm-none-eabi/lib/thumb/v7e-m/fpv4-sp/hard\libnosys.a(_exit.o)
 .data          0x20000004        0x0 c:/ti/ccsv8/tools/compiler/gcc-arm-none-eabi-7-2017-q4-major-win32/bin/../lib/gcc/arm-none-eabi/7.2.1/thumb/v7e-m/fpv4-sp/hard/crtend.o
 .data          0x20000004        0x0 c:/ti/ccsv8/tools/compiler/gcc-arm-none-eabi-7-2017-q4-major-win32/bin/../lib/gcc/arm-none-eabi/7.2.1/thumb/v7e-m/fpv4-sp/hard/crtn.o
 *(.data*)
 .data.xFreeBytesRemaining
                0x20000004        0x4 ./heap_2.o
 .data.xhigh_divisor
                0x20000008        0x4 ./joystick.o
                0x20000008                xhigh_divisor
 .data.yhigh_divisor
                0x2000000c        0x4 ./joystick.o
                0x2000000c                yhigh_divisor
 .data.uxCriticalNesting
                0x20000010        0x4 ./port.o
 .data.pwm_pan  0x20000014        0x1 ./task_manager.o
                0x20000014                pwm_pan
 .data.pwm_tilt
                0x20000015        0x1 ./task_manager.o
                0x20000015                pwm_tilt
 *fill*         0x20000016        0x2 
 .data._impure_ptr
                0x20000018        0x4 c:/ti/ccsv8/tools/compiler/gcc-arm-none-eabi-7-2017-q4-major-win32/bin/../lib/gcc/arm-none-eabi/7.2.1/../../../../arm-none-eabi/lib/thumb/v7e-m/fpv4-sp/hard\libg.a(lib_a-impure.o)
                0x20000018                _impure_ptr
 *fill*         0x2000001c        0x4 
 .data.impure_data
                0x20000020      0x428 c:/ti/ccsv8/tools/compiler/gcc-arm-none-eabi-7-2017-q4-major-win32/bin/../lib/gcc/arm-none-eabi/7.2.1/../../../../arm-none-eabi/lib/thumb/v7e-m/fpv4-sp/hard\libg.a(lib_a-impure.o)
 .data.__atexit_recursive_mutex
                0x20000448        0x4 c:/ti/ccsv8/tools/compiler/gcc-arm-none-eabi-7-2017-q4-major-win32/bin/../lib/gcc/arm-none-eabi/7.2.1/../../../../arm-none-eabi/lib/thumb/v7e-m/fpv4-sp/hard\libg.a(lib_a-__call_atexit.o)
                0x20000448                __atexit_recursive_mutex
                0x2000044c                . = ALIGN (0x4)
                0x2000044c                __data_end__ = .

.igot.plt       0x2000044c        0x0 load address 0x00004ef4
 .igot.plt      0x2000044c        0x0 c:/ti/ccsv8/tools/compiler/gcc-arm-none-eabi-7-2017-q4-major-win32/bin/../lib/gcc/arm-none-eabi/7.2.1/thumb/v7e-m/fpv4-sp/hard/crtbegin.o

.ARM.exidx      0x00004ef4        0x8
                0x00004ef4                __exidx_start = .
 *(.ARM.exidx* .gnu.linkonce.armexidx.*)
 .ARM.exidx     0x00004ef4        0x8 c:/ti/ccsv8/tools/compiler/gcc-arm-none-eabi-7-2017-q4-major-win32/bin/../lib/gcc/arm-none-eabi/7.2.1/../../../../arm-none-eabi/lib/thumb/v7e-m/fpv4-sp/hard/crt0.o
                0x00004efc                __exidx_end = .

.ARM.extab      0x00004efc        0x0
 *(.ARM.extab* .gnu.linkonce.armextab.*)
 .ARM.extab     0x00004efc        0x0 c:/ti/ccsv8/tools/compiler/gcc-arm-none-eabi-7-2017-q4-major-win32/bin/../lib/gcc/arm-none-eabi/7.2.1/../../../../arm-none-eabi/lib/thumb/v7e-m/fpv4-sp/hard/crt0.o

.rel.dyn        0x00004efc        0x0
 .rel.iplt      0x00004efc        0x0 c:/ti/ccsv8/tools/compiler/gcc-arm-none-eabi-7-2017-q4-major-win32/bin/../lib/gcc/arm-none-eabi/7.2.1/thumb/v7e-m/fpv4-sp/hard/crtbegin.o

.bss            0x2000044c     0x1f48
                0x2000044c                __bss_start__ = .
 *(.shbss)
 *(.bss)
 .bss           0x2000044c        0x0 c:/ti/ccsv8/tools/compiler/gcc-arm-none-eabi-7-2017-q4-major-win32/bin/../lib/gcc/arm-none-eabi/7.2.1/thumb/v7e-m/fpv4-sp/hard/crti.o
 .bss           0x2000044c       0x1c c:/ti/ccsv8/tools/compiler/gcc-arm-none-eabi-7-2017-q4-major-win32/bin/../lib/gcc/arm-none-eabi/7.2.1/thumb/v7e-m/fpv4-sp/hard/crtbegin.o
 .bss           0x20000468        0x0 c:/ti/ccsv8/tools/compiler/gcc-arm-none-eabi-7-2017-q4-major-win32/bin/../lib/gcc/arm-none-eabi/7.2.1/../../../../arm-none-eabi/lib/thumb/v7e-m/fpv4-sp/hard/crt0.o
 .bss           0x20000468        0x0 ./controller.o
 .bss           0x20000468        0x0 ./conversion.o
 .bss           0x20000468        0x0 ./gpio.o
 .bss           0x20000468        0x0 ./heap_2.o
 .bss           0x20000468        0x0 ./joystick.o
 .bss           0x20000468        0x0 ./list.o
 .bss           0x20000468        0x0 ./main.o
 .bss           0x20000468        0x0 ./port.o
 .bss           0x20000468        0x0 ./queue.o
 .bss           0x20000468        0x0 ./spi.o
 .bss           0x20000468        0x0 ./startup_frt.o
 .bss           0x20000468        0x0 ./systick_frt.o
 .bss           0x20000468        0x0 ./task_manager.o
 .bss           0x20000468        0x0 ./tasks.o
 .bss           0x20000468        0x0 ./uart0.o
 .bss           0x20000468        0x0 ./frt10/src/croutine.o
 .bss           0x20000468        0x0 ./frt10/src/event_groups.o
 .bss           0x20000468        0x0 ./frt10/src/stream_buffer.o
 .bss           0x20000468        0x0 ./frt10/src/timers.o
 .bss           0x20000468        0x0 c:/ti/ccsv8/tools/compiler/gcc-arm-none-eabi-7-2017-q4-major-win32/bin/../lib/gcc/arm-none-eabi/7.2.1/thumb/v7e-m/fpv4-sp/hard\libgcc.a(_arm_addsubdf3.o)
 .bss           0x20000468        0x0 c:/ti/ccsv8/tools/compiler/gcc-arm-none-eabi-7-2017-q4-major-win32/bin/../lib/gcc/arm-none-eabi/7.2.1/thumb/v7e-m/fpv4-sp/hard\libgcc.a(_arm_muldivdf3.o)
 .bss           0x20000468        0x0 c:/ti/ccsv8/tools/compiler/gcc-arm-none-eabi-7-2017-q4-major-win32/bin/../lib/gcc/arm-none-eabi/7.2.1/thumb/v7e-m/fpv4-sp/hard\libgcc.a(_arm_cmpdf2.o)
 .bss           0x20000468        0x0 c:/ti/ccsv8/tools/compiler/gcc-arm-none-eabi-7-2017-q4-major-win32/bin/../lib/gcc/arm-none-eabi/7.2.1/thumb/v7e-m/fpv4-sp/hard\libgcc.a(_arm_fixunsdfsi.o)
 .bss           0x20000468        0x0 c:/ti/ccsv8/tools/compiler/gcc-arm-none-eabi-7-2017-q4-major-win32/bin/../lib/gcc/arm-none-eabi/7.2.1/thumb/v7e-m/fpv4-sp/hard\libgcc.a(_arm_truncdfsf2.o)
 .bss           0x20000468        0x0 c:/ti/ccsv8/tools/compiler/gcc-arm-none-eabi-7-2017-q4-major-win32/bin/../lib/gcc/arm-none-eabi/7.2.1/../../../../arm-none-eabi/lib/thumb/v7e-m/fpv4-sp/hard\libg.a(lib_a-exit.o)
 .bss           0x20000468        0x0 c:/ti/ccsv8/tools/compiler/gcc-arm-none-eabi-7-2017-q4-major-win32/bin/../lib/gcc/arm-none-eabi/7.2.1/../../../../arm-none-eabi/lib/thumb/v7e-m/fpv4-sp/hard\libg.a(lib_a-impure.o)
 .bss           0x20000468        0x0 c:/ti/ccsv8/tools/compiler/gcc-arm-none-eabi-7-2017-q4-major-win32/bin/../lib/gcc/arm-none-eabi/7.2.1/../../../../arm-none-eabi/lib/thumb/v7e-m/fpv4-sp/hard\libg.a(lib_a-init.o)
 .bss           0x20000468        0x0 c:/ti/ccsv8/tools/compiler/gcc-arm-none-eabi-7-2017-q4-major-win32/bin/../lib/gcc/arm-none-eabi/7.2.1/../../../../arm-none-eabi/lib/thumb/v7e-m/fpv4-sp/hard\libg.a(lib_a-memcpy.o)
 .bss           0x20000468        0x0 c:/ti/ccsv8/tools/compiler/gcc-arm-none-eabi-7-2017-q4-major-win32/bin/../lib/gcc/arm-none-eabi/7.2.1/../../../../arm-none-eabi/lib/thumb/v7e-m/fpv4-sp/hard\libg.a(lib_a-memset.o)
 .bss           0x20000468        0x0 c:/ti/ccsv8/tools/compiler/gcc-arm-none-eabi-7-2017-q4-major-win32/bin/../lib/gcc/arm-none-eabi/7.2.1/../../../../arm-none-eabi/lib/thumb/v7e-m/fpv4-sp/hard\libg.a(lib_a-strlen.o)
 .bss           0x20000468        0x0 c:/ti/ccsv8/tools/compiler/gcc-arm-none-eabi-7-2017-q4-major-win32/bin/../lib/gcc/arm-none-eabi/7.2.1/../../../../arm-none-eabi/lib/thumb/v7e-m/fpv4-sp/hard\libg.a(lib_a-__call_atexit.o)
 .bss           0x20000468        0x0 c:/ti/ccsv8/tools/compiler/gcc-arm-none-eabi-7-2017-q4-major-win32/bin/../lib/gcc/arm-none-eabi/7.2.1/../../../../arm-none-eabi/lib/thumb/v7e-m/fpv4-sp/hard\libg.a(lib_a-atexit.o)
 .bss           0x20000468        0x0 c:/ti/ccsv8/tools/compiler/gcc-arm-none-eabi-7-2017-q4-major-win32/bin/../lib/gcc/arm-none-eabi/7.2.1/../../../../arm-none-eabi/lib/thumb/v7e-m/fpv4-sp/hard\libg.a(lib_a-fini.o)
 .bss           0x20000468        0x0 c:/ti/ccsv8/tools/compiler/gcc-arm-none-eabi-7-2017-q4-major-win32/bin/../lib/gcc/arm-none-eabi/7.2.1/../../../../arm-none-eabi/lib/thumb/v7e-m/fpv4-sp/hard\libg.a(lib_a-lock.o)
 .bss           0x20000468        0x0 c:/ti/ccsv8/tools/compiler/gcc-arm-none-eabi-7-2017-q4-major-win32/bin/../lib/gcc/arm-none-eabi/7.2.1/../../../../arm-none-eabi/lib/thumb/v7e-m/fpv4-sp/hard\libg.a(lib_a-__atexit.o)
 .bss           0x20000468        0x0 c:/ti/ccsv8/tools/compiler/gcc-arm-none-eabi-7-2017-q4-major-win32/bin/../lib/gcc/arm-none-eabi/7.2.1/../../../../arm-none-eabi/lib/thumb/v7e-m/fpv4-sp/hard\libnosys.a(_exit.o)
 .bss           0x20000468        0x0 c:/ti/ccsv8/tools/compiler/gcc-arm-none-eabi-7-2017-q4-major-win32/bin/../lib/gcc/arm-none-eabi/7.2.1/thumb/v7e-m/fpv4-sp/hard/crtend.o
 .bss           0x20000468        0x0 c:/ti/ccsv8/tools/compiler/gcc-arm-none-eabi-7-2017-q4-major-win32/bin/../lib/gcc/arm-none-eabi/7.2.1/thumb/v7e-m/fpv4-sp/hard/crtn.o
 *(.bss.*)
 .bss.ucHeap    0x20000468     0x1b58 ./heap_2.o
 .bss.xEnd      0x20001fc0        0x8 ./heap_2.o
 .bss.xHeapHasBeenInitialised.6401
                0x20001fc8        0x4 ./heap_2.o
 .bss.xStart    0x20001fcc        0x8 ./heap_2.o
 .bss.cal_rest_x
                0x20001fd4        0x4 ./joystick.o
                0x20001fd4                cal_rest_x
 .bss.cal_rest_y
                0x20001fd8        0x4 ./joystick.o
                0x20001fd8                cal_rest_y
 .bss.done_cal  0x20001fdc        0x4 ./joystick.o
                0x20001fdc                done_cal
 .bss.joy_sw    0x20001fe0        0x4 ./joystick.o
                0x20001fe0                joy_sw
 .bss.joystick_pan
                0x20001fe4        0x4 ./joystick.o
                0x20001fe4                joystick_pan
 .bss.joystick_state
                0x20001fe8        0x4 ./joystick.o
                0x20001fe8                joystick_state
 .bss.joystick_tilt
                0x20001fec        0x4 ./joystick.o
                0x20001fec                joystick_tilt
 .bss.tempx     0x20001ff0        0x4 ./joystick.o
                0x20001ff0                tempx
 .bss.tempy     0x20001ff4        0x4 ./joystick.o
                0x20001ff4                tempy
 .bss.pui32Stack
                0x20001ff8      0x200 ./startup_frt.o
 .bss.pxCurrentTCB
                0x200021f8        0x4 ./tasks.o
                0x200021f8                pxCurrentTCB
 .bss.pxDelayedTaskList
                0x200021fc        0x4 ./tasks.o
 .bss.pxOverflowDelayedTaskList
                0x20002200        0x4 ./tasks.o
 .bss.pxReadyTasksLists
                0x20002204       0xc8 ./tasks.o
 .bss.uxCurrentNumberOfTasks
                0x200022cc        0x4 ./tasks.o
 .bss.uxDeletedTasksWaitingCleanUp
                0x200022d0        0x4 ./tasks.o
 .bss.uxPendedTicks
                0x200022d4        0x4 ./tasks.o
 .bss.uxSchedulerSuspended
                0x200022d8        0x4 ./tasks.o
 .bss.uxTaskNumber
                0x200022dc        0x4 ./tasks.o
 .bss.uxTopReadyPriority
                0x200022e0        0x4 ./tasks.o
 .bss.xDelayedTaskList1
                0x200022e4       0x14 ./tasks.o
 .bss.xDelayedTaskList2
                0x200022f8       0x14 ./tasks.o
 .bss.xIdleTaskHandle
                0x2000230c        0x4 ./tasks.o
 .bss.xNextTaskUnblockTime
                0x20002310        0x4 ./tasks.o
 .bss.xNumOfOverflows
                0x20002314        0x4 ./tasks.o
 .bss.xPendingReadyList
                0x20002318       0x14 ./tasks.o
 .bss.xSchedulerRunning
                0x2000232c        0x4 ./tasks.o
 .bss.xSuspendedTaskList
                0x20002330       0x14 ./tasks.o
 .bss.xTasksWaitingTermination
                0x20002344       0x14 ./tasks.o
 .bss.xTickCount
                0x20002358        0x4 ./tasks.o
 .bss.xYieldPending
                0x2000235c        0x4 ./tasks.o
 .bss.ref_tilt  0x20002360        0x1 ./uart0.o
                0x20002360                ref_tilt
 *(COMMON)
 *fill*         0x20002361        0x3 
 COMMON         0x20002364        0xc ./task_manager.o
                0x20002364                placementTiltFrameQueue
                0x20002368                uart0Queue
                0x2000236c                placementPanFrameQueue
 COMMON         0x20002370       0x21 c:/ti/ccsv8/tools/compiler/gcc-arm-none-eabi-7-2017-q4-major-win32/bin/../lib/gcc/arm-none-eabi/7.2.1/../../../../arm-none-eabi/lib/thumb/v7e-m/fpv4-sp/hard\libg.a(lib_a-lock.o)
                0x20002370                __lock___atexit_recursive_mutex
                0x20002374                __lock___arc4random_mutex
                0x20002378                __lock___env_recursive_mutex
                0x2000237c                __lock___sinit_recursive_mutex
                0x20002380                __lock___malloc_recursive_mutex
                0x20002384                __lock___at_quick_exit_mutex
                0x20002388                __lock___dd_hash_mutex
                0x2000238c                __lock___tz_mutex
                0x20002390                __lock___sfp_recursive_mutex
                0x20002394                . = ALIGN (0x4)
 *fill*         0x20002391        0x3 
                0x20002394                __bss_end__ = .

.heap           0x20002394        0x0
                0x20002394                __heap_start__ = .
                0x20002394                end = __heap_start__
                0x20002394                _end = end
                0x20002394                __end = end
 *(.heap)
                0x20002394                __heap_end__ = .
                0x20002394                __HeapLimit = __heap_end__

.stack          0x20002398        0x0
                0x20002398                _stack = .
                0x20002398                __stack = .
 *(.stack)
START GROUP
LOAD c:/ti/ccsv8/tools/compiler/gcc-arm-none-eabi-7-2017-q4-major-win32/bin/../lib/gcc/arm-none-eabi/7.2.1/thumb/v7e-m/fpv4-sp/hard\libgcc.a
LOAD c:/ti/ccsv8/tools/compiler/gcc-arm-none-eabi-7-2017-q4-major-win32/bin/../lib/gcc/arm-none-eabi/7.2.1/../../../../arm-none-eabi/lib/thumb/v7e-m/fpv4-sp/hard\libg.a
LOAD c:/ti/ccsv8/tools/compiler/gcc-arm-none-eabi-7-2017-q4-major-win32/bin/../lib/gcc/arm-none-eabi/7.2.1/../../../../arm-none-eabi/lib/thumb/v7e-m/fpv4-sp/hard\libc.a
END GROUP
START GROUP
LOAD c:/ti/ccsv8/tools/compiler/gcc-arm-none-eabi-7-2017-q4-major-win32/bin/../lib/gcc/arm-none-eabi/7.2.1/thumb/v7e-m/fpv4-sp/hard\libgcc.a
LOAD c:/ti/ccsv8/tools/compiler/gcc-arm-none-eabi-7-2017-q4-major-win32/bin/../lib/gcc/arm-none-eabi/7.2.1/../../../../arm-none-eabi/lib/thumb/v7e-m/fpv4-sp/hard\libc.a
LOAD c:/ti/ccsv8/tools/compiler/gcc-arm-none-eabi-7-2017-q4-major-win32/bin/../lib/gcc/arm-none-eabi/7.2.1/../../../../arm-none-eabi/lib/thumb/v7e-m/fpv4-sp/hard\libnosys.a
END GROUP
LOAD c:/ti/ccsv8/tools/compiler/gcc-arm-none-eabi-7-2017-q4-major-win32/bin/../lib/gcc/arm-none-eabi/7.2.1/thumb/v7e-m/fpv4-sp/hard/crtend.o
LOAD c:/ti/ccsv8/tools/compiler/gcc-arm-none-eabi-7-2017-q4-major-win32/bin/../lib/gcc/arm-none-eabi/7.2.1/thumb/v7e-m/fpv4-sp/hard/crtn.o
OUTPUT(Tiva_program.out elf32-littlearm)

.ARM.attributes
                0x00000000       0x30
 .ARM.attributes
                0x00000000       0x22 c:/ti/ccsv8/tools/compiler/gcc-arm-none-eabi-7-2017-q4-major-win32/bin/../lib/gcc/arm-none-eabi/7.2.1/thumb/v7e-m/fpv4-sp/hard/crti.o
 .ARM.attributes
                0x00000022       0x34 c:/ti/ccsv8/tools/compiler/gcc-arm-none-eabi-7-2017-q4-major-win32/bin/../lib/gcc/arm-none-eabi/7.2.1/thumb/v7e-m/fpv4-sp/hard/crtbegin.o
 .ARM.attributes
                0x00000056       0x20 c:/ti/ccsv8/tools/compiler/gcc-arm-none-eabi-7-2017-q4-major-win32/bin/../lib/gcc/arm-none-eabi/7.2.1/../../../../arm-none-eabi/lib/thumb/v7e-m/fpv4-sp/hard/crt0.o
 .ARM.attributes
                0x00000076       0x39 ./controller.o
 .ARM.attributes
                0x000000af       0x39 ./conversion.o
 .ARM.attributes
                0x000000e8       0x39 ./gpio.o
 .ARM.attributes
                0x00000121       0x39 ./heap_2.o
 .ARM.attributes
                0x0000015a       0x39 ./joystick.o
 .ARM.attributes
                0x00000193       0x39 ./list.o
 .ARM.attributes
                0x000001cc       0x39 ./main.o
 .ARM.attributes
                0x00000205       0x39 ./port.o
 .ARM.attributes
                0x0000023e       0x39 ./queue.o
 .ARM.attributes
                0x00000277       0x39 ./spi.o
 .ARM.attributes
                0x000002b0       0x39 ./startup_frt.o
 .ARM.attributes
                0x000002e9       0x39 ./systick_frt.o
 .ARM.attributes
                0x00000322       0x39 ./task_manager.o
 .ARM.attributes
                0x0000035b       0x39 ./tasks.o
 .ARM.attributes
                0x00000394       0x39 ./uart0.o
 .ARM.attributes
                0x000003cd       0x39 ./frt10/src/croutine.o
 .ARM.attributes
                0x00000406       0x39 ./frt10/src/event_groups.o
 .ARM.attributes
                0x0000043f       0x39 ./frt10/src/stream_buffer.o
 .ARM.attributes
                0x00000478       0x39 ./frt10/src/timers.o
 .ARM.attributes
                0x000004b1       0x22 c:/ti/ccsv8/tools/compiler/gcc-arm-none-eabi-7-2017-q4-major-win32/bin/../lib/gcc/arm-none-eabi/7.2.1/thumb/v7e-m/fpv4-sp/hard\libgcc.a(_arm_addsubdf3.o)
 .ARM.attributes
                0x000004d3       0x22 c:/ti/ccsv8/tools/compiler/gcc-arm-none-eabi-7-2017-q4-major-win32/bin/../lib/gcc/arm-none-eabi/7.2.1/thumb/v7e-m/fpv4-sp/hard\libgcc.a(_arm_muldivdf3.o)
 .ARM.attributes
                0x000004f5       0x22 c:/ti/ccsv8/tools/compiler/gcc-arm-none-eabi-7-2017-q4-major-win32/bin/../lib/gcc/arm-none-eabi/7.2.1/thumb/v7e-m/fpv4-sp/hard\libgcc.a(_arm_cmpdf2.o)
 .ARM.attributes
                0x00000517       0x22 c:/ti/ccsv8/tools/compiler/gcc-arm-none-eabi-7-2017-q4-major-win32/bin/../lib/gcc/arm-none-eabi/7.2.1/thumb/v7e-m/fpv4-sp/hard\libgcc.a(_arm_fixunsdfsi.o)
 .ARM.attributes
                0x00000539       0x22 c:/ti/ccsv8/tools/compiler/gcc-arm-none-eabi-7-2017-q4-major-win32/bin/../lib/gcc/arm-none-eabi/7.2.1/thumb/v7e-m/fpv4-sp/hard\libgcc.a(_arm_truncdfsf2.o)
 .ARM.attributes
                0x0000055b       0x34 c:/ti/ccsv8/tools/compiler/gcc-arm-none-eabi-7-2017-q4-major-win32/bin/../lib/gcc/arm-none-eabi/7.2.1/../../../../arm-none-eabi/lib/thumb/v7e-m/fpv4-sp/hard\libg.a(lib_a-exit.o)
 .ARM.attributes
                0x0000058f       0x34 c:/ti/ccsv8/tools/compiler/gcc-arm-none-eabi-7-2017-q4-major-win32/bin/../lib/gcc/arm-none-eabi/7.2.1/../../../../arm-none-eabi/lib/thumb/v7e-m/fpv4-sp/hard\libg.a(lib_a-impure.o)
 .ARM.attributes
                0x000005c3       0x34 c:/ti/ccsv8/tools/compiler/gcc-arm-none-eabi-7-2017-q4-major-win32/bin/../lib/gcc/arm-none-eabi/7.2.1/../../../../arm-none-eabi/lib/thumb/v7e-m/fpv4-sp/hard\libg.a(lib_a-init.o)
 .ARM.attributes
                0x000005f7       0x20 c:/ti/ccsv8/tools/compiler/gcc-arm-none-eabi-7-2017-q4-major-win32/bin/../lib/gcc/arm-none-eabi/7.2.1/../../../../arm-none-eabi/lib/thumb/v7e-m/fpv4-sp/hard\libg.a(lib_a-memcpy.o)
 .ARM.attributes
                0x00000617       0x34 c:/ti/ccsv8/tools/compiler/gcc-arm-none-eabi-7-2017-q4-major-win32/bin/../lib/gcc/arm-none-eabi/7.2.1/../../../../arm-none-eabi/lib/thumb/v7e-m/fpv4-sp/hard\libg.a(lib_a-memset.o)
 .ARM.attributes
                0x0000064b       0x20 c:/ti/ccsv8/tools/compiler/gcc-arm-none-eabi-7-2017-q4-major-win32/bin/../lib/gcc/arm-none-eabi/7.2.1/../../../../arm-none-eabi/lib/thumb/v7e-m/fpv4-sp/hard\libg.a(lib_a-strlen.o)
 .ARM.attributes
                0x0000066b       0x34 c:/ti/ccsv8/tools/compiler/gcc-arm-none-eabi-7-2017-q4-major-win32/bin/../lib/gcc/arm-none-eabi/7.2.1/../../../../arm-none-eabi/lib/thumb/v7e-m/fpv4-sp/hard\libg.a(lib_a-__call_atexit.o)
 .ARM.attributes
                0x0000069f       0x34 c:/ti/ccsv8/tools/compiler/gcc-arm-none-eabi-7-2017-q4-major-win32/bin/../lib/gcc/arm-none-eabi/7.2.1/../../../../arm-none-eabi/lib/thumb/v7e-m/fpv4-sp/hard\libg.a(lib_a-atexit.o)
 .ARM.attributes
                0x000006d3       0x34 c:/ti/ccsv8/tools/compiler/gcc-arm-none-eabi-7-2017-q4-major-win32/bin/../lib/gcc/arm-none-eabi/7.2.1/../../../../arm-none-eabi/lib/thumb/v7e-m/fpv4-sp/hard\libg.a(lib_a-fini.o)
 .ARM.attributes
                0x00000707       0x34 c:/ti/ccsv8/tools/compiler/gcc-arm-none-eabi-7-2017-q4-major-win32/bin/../lib/gcc/arm-none-eabi/7.2.1/../../../../arm-none-eabi/lib/thumb/v7e-m/fpv4-sp/hard\libg.a(lib_a-lock.o)
 .ARM.attributes
                0x0000073b       0x34 c:/ti/ccsv8/tools/compiler/gcc-arm-none-eabi-7-2017-q4-major-win32/bin/../lib/gcc/arm-none-eabi/7.2.1/../../../../arm-none-eabi/lib/thumb/v7e-m/fpv4-sp/hard\libg.a(lib_a-__atexit.o)
 .ARM.attributes
                0x0000076f       0x34 c:/ti/ccsv8/tools/compiler/gcc-arm-none-eabi-7-2017-q4-major-win32/bin/../lib/gcc/arm-none-eabi/7.2.1/../../../../arm-none-eabi/lib/thumb/v7e-m/fpv4-sp/hard\libnosys.a(_exit.o)
 .ARM.attributes
                0x000007a3       0x34 c:/ti/ccsv8/tools/compiler/gcc-arm-none-eabi-7-2017-q4-major-win32/bin/../lib/gcc/arm-none-eabi/7.2.1/thumb/v7e-m/fpv4-sp/hard/crtend.o
 .ARM.attributes
                0x000007d7       0x22 c:/ti/ccsv8/tools/compiler/gcc-arm-none-eabi-7-2017-q4-major-win32/bin/../lib/gcc/arm-none-eabi/7.2.1/thumb/v7e-m/fpv4-sp/hard/crtn.o

.comment        0x00000000       0x7e
 .comment       0x00000000       0x7e ./controller.o
                                 0x7f (size before relaxing)
 .comment       0x0000007e       0x7f ./conversion.o
 .comment       0x0000007e       0x7f ./gpio.o
 .comment       0x0000007e       0x7f ./heap_2.o
 .comment       0x0000007e       0x7f ./joystick.o
 .comment       0x0000007e       0x7f ./list.o
 .comment       0x0000007e       0x7f ./main.o
 .comment       0x0000007e       0x7f ./port.o
 .comment       0x0000007e       0x7f ./queue.o
 .comment       0x0000007e       0x7f ./spi.o
 .comment       0x0000007e       0x7f ./startup_frt.o
 .comment       0x0000007e       0x7f ./systick_frt.o
 .comment       0x0000007e       0x7f ./task_manager.o
 .comment       0x0000007e       0x7f ./tasks.o
 .comment       0x0000007e       0x7f ./uart0.o
 .comment       0x0000007e       0x7f ./frt10/src/croutine.o
 .comment       0x0000007e       0x7f ./frt10/src/event_groups.o
 .comment       0x0000007e       0x7f ./frt10/src/stream_buffer.o
 .comment       0x0000007e       0x7f ./frt10/src/timers.o

.debug_info     0x00000000     0xa936
 .debug_info    0x00000000      0x50d ./controller.o
 .debug_info    0x0000050d      0xa93 ./conversion.o
 .debug_info    0x00000fa0       0xaf ./gpio.o
 .debug_info    0x0000104f      0xb12 ./heap_2.o
 .debug_info    0x00001b61      0x219 ./joystick.o
 .debug_info    0x00001d7a      0xae2 ./list.o
 .debug_info    0x0000285c      0x8d7 ./main.o
 .debug_info    0x00003133      0x2f8 ./port.o
 .debug_info    0x0000342b     0x17a6 ./queue.o
 .debug_info    0x00004bd1      0x340 ./spi.o
 .debug_info    0x00004f11      0x190 ./startup_frt.o
 .debug_info    0x000050a1       0xc6 ./systick_frt.o
 .debug_info    0x00005167      0x9af ./task_manager.o
 .debug_info    0x00005b16     0x1dcd ./tasks.o
 .debug_info    0x000078e3      0x375 ./uart0.o
 .debug_info    0x00007c58       0x72 ./frt10/src/croutine.o
 .debug_info    0x00007cca      0xef2 ./frt10/src/event_groups.o
 .debug_info    0x00008bbc     0x14d3 ./frt10/src/stream_buffer.o
 .debug_info    0x0000a08f      0x8a7 ./frt10/src/timers.o

.debug_abbrev   0x00000000     0x1f8d
 .debug_abbrev  0x00000000      0x12e ./controller.o
 .debug_abbrev  0x0000012e      0x1ed ./conversion.o
 .debug_abbrev  0x0000031b       0x59 ./gpio.o
 .debug_abbrev  0x00000374      0x26a ./heap_2.o
 .debug_abbrev  0x000005de       0xbc ./joystick.o
 .debug_abbrev  0x0000069a      0x217 ./list.o
 .debug_abbrev  0x000008b1      0x1ab ./main.o
 .debug_abbrev  0x00000a5c      0x1a4 ./port.o
 .debug_abbrev  0x00000c00      0x2f8 ./queue.o
 .debug_abbrev  0x00000ef8      0x14c ./spi.o
 .debug_abbrev  0x00001044       0xca ./startup_frt.o
 .debug_abbrev  0x0000110e       0x4a ./systick_frt.o
 .debug_abbrev  0x00001158      0x1d1 ./task_manager.o
 .debug_abbrev  0x00001329      0x34f ./tasks.o
 .debug_abbrev  0x00001678      0x182 ./uart0.o
 .debug_abbrev  0x000017fa       0x26 ./frt10/src/croutine.o
 .debug_abbrev  0x00001820      0x2e6 ./frt10/src/event_groups.o
 .debug_abbrev  0x00001b06      0x2fc ./frt10/src/stream_buffer.o
 .debug_abbrev  0x00001e02      0x18b ./frt10/src/timers.o

.debug_loc      0x00000000     0x3a7e
 .debug_loc     0x00000000      0x3bc ./controller.o
 .debug_loc     0x000003bc      0x2dd ./conversion.o
 .debug_loc     0x00000699      0x169 ./heap_2.o
 .debug_loc     0x00000802       0x13 ./joystick.o
 .debug_loc     0x00000815       0x62 ./list.o
 .debug_loc     0x00000877       0x31 ./port.o
 .debug_loc     0x000008a8      0xc7b ./queue.o
 .debug_loc     0x00001523      0x123 ./spi.o
 .debug_loc     0x00001646       0x26 ./startup_frt.o
 .debug_loc     0x0000166c      0xfd2 ./tasks.o
 .debug_loc     0x0000263e      0x14f ./uart0.o
 .debug_loc     0x0000278d      0x4b8 ./frt10/src/event_groups.o
 .debug_loc     0x00002c45      0xe39 ./frt10/src/stream_buffer.o

.debug_aranges  0x00000000      0x728
 .debug_aranges
                0x00000000       0x28 ./controller.o
 .debug_aranges
                0x00000028       0x38 ./conversion.o
 .debug_aranges
                0x00000060       0x20 ./gpio.o
 .debug_aranges
                0x00000080       0x40 ./heap_2.o
 .debug_aranges
                0x000000c0       0x38 ./joystick.o
 .debug_aranges
                0x000000f8       0x40 ./list.o
 .debug_aranges
                0x00000138       0x20 ./main.o
 .debug_aranges
                0x00000158       0x78 ./port.o
 .debug_aranges
                0x000001d0       0xf0 ./queue.o
 .debug_aranges
                0x000002c0       0x60 ./spi.o
 .debug_aranges
                0x00000320       0x38 ./startup_frt.o
 .debug_aranges
                0x00000358       0x30 ./systick_frt.o
 .debug_aranges
                0x00000388       0x28 ./task_manager.o
 .debug_aranges
                0x000003b0      0x1a0 ./tasks.o
 .debug_aranges
                0x00000550       0x80 ./uart0.o
 .debug_aranges
                0x000005d0       0x18 ./frt10/src/croutine.o
 .debug_aranges
                0x000005e8       0x68 ./frt10/src/event_groups.o
 .debug_aranges
                0x00000650       0xc0 ./frt10/src/stream_buffer.o
 .debug_aranges
                0x00000710       0x18 ./frt10/src/timers.o

.debug_ranges   0x00000000      0x790
 .debug_ranges  0x00000000       0x18 ./controller.o
 .debug_ranges  0x00000018       0x40 ./conversion.o
 .debug_ranges  0x00000058       0x10 ./gpio.o
 .debug_ranges  0x00000068       0x30 ./heap_2.o
 .debug_ranges  0x00000098       0x28 ./joystick.o
 .debug_ranges  0x000000c0       0x30 ./list.o
 .debug_ranges  0x000000f0       0x10 ./main.o
 .debug_ranges  0x00000100       0x68 ./port.o
 .debug_ranges  0x00000168      0x188 ./queue.o
 .debug_ranges  0x000002f0       0x50 ./spi.o
 .debug_ranges  0x00000340       0x28 ./startup_frt.o
 .debug_ranges  0x00000368       0x20 ./systick_frt.o
 .debug_ranges  0x00000388       0x18 ./task_manager.o
 .debug_ranges  0x000003a0      0x258 ./tasks.o
 .debug_ranges  0x000005f8       0x70 ./uart0.o
 .debug_ranges  0x00000668       0x78 ./frt10/src/event_groups.o
 .debug_ranges  0x000006e0       0xb0 ./frt10/src/stream_buffer.o

.debug_line     0x00000000     0x3b00
 .debug_line    0x00000000      0x2c4 ./controller.o
 .debug_line    0x000002c4      0x261 ./conversion.o
 .debug_line    0x00000525      0x126 ./gpio.o
 .debug_line    0x0000064b      0x2f5 ./heap_2.o
 .debug_line    0x00000940      0x1d1 ./joystick.o
 .debug_line    0x00000b11      0x33b ./list.o
 .debug_line    0x00000e4c      0x130 ./main.o
 .debug_line    0x00000f7c      0x2f2 ./port.o
 .debug_line    0x0000126e      0x74f ./queue.o
 .debug_line    0x000019bd      0x2e8 ./spi.o
 .debug_line    0x00001ca5      0x15c ./startup_frt.o
 .debug_line    0x00001e01      0x14b ./systick_frt.o
 .debug_line    0x00001f4c      0x2df ./task_manager.o
 .debug_line    0x0000222b      0xa4b ./tasks.o
 .debug_line    0x00002c76      0x33e ./uart0.o
 .debug_line    0x00002fb4       0x1d ./frt10/src/croutine.o
 .debug_line    0x00002fd1      0x453 ./frt10/src/event_groups.o
 .debug_line    0x00003424      0x569 ./frt10/src/stream_buffer.o
 .debug_line    0x0000398d      0x173 ./frt10/src/timers.o

.debug_str      0x00000000     0x2561
 .debug_str     0x00000000      0x2e0 ./controller.o
                                0x345 (size before relaxing)
 .debug_str     0x000002e0      0x4a2 ./conversion.o
                                0x6a6 (size before relaxing)
 .debug_str     0x00000782       0x1a ./gpio.o
                                0x1dd (size before relaxing)
 .debug_str     0x0000079c      0x171 ./heap_2.o
                                0x730 (size before relaxing)
 .debug_str     0x0000090d       0xdc ./joystick.o
                                0x2bf (size before relaxing)
 .debug_str     0x000009e9      0x11f ./list.o
                                0x6f6 (size before relaxing)
 .debug_str     0x00000b08        0xf ./main.o
                                0x5b4 (size before relaxing)
 .debug_str     0x00000b17      0x185 ./port.o
                                0x36e (size before relaxing)
 .debug_str     0x00000c9c      0x515 ./queue.o
                                0xc25 (size before relaxing)
 .debug_str     0x000011b1      0x119 ./spi.o
                                0x37f (size before relaxing)
 .debug_str     0x000012ca       0xaa ./startup_frt.o
                                0x260 (size before relaxing)
 .debug_str     0x00001374       0x43 ./systick_frt.o
                                0x206 (size before relaxing)
 .debug_str     0x000013b7       0x3b ./task_manager.o
                                0x68a (size before relaxing)
 .debug_str     0x000013f2      0x9d4 ./tasks.o
                               0x11c8 (size before relaxing)
 .debug_str     0x00001dc6       0xf0 ./uart0.o
                                0x36f (size before relaxing)
 .debug_str     0x00001eb6       0x18 ./frt10/src/croutine.o
                                0x1cb (size before relaxing)
 .debug_str     0x00001ece      0x25f ./frt10/src/event_groups.o
                                0x96c (size before relaxing)
 .debug_str     0x0000212d      0x41e ./frt10/src/stream_buffer.o
                                0xb5c (size before relaxing)
 .debug_str     0x0000254b       0x16 ./frt10/src/timers.o
                                0x5af (size before relaxing)

.debug_frame    0x00000000     0x1628
 .debug_frame   0x00000000       0x60 ./controller.o
 .debug_frame   0x00000060       0xa0 ./conversion.o
 .debug_frame   0x00000100       0x2c ./gpio.o
 .debug_frame   0x0000012c       0x80 ./heap_2.o
 .debug_frame   0x000001ac       0x58 ./joystick.o
 .debug_frame   0x00000204       0x6c ./list.o
 .debug_frame   0x00000270       0x28 ./main.o
 .debug_frame   0x00000298       0xe8 ./port.o
 .debug_frame   0x00000380      0x2f8 ./queue.o
 .debug_frame   0x00000678       0xc4 ./spi.o
 .debug_frame   0x0000073c       0x58 ./startup_frt.o
 .debug_frame   0x00000794       0x40 ./systick_frt.o
 .debug_frame   0x000007d4       0x40 ./task_manager.o
 .debug_frame   0x00000814      0x50c ./tasks.o
 .debug_frame   0x00000d20      0x110 ./uart0.o
 .debug_frame   0x00000e30      0x110 ./frt10/src/event_groups.o
 .debug_frame   0x00000f40      0x2a0 ./frt10/src/stream_buffer.o
 .debug_frame   0x000011e0       0xac c:/ti/ccsv8/tools/compiler/gcc-arm-none-eabi-7-2017-q4-major-win32/bin/../lib/gcc/arm-none-eabi/7.2.1/thumb/v7e-m/fpv4-sp/hard\libgcc.a(_arm_addsubdf3.o)
 .debug_frame   0x0000128c       0x50 c:/ti/ccsv8/tools/compiler/gcc-arm-none-eabi-7-2017-q4-major-win32/bin/../lib/gcc/arm-none-eabi/7.2.1/thumb/v7e-m/fpv4-sp/hard\libgcc.a(_arm_muldivdf3.o)
 .debug_frame   0x000012dc       0xc4 c:/ti/ccsv8/tools/compiler/gcc-arm-none-eabi-7-2017-q4-major-win32/bin/../lib/gcc/arm-none-eabi/7.2.1/thumb/v7e-m/fpv4-sp/hard\libgcc.a(_arm_cmpdf2.o)
 .debug_frame   0x000013a0       0x24 c:/ti/ccsv8/tools/compiler/gcc-arm-none-eabi-7-2017-q4-major-win32/bin/../lib/gcc/arm-none-eabi/7.2.1/thumb/v7e-m/fpv4-sp/hard\libgcc.a(_arm_fixunsdfsi.o)
 .debug_frame   0x000013c4       0x24 c:/ti/ccsv8/tools/compiler/gcc-arm-none-eabi-7-2017-q4-major-win32/bin/../lib/gcc/arm-none-eabi/7.2.1/thumb/v7e-m/fpv4-sp/hard\libgcc.a(_arm_truncdfsf2.o)
 .debug_frame   0x000013e8       0x28 c:/ti/ccsv8/tools/compiler/gcc-arm-none-eabi-7-2017-q4-major-win32/bin/../lib/gcc/arm-none-eabi/7.2.1/../../../../arm-none-eabi/lib/thumb/v7e-m/fpv4-sp/hard\libg.a(lib_a-exit.o)
 .debug_frame   0x00001410       0x2c c:/ti/ccsv8/tools/compiler/gcc-arm-none-eabi-7-2017-q4-major-win32/bin/../lib/gcc/arm-none-eabi/7.2.1/../../../../arm-none-eabi/lib/thumb/v7e-m/fpv4-sp/hard\libg.a(lib_a-init.o)
 .debug_frame   0x0000143c       0x38 c:/ti/ccsv8/tools/compiler/gcc-arm-none-eabi-7-2017-q4-major-win32/bin/../lib/gcc/arm-none-eabi/7.2.1/../../../../arm-none-eabi/lib/thumb/v7e-m/fpv4-sp/hard\libg.a(lib_a-memset.o)
 .debug_frame   0x00001474       0x5c c:/ti/ccsv8/tools/compiler/gcc-arm-none-eabi-7-2017-q4-major-win32/bin/../lib/gcc/arm-none-eabi/7.2.1/../../../../arm-none-eabi/lib/thumb/v7e-m/fpv4-sp/hard\libg.a(lib_a-__call_atexit.o)
 .debug_frame   0x000014d0       0x20 c:/ti/ccsv8/tools/compiler/gcc-arm-none-eabi-7-2017-q4-major-win32/bin/../lib/gcc/arm-none-eabi/7.2.1/../../../../arm-none-eabi/lib/thumb/v7e-m/fpv4-sp/hard\libg.a(lib_a-atexit.o)
 .debug_frame   0x000014f0       0x34 c:/ti/ccsv8/tools/compiler/gcc-arm-none-eabi-7-2017-q4-major-win32/bin/../lib/gcc/arm-none-eabi/7.2.1/../../../../arm-none-eabi/lib/thumb/v7e-m/fpv4-sp/hard\libg.a(lib_a-fini.o)
 .debug_frame   0x00001524       0xb0 c:/ti/ccsv8/tools/compiler/gcc-arm-none-eabi-7-2017-q4-major-win32/bin/../lib/gcc/arm-none-eabi/7.2.1/../../../../arm-none-eabi/lib/thumb/v7e-m/fpv4-sp/hard\libg.a(lib_a-lock.o)
 .debug_frame   0x000015d4       0x34 c:/ti/ccsv8/tools/compiler/gcc-arm-none-eabi-7-2017-q4-major-win32/bin/../lib/gcc/arm-none-eabi/7.2.1/../../../../arm-none-eabi/lib/thumb/v7e-m/fpv4-sp/hard\libg.a(lib_a-__atexit.o)
 .debug_frame   0x00001608       0x20 c:/ti/ccsv8/tools/compiler/gcc-arm-none-eabi-7-2017-q4-major-win32/bin/../lib/gcc/arm-none-eabi/7.2.1/../../../../arm-none-eabi/lib/thumb/v7e-m/fpv4-sp/hard\libnosys.a(_exit.o)
